#options: 1080x1920 fps=30/1 timebase=1/30 bitdepth=8 cabac=1 ref=1 deblock=1:0:0 analyse=0x1:0 me=dia subme=2 psy=1 psy_rd=1.00:0.00 mixed_ref=0 me_range=16 chroma_me=1 trellis=0 8x8dct=0 cqm=0 deadzone=21,11 fast_pskip=1 chroma_qp_offset=0 threads=6 lookahead_threads=2 sliced_threads=0 nr=0 decimate=1 interlaced=0 bluray_compat=0 constrained_intra=0 bframes=3 b_pyramid=2 b_adapt=1 b_bias=0 direct=1 weightb=1 open_gop=0 weightp=2 keyint=30 keyint_min=16 scenecut=0 intra_refresh=0 rc_lookahead=40 rc=abr mbtree=1 bitrate=14000 ratetol=1.0 qcomp=0.60 qpmin=0 qpmax=69 qpstep=4 vbv_maxrate=20000 vbv_bufsize=28000 nal_hrd=none filler=0 ip_ratio=1.40 aq=1:1.00
in:0 out:0 type:I dur:2 cpbdur:2 q:16.67 aq:1.35 tex:316629 mv:23992 misc:195 imb:8160 pmb:0 smb:0 d:- ref:;
in:1 out:1 type:P dur:2 cpbdur:2 q:16.89 aq:5.62 tex:46514 mv:1681 misc:2029 imb:237 pmb:265 smb:7658 d:- ref:0 ;
in:3 out:2 type:P dur:2 cpbdur:2 q:16.81 aq:5.48 tex:93540 mv:3479 misc:1661 imb:555 pmb:295 smb:7310 d:- ref:0 ;
in:2 out:3 type:b dur:2 cpbdur:2 q:16.89 aq:15.42 tex:19018 mv:2200 misc:942 imb:87 pmb:189 smb:7884 d:- ref:0 ;
in:4 out:4 type:P dur:2 cpbdur:2 q:16.82 aq:4.97 tex:92463 mv:3466 misc:1783 imb:576 pmb:391 smb:7193 d:- ref:0 ;
in:5 out:5 type:P dur:2 cpbdur:2 q:16.64 aq:5.13 tex:101661 mv:4014 misc:1797 imb:639 pmb:395 smb:7126 d:- ref:0 ;
in:9 out:6 type:P dur:2 cpbdur:2 q:15.08 aq:3.91 tex:109073 mv:4327 misc:2096 imb:748 pmb:548 smb:6864 d:- ref:0 w:4,17,-2 ;
in:7 out:7 type:B dur:2 cpbdur:2 q:16.64 aq:8.83 tex:14069 mv:2674 misc:1289 imb:109 pmb:276 smb:7775 d:- ref:0 ;
in:6 out:8 type:b dur:2 cpbdur:2 q:16.64 aq:15.07 tex:6068 mv:1512 misc:1068 imb:103 pmb:154 smb:7903 d:- ref:0 ;
in:8 out:9 type:b dur:2 cpbdur:2 q:16.63 aq:12.40 tex:5819 mv:1347 misc:858 imb:95 pmb:98 smb:7967 d:- ref:0 ;
in:13 out:10 type:P dur:2 cpbdur:2 q:7.44 aq:0.87 tex:220574 mv:4745 misc:2193 imb:899 pmb:555 smb:6706 d:- ref:0 ;
in:11 out:11 type:B dur:2 cpbdur:2 q:15.05 aq:9.93 tex:17565 mv:3061 misc:1246 imb:124 pmb:287 smb:7749 d:- ref:0 ;
in:10 out:12 type:b dur:2 cpbdur:2 q:15.06 aq:6.76 tex:13216 mv:2393 misc:1047 imb:156 pmb:162 smb:7842 d:- ref:0 ;
in:12 out:13 type:b dur:2 cpbdur:2 q:15.03 aq:11.01 tex:12706 mv:2298 misc:1012 imb:132 pmb:181 smb:7847 d:- ref:0 ;
in:17 out:14 type:P dur:2 cpbdur:2 q:4.05 aq:0.11 tex:247187 mv:4844 misc:2017 imb:844 pmb:503 smb:6813 d:- ref:0 ;
in:15 out:15 type:B dur:2 cpbdur:2 q:7.42 aq:3.44 tex:75417 mv:4986 misc:1677 imb:237 pmb:357 smb:7566 d:- ref:0 ;
in:14 out:16 type:b dur:2 cpbdur:2 q:7.43 aq:2.77 tex:58864 mv:3797 misc:1651 imb:186 pmb:388 smb:7586 d:- ref:0 ;
in:16 out:17 type:b dur:2 cpbdur:2 q:7.41 aq:2.99 tex:62004 mv:3752 misc:1580 imb:210 pmb:340 smb:7610 d:- ref:0 ;
in:21 out:18 type:P dur:2 cpbdur:2 q:1.68 aq:0.37 tex:154095 mv:3767 misc:1954 imb:465 pmb:437 smb:7258 d:- ref:0 ;
in:19 out:19 type:B dur:2 cpbdur:2 q:4.04 aq:0.53 tex:65842 mv:3971 misc:1659 imb:223 pmb:330 smb:7607 d:- ref:0 ;
in:18 out:20 type:b dur:2 cpbdur:2 q:4.05 aq:1.41 tex:54473 mv:3363 misc:1588 imb:235 pmb:310 smb:7615 d:- ref:0 ;
in:20 out:21 type:b dur:2 cpbdur:2 q:4.04 aq:1.22 tex:51785 mv:3215 misc:1496 imb:228 pmb:281 smb:7651 d:- ref:0 ;
in:25 out:22 type:P dur:2 cpbdur:2 q:0.00 aq:0.01 tex:101987 mv:4131 misc:1970 imb:1044 pmb:437 smb:6679 d:- ref:0 ;
in:23 out:23 type:B dur:2 cpbdur:2 q:1.68 aq:0.38 tex:73186 mv:3937 misc:1597 imb:223 pmb:315 smb:7622 d:- ref:0 ;
in:22 out:24 type:b dur:2 cpbdur:2 q:1.68 aq:0.50 tex:64005 mv:3631 misc:1516 imb:236 pmb:273 smb:7651 d:- ref:0 ;
in:24 out:25 type:b dur:2 cpbdur:2 q:1.67 aq:0.58 tex:59468 mv:3802 misc:1514 imb:260 pmb:283 smb:7617 d:- ref:0 ;
in:29 out:26 type:P dur:2 cpbdur:2 q:0.00 aq:0.02 tex:96514 mv:3627 misc:1979 imb:506 pmb:393 smb:7261 d:- ref:0 ;
in:27 out:27 type:B dur:2 cpbdur:2 q:0.00 aq:0.99 tex:82424 mv:3654 misc:1690 imb:165 pmb:428 smb:7567 d:- ref:0 ;
in:26 out:28 type:b dur:2 cpbdur:2 q:0.00 aq:1.09 tex:70584 mv:3521 misc:1583 imb:265 pmb:292 smb:7603 d:- ref:0 ;
in:28 out:29 type:b dur:2 cpbdur:2 q:0.00 aq:1.10 tex:64315 mv:3076 misc:1561 imb:221 pmb:303 smb:7636 d:- ref:0 ;
in:30 out:30 type:I dur:2 cpbdur:2 q:2.40 aq:0.06 tex:657340 mv:31512 misc:220 imb:8160 pmb:0 smb:0 d:- ref:;
in:34 out:31 type:P dur:2 cpbdur:2 q:1.86 aq:0.16 tex:86908 mv:4274 misc:1786 imb:921 pmb:286 smb:6953 d:- ref:0 ;
in:32 out:32 type:B dur:2 cpbdur:2 q:2.39 aq:0.82 tex:59774 mv:3948 misc:1358 imb:222 pmb:338 smb:7600 d:- ref:0 ;
in:31 out:33 type:b dur:2 cpbdur:2 q:2.39 aq:0.71 tex:48363 mv:3270 misc:1343 imb:250 pmb:253 smb:7657 d:- ref:0 ;
in:33 out:34 type:b dur:2 cpbdur:2 q:2.39 aq:0.66 tex:47755 mv:3151 misc:1166 imb:232 pmb:210 smb:7718 d:- ref:0 ;
in:38 out:35 type:P dur:2 cpbdur:2 q:2.12 aq:0.78 tex:164346 mv:6957 misc:1337 imb:2810 pmb:481 smb:4869 d:- ref:0 w:6,63,0 ;
in:36 out:36 type:B dur:2 cpbdur:2 q:2.12 aq:0.82 tex:59805 mv:3568 misc:1563 imb:249 pmb:371 smb:7540 d:- ref:0 ;
in:35 out:37 type:b dur:2 cpbdur:2 q:2.12 aq:0.84 tex:47474 mv:3060 misc:1178 imb:229 pmb:298 smb:7633 d:- ref:0 ;
in:37 out:38 type:b dur:2 cpbdur:2 q:2.12 aq:0.68 tex:42210 mv:2750 misc:1496 imb:224 pmb:319 smb:7617 d:- ref:0 ;
in:39 out:39 type:P dur:2 cpbdur:2 q:0.00 aq:0.26 tex:332239 mv:11093 misc:1868 imb:2786 pmb:599 smb:4775 d:- ref:0 w:7,113,3,6,59,11,64,0 ;
in:40 out:40 type:P dur:2 cpbdur:2 q:1.23 aq:0.29 tex:790658 mv:25209 misc:709 imb:7152 pmb:975 smb:33 d:- ref:0 w:5,25,8,7,118,11,111,16 ;
in:41 out:41 type:P dur:2 cpbdur:2 q:0.90 aq:0.23 tex:929256 mv:26377 misc:583 imb:7604 pmb:556 smb:0 d:- ref:0 w:6,47,15,5,32,0,27,19 ;
in:42 out:42 type:P dur:2 cpbdur:2 q:0.83 aq:0.18 tex:1215509 mv:32591 misc:612 imb:7558 pmb:602 smb:0 d:- ref:0 w:5,27,17,6,61,5,52,23 ;
in:43 out:43 type:P dur:2 cpbdur:2 q:1.19 aq:0.06 tex:1077321 mv:30413 misc:890 imb:7344 pmb:709 smb:107 d:- ref:0 w:5,37,7,7,124,3,123,6 ;
in:45 out:44 type:P dur:2 cpbdur:2 q:1.27 aq:0.12 tex:1255783 mv:33989 misc:612 imb:7667 pmb:492 smb:1 d:- ref:0 w:4,29,-17,6,91,-59,83,-35 ;
in:44 out:45 type:b dur:2 cpbdur:2 q:1.55 aq:0.19 tex:1107264 mv:53311 misc:705 imb:6863 pmb:1262 smb:35 d:- ref:0 ;
in:46 out:46 type:P dur:2 cpbdur:2 q:0.66 aq:0.11 tex:937394 mv:27730 misc:772 imb:7638 pmb:455 smb:67 d:- ref:0 w:5,47,-28,6,77,-27,77,-25 ;
in:47 out:47 type:P dur:2 cpbdur:2 q:0.89 aq:0.15 tex:830974 mv:27214 misc:476 imb:7935 pmb:225 smb:0 d:- ref:0 ;
in:48 out:48 type:P dur:2 cpbdur:2 q:0.86 aq:0.16 tex:1117397 mv:29899 misc:864 imb:7570 pmb:544 smb:46 d:- ref:0 w:6,87,-33,6,83,-39,79,-29 ;
in:49 out:49 type:P dur:2 cpbdur:2 q:0.30 aq:0.16 tex:1017385 mv:26243 misc:620 imb:7516 pmb:642 smb:2 d:- ref:0 w:6,81,-26,6,84,-40,73,-17 ;
in:50 out:50 type:P dur:2 cpbdur:2 q:0.32 aq:0.19 tex:834236 mv:19776 misc:1180 imb:6854 pmb:806 smb:500 d:- ref:0 w:4,19,-20,5,37,-20,35,-11 ;
in:51 out:51 type:P dur:2 cpbdur:2 q:1.84 aq:0.30 tex:791965 mv:21731 misc:1352 imb:6516 pmb:1050 smb:594 d:- ref:0 w:3,9,-15,5,37,-20,34,-8 ;
in:52 out:52 type:P dur:2 cpbdur:2 q:1.75 aq:0.22 tex:955810 mv:23779 misc:1075 imb:6867 pmb:944 smb:349 d:- ref:0 w:4,17,-7,3,8,0,9,-16 ;
in:53 out:53 type:P dur:2 cpbdur:2 q:1.41 aq:0.13 tex:633439 mv:21409 misc:728 imb:7177 pmb:847 smb:136 d:- ref:0 ;
in:54 out:54 type:P dur:2 cpbdur:2 q:1.28 aq:0.46 tex:134452 mv:2871 misc:2821 imb:256 pmb:853 smb:7051 d:- ref:0 ;
in:56 out:55 type:P dur:2 cpbdur:2 q:1.30 aq:0.28 tex:268716 mv:6372 misc:2360 imb:1189 pmb:598 smb:6373 d:- ref:0 ;
in:55 out:56 type:b dur:2 cpbdur:2 q:1.30 aq:1.09 tex:123471 mv:2175 misc:2306 imb:41 pmb:778 smb:7341 d:- ref:0 ;
in:59 out:57 type:P dur:2 cpbdur:2 q:0.49 aq:0.54 tex:262222 mv:6203 misc:2247 imb:1232 pmb:464 smb:6464 d:- ref:0 ;
in:57 out:58 type:B dur:2 cpbdur:2 q:1.30 aq:0.68 tex:111834 mv:4187 misc:2499 imb:111 pmb:873 smb:7176 d:- ref:0 ;
in:58 out:59 type:b dur:2 cpbdur:2 q:1.30 aq:0.96 tex:12738 mv:420 misc:2106 imb:1 pmb:494 smb:7665 d:- ref:0 ;
in:60 out:60 type:I dur:2 cpbdur:2 q:4.86 aq:0.19 tex:1090728 mv:42697 misc:247 imb:8160 pmb:0 smb:0 d:- ref:;
in:62 out:61 type:P dur:2 cpbdur:2 q:0.99 aq:0.72 tex:98870 mv:1181 misc:1829 imb:54 pmb:298 smb:7808 d:- ref:0 ;
in:61 out:62 type:b dur:2 cpbdur:2 q:4.83 aq:0.16 tex:20910 mv:859 misc:1239 imb:1 pmb:243 smb:7916 d:- ref:0 ;
in:64 out:63 type:P dur:2 cpbdur:2 q:0.64 aq:0.24 tex:93630 mv:963 misc:1399 imb:45 pmb:240 smb:7875 d:- ref:0 ;
in:63 out:64 type:b dur:2 cpbdur:2 q:0.99 aq:0.33 tex:43426 mv:668 misc:1130 imb:1 pmb:217 smb:7942 d:- ref:0 ;
in:68 out:65 type:P dur:2 cpbdur:2 q:0.25 aq:0.05 tex:61451 mv:615 misc:1230 imb:19 pmb:211 smb:7930 d:- ref:0 ;
in:66 out:66 type:B dur:2 cpbdur:2 q:0.64 aq:0.09 tex:5889 mv:180 misc:1131 imb:0 pmb:186 smb:7974 d:- ref:0 ;
in:65 out:67 type:b dur:2 cpbdur:2 q:0.64 aq:0.00 tex:3318 mv:173 misc:1029 imb:0 pmb:158 smb:8002 d:- ref:0 ;
in:67 out:68 type:b dur:2 cpbdur:2 q:0.64 aq:0.00 tex:3294 mv:131 misc:983 imb:0 pmb:131 smb:8029 d:- ref:0 ;
in:72 out:69 type:P dur:2 cpbdur:2 q:0.00 aq:0.05 tex:10321 mv:321 misc:1230 imb:16 pmb:195 smb:7949 d:- ref:0 ;
in:70 out:70 type:B dur:2 cpbdur:2 q:0.25 aq:0.02 tex:4152 mv:170 misc:1102 imb:0 pmb:158 smb:8002 d:- ref:0 ;
in:69 out:71 type:b dur:2 cpbdur:2 q:0.25 aq:0.00 tex:3321 mv:139 misc:996 imb:0 pmb:134 smb:8026 d:- ref:0 ;
in:71 out:72 type:b dur:2 cpbdur:2 q:0.24 aq:0.00 tex:3312 mv:106 misc:982 imb:0 pmb:130 smb:8030 d:- ref:0 ;
in:76 out:73 type:P dur:2 cpbdur:2 q:0.00 aq:0.05 tex:6891 mv:308 misc:1225 imb:16 pmb:177 smb:7967 d:- ref:0 ;
in:74 out:74 type:B dur:2 cpbdur:2 q:0.00 aq:0.01 tex:4101 mv:71 misc:1068 imb:0 pmb:144 smb:8016 d:- ref:0 ;
in:73 out:75 type:b dur:2 cpbdur:2 q:0.00 aq:0.00 tex:3312 mv:105 misc:983 imb:0 pmb:130 smb:8030 d:- ref:0 ;
in:75 out:76 type:b dur:2 cpbdur:2 q:0.00 aq:0.00 tex:3308 mv:98 misc:978 imb:0 pmb:129 smb:8031 d:- ref:0 ;
in:80 out:77 type:P dur:2 cpbdur:2 q:0.00 aq:0.05 tex:6570 mv:304 misc:1230 imb:16 pmb:174 smb:7970 d:- ref:0 ;
in:78 out:78 type:B dur:2 cpbdur:2 q:0.00 aq:0.01 tex:4085 mv:38 misc:1061 imb:0 pmb:141 smb:8019 d:- ref:0 ;
in:77 out:79 type:b dur:2 cpbdur:2 q:0.00 aq:0.00 tex:3306 mv:98 misc:980 imb:0 pmb:129 smb:8031 d:- ref:0 ;
in:79 out:80 type:b dur:2 cpbdur:2 q:0.00 aq:0.00 tex:3308 mv:98 misc:978 imb:0 pmb:129 smb:8031 d:- ref:0 ;
in:84 out:81 type:P dur:2 cpbdur:2 q:0.00 aq:0.05 tex:6474 mv:309 misc:1225 imb:16 pmb:173 smb:7971 d:- ref:0 ;
in:82 out:82 type:B dur:2 cpbdur:2 q:0.00 aq:0.01 tex:4085 mv:38 misc:1061 imb:0 pmb:141 smb:8019 d:- ref:0 ;
in:81 out:83 type:b dur:2 cpbdur:2 q:0.00 aq:0.00 tex:3306 mv:98 misc:980 imb:0 pmb:129 smb:8031 d:- ref:0 ;
in:83 out:84 type:b dur:2 cpbdur:2 q:0.00 aq:0.00 tex:3308 mv:98 misc:978 imb:0 pmb:129 smb:8031 d:- ref:0 ;
in:88 out:85 type:P dur:2 cpbdur:2 q:0.00 aq:0.05 tex:6474 mv:309 misc:1225 imb:16 pmb:173 smb:7971 d:- ref:0 ;
in:86 out:86 type:B dur:2 cpbdur:2 q:0.00 aq:0.01 tex:4085 mv:38 misc:1061 imb:0 pmb:141 smb:8019 d:- ref:0 ;
in:85 out:87 type:b dur:2 cpbdur:2 q:0.00 aq:0.00 tex:3306 mv:98 misc:980 imb:0 pmb:129 smb:8031 d:- ref:0 ;
in:87 out:88 type:b dur:2 cpbdur:2 q:0.00 aq:0.00 tex:3308 mv:98 misc:978 imb:0 pmb:129 smb:8031 d:- ref:0 ;
in:89 out:89 type:P dur:2 cpbdur:2 q:0.00 aq:0.00 tex:4234 mv:295 misc:1055 imb:16 pmb:124 smb:8020 d:- ref:0 ;
in:90 out:90 type:I dur:2 cpbdur:2 q:4.59 aq:0.15 tex:1130134 mv:43297 misc:249 imb:8160 pmb:0 smb:0 d:- ref:;
in:94 out:91 type:P dur:2 cpbdur:2 q:0.00 aq:0.18 tex:22269 mv:551 misc:2092 imb:36 pmb:376 smb:7748 d:- ref:0 ;
in:92 out:92 type:B dur:2 cpbdur:2 q:4.56 aq:0.00 tex:3544 mv:169 misc:1103 imb:0 pmb:146 smb:8014 d:- ref:0 ;
in:91 out:93 type:b dur:2 cpbdur:2 q:4.56 aq:0.00 tex:3161 mv:171 misc:1044 imb:0 pmb:137 smb:8023 d:- ref:0 ;
in:93 out:94 type:b dur:2 cpbdur:2 q:4.56 aq:0.00 tex:3211 mv:52 misc:929 imb:0 pmb:118 smb:8042 d:- ref:0 ;
in:98 out:95 type:P dur:2 cpbdur:2 q:0.00 aq:0.11 tex:6313 mv:292 misc:1283 imb:19 pmb:168 smb:7973 d:- ref:0 ;
in:96 out:96 type:B dur:2 cpbdur:2 q:0.00 aq:0.66 tex:3602 mv:118 misc:1064 imb:0 pmb:135 smb:8025 d:- ref:0 ;
in:95 out:97 type:b dur:2 cpbdur:2 q:0.00 aq:0.00 tex:3030 mv:60 misc:942 imb:0 pmb:117 smb:8043 d:- ref:0 ;
in:97 out:98 type:b dur:2 cpbdur:2 q:0.00 aq:0.00 tex:3035 mv:49 misc:924 imb:0 pmb:116 smb:8044 d:- ref:0 ;
in:101 out:99 type:P dur:2 cpbdur:2 q:0.00 aq:0.16 tex:32942 mv:314 misc:1256 imb:19 pmb:247 smb:7894 d:- ref:0 ;
in:99 out:100 type:B dur:2 cpbdur:2 q:0.00 aq:0.77 tex:3566 mv:196 misc:1158 imb:0 pmb:184 smb:7976 d:- ref:0 ;
in:100 out:101 type:b dur:2 cpbdur:2 q:0.00 aq:0.00 tex:3096 mv:190 misc:1074 imb:0 pmb:174 smb:7986 d:- ref:0 ;
in:102 out:102 type:P dur:2 cpbdur:2 q:0.00 aq:0.23 tex:86919 mv:418 misc:1271 imb:23 pmb:258 smb:7879 d:- ref:0 ;
in:106 out:103 type:P dur:2 cpbdur:2 q:0.00 aq:0.26 tex:53940 mv:1221 misc:1255 imb:132 pmb:142 smb:7886 d:- ref:0 ;
in:104 out:104 type:B dur:2 cpbdur:2 q:0.00 aq:0.71 tex:73959 mv:86 misc:1179 imb:2 pmb:262 smb:7896 d:- ref:0 ;
in:103 out:105 type:b dur:2 cpbdur:2 q:0.00 aq:0.19 tex:29128 mv:92 misc:1076 imb:1 pmb:247 smb:7912 d:- ref:0 ;
in:105 out:106 type:b dur:2 cpbdur:2 q:0.00 aq:0.00 tex:65481 mv:111 misc:1072 imb:3 pmb:244 smb:7913 d:- ref:0 ;
in:110 out:107 type:P dur:2 cpbdur:2 q:0.00 aq:0.51 tex:129700 mv:3790 misc:2070 imb:414 pmb:410 smb:7336 d:- ref:0 ;
in:108 out:108 type:B dur:2 cpbdur:2 q:0.00 aq:0.13 tex:4507 mv:446 misc:1935 imb:0 pmb:505 smb:7655 d:- ref:0 ;
in:107 out:109 type:b dur:2 cpbdur:2 q:0.00 aq:0.00 tex:3458 mv:202 misc:1092 imb:1 pmb:176 smb:7983 d:- ref:0 ;
in:109 out:110 type:b dur:2 cpbdur:2 q:0.00 aq:0.78 tex:92583 mv:2138 misc:1871 imb:3 pmb:664 smb:7493 d:- ref:0 ;
in:113 out:111 type:P dur:2 cpbdur:2 q:1.04 aq:0.23 tex:357985 mv:6564 misc:2035 imb:1242 pmb:446 smb:6472 d:- ref:0 ;
in:111 out:112 type:B dur:2 cpbdur:2 q:1.04 aq:0.64 tex:172182 mv:5163 misc:2087 imb:228 pmb:706 smb:7226 d:- ref:0 ;
in:112 out:113 type:b dur:2 cpbdur:2 q:1.04 aq:1.10 tex:177766 mv:3999 misc:2003 imb:150 pmb:816 smb:7194 d:- ref:0 ;
in:116 out:114 type:P dur:2 cpbdur:2 q:1.05 aq:0.19 tex:444585 mv:7735 misc:1800 imb:1345 pmb:560 smb:6255 d:- ref:0 ;
in:114 out:115 type:B dur:2 cpbdur:2 q:1.05 aq:0.58 tex:228871 mv:6881 misc:2216 imb:267 pmb:827 smb:7066 d:- ref:0 ;
in:115 out:116 type:b dur:2 cpbdur:2 q:1.05 aq:1.02 tex:212968 mv:5709 misc:2011 imb:182 pmb:793 smb:7185 d:- ref:0 ;
in:118 out:117 type:P dur:2 cpbdur:2 q:1.24 aq:0.21 tex:363414 mv:7295 misc:1803 imb:1131 pmb:583 smb:6446 d:- ref:0 ;
in:117 out:118 type:b dur:2 cpbdur:2 q:1.24 aq:0.92 tex:207248 mv:5679 misc:2129 imb:242 pmb:744 smb:7174 d:- ref:0 ;
in:119 out:119 type:P dur:2 cpbdur:2 q:1.33 aq:0.44 tex:236140 mv:6059 misc:1641 imb:1342 pmb:453 smb:6365 d:- ref:0 ;
in:120 out:120 type:I dur:2 cpbdur:2 q:2.77 aq:0.27 tex:1031614 mv:41563 misc:247 imb:8160 pmb:0 smb:0 d:- ref:;
in:123 out:121 type:P dur:2 cpbdur:2 q:1.89 aq:0.31 tex:289680 mv:7416 misc:2216 imb:1392 pmb:555 smb:6213 d:- ref:0 ;
in:121 out:122 type:B dur:2 cpbdur:2 q:2.80 aq:1.08 tex:183333 mv:7352 misc:2171 imb:291 pmb:758 smb:7111 d:- ref:0 ;
in:122 out:123 type:b dur:2 cpbdur:2 q:2.80 aq:1.00 tex:180695 mv:6037 misc:1900 imb:270 pmb:645 smb:7245 d:- ref:0 ;
in:127 out:124 type:P dur:2 cpbdur:2 q:1.27 aq:0.67 tex:369305 mv:8158 misc:1353 imb:1574 pmb:364 smb:6222 d:- ref:0 ;
in:125 out:125 type:B dur:2 cpbdur:2 q:2.03 aq:0.58 tex:250620 mv:8764 misc:2104 imb:411 pmb:677 smb:7072 d:- ref:0 ;
in:124 out:126 type:b dur:2 cpbdur:2 q:2.16 aq:0.69 tex:218223 mv:8138 misc:1967 imb:363 pmb:727 smb:7070 d:- ref:0 ;
in:126 out:127 type:b dur:2 cpbdur:2 q:2.16 aq:1.02 tex:238704 mv:7028 misc:2012 imb:325 pmb:677 smb:7158 d:- ref:0 ;
in:130 out:128 type:P dur:2 cpbdur:2 q:0.00 aq:0.18 tex:437912 mv:8706 misc:1902 imb:1469 pmb:495 smb:6196 d:- ref:0 ;
in:128 out:129 type:B dur:2 cpbdur:2 q:1.26 aq:0.48 tex:295413 mv:10117 misc:2118 imb:405 pmb:881 smb:6874 d:- ref:0 ;
in:129 out:130 type:b dur:2 cpbdur:2 q:1.26 aq:0.70 tex:254269 mv:8570 misc:2089 imb:346 pmb:852 smb:6962 d:- ref:0 ;
in:132 out:131 type:P dur:2 cpbdur:2 q:0.00 aq:0.24 tex:337800 mv:6916 misc:1852 imb:1285 pmb:580 smb:6295 d:- ref:0 ;
in:131 out:132 type:b dur:2 cpbdur:2 q:0.00 aq:0.55 tex:226764 mv:7413 misc:2135 imb:337 pmb:755 smb:7068 d:- ref:0 ;
in:135 out:133 type:P dur:2 cpbdur:2 q:0.00 aq:0.24 tex:357199 mv:8554 misc:1599 imb:1728 pmb:446 smb:5986 d:- ref:0 ;
in:133 out:134 type:B dur:2 cpbdur:2 q:0.00 aq:0.47 tex:260540 mv:7751 misc:2173 imb:315 pmb:837 smb:7008 d:- ref:0 ;
in:134 out:135 type:b dur:2 cpbdur:2 q:0.00 aq:1.12 tex:263148 mv:7367 misc:1701 imb:327 pmb:619 smb:7214 d:- ref:0 ;
in:139 out:136 type:P dur:2 cpbdur:2 q:0.00 aq:0.60 tex:338941 mv:7152 misc:1411 imb:1436 pmb:321 smb:6403 d:- ref:0 ;
in:137 out:137 type:B dur:2 cpbdur:2 q:0.00 aq:0.35 tex:282521 mv:8850 misc:2141 imb:413 pmb:811 smb:6936 d:- ref:0 ;
in:136 out:138 type:b dur:2 cpbdur:2 q:0.00 aq:0.54 tex:226447 mv:7014 misc:1995 imb:384 pmb:684 smb:7092 d:- ref:0 ;
in:138 out:139 type:b dur:2 cpbdur:2 q:0.00 aq:0.89 tex:264208 mv:7267 misc:2085 imb:377 pmb:706 smb:7077 d:- ref:0 ;
in:140 out:140 type:P dur:2 cpbdur:2 q:0.00 aq:0.13 tex:332873 mv:6359 misc:1808 imb:1431 pmb:516 smb:6213 d:- ref:0 ;
in:142 out:141 type:P dur:2 cpbdur:2 q:0.79 aq:0.21 tex:449616 mv:8134 misc:1874 imb:1519 pmb:493 smb:6148 d:- ref:0 ;
in:141 out:142 type:b dur:2 cpbdur:2 q:0.78 aq:0.87 tex:290956 mv:7917 misc:2223 imb:365 pmb:804 smb:6991 d:- ref:0 ;
in:144 out:143 type:P dur:2 cpbdur:2 q:0.88 aq:0.20 tex:457563 mv:7635 misc:1914 imb:1088 pmb:568 smb:6504 d:- ref:0 ;
in:143 out:144 type:b dur:2 cpbdur:2 q:0.88 aq:1.05 tex:241522 mv:7873 misc:2157 imb:356 pmb:754 smb:7050 d:- ref:0 ;
in:146 out:145 type:P dur:2 cpbdur:2 q:1.06 aq:0.18 tex:393309 mv:6839 misc:1972 imb:1202 pmb:622 smb:6336 d:- ref:0 ;
in:145 out:146 type:b dur:2 cpbdur:2 q:1.06 aq:1.11 tex:268569 mv:6528 misc:2183 imb:281 pmb:962 smb:6917 d:- ref:0 ;
in:148 out:147 type:P dur:2 cpbdur:2 q:1.08 aq:0.26 tex:400397 mv:7044 misc:2127 imb:1055 pmb:547 smb:6558 d:- ref:0 ;
in:147 out:148 type:b dur:2 cpbdur:2 q:1.20 aq:1.11 tex:252540 mv:7144 misc:2044 imb:341 pmb:888 smb:6931 d:- ref:0 ;
in:149 out:149 type:P dur:2 cpbdur:2 q:1.10 aq:0.39 tex:252676 mv:5262 misc:2046 imb:873 pmb:648 smb:6639 d:- ref:0 ;
in:150 out:150 type:I dur:2 cpbdur:2 q:4.78 aq:0.39 tex:1248164 mv:48251 misc:257 imb:8160 pmb:0 smb:0 d:- ref:;
in:152 out:151 type:P dur:2 cpbdur:2 q:0.23 aq:0.26 tex:328604 mv:7551 misc:2693 imb:1460 pmb:679 smb:6021 d:- ref:0 ;
in:151 out:152 type:b dur:2 cpbdur:2 q:4.74 aq:2.72 tex:109531 mv:5428 misc:2385 imb:209 pmb:747 smb:7204 d:- ref:0 ;
in:153 out:153 type:P dur:2 cpbdur:2 q:0.33 aq:0.24 tex:214377 mv:4472 misc:2055 imb:701 pmb:525 smb:6934 d:- ref:0 ;
in:154 out:154 type:P dur:2 cpbdur:2 q:0.34 aq:0.72 tex:181879 mv:4475 misc:1638 imb:694 pmb:428 smb:7038 d:- ref:0 ;
in:156 out:155 type:P dur:2 cpbdur:2 q:0.44 aq:0.61 tex:293354 mv:6939 misc:1507 imb:1504 pmb:341 smb:6315 d:- ref:0 ;
in:155 out:156 type:b dur:2 cpbdur:2 q:0.44 aq:0.99 tex:159728 mv:4603 misc:2109 imb:186 pmb:706 smb:7268 d:- ref:0 ;
in:159 out:157 type:P dur:2 cpbdur:2 q:0.26 aq:0.14 tex:347929 mv:7446 misc:1761 imb:1620 pmb:423 smb:6117 d:- ref:0 ;
in:157 out:158 type:B dur:2 cpbdur:2 q:0.47 aq:0.87 tex:123475 mv:4693 misc:2112 imb:188 pmb:666 smb:7306 d:- ref:0 ;
in:158 out:159 type:b dur:2 cpbdur:2 q:0.47 aq:1.06 tex:180216 mv:4084 misc:2148 imb:259 pmb:568 smb:7333 d:- ref:0 ;
in:161 out:160 type:P dur:2 cpbdur:2 q:0.00 aq:0.17 tex:332810 mv:7610 misc:1828 imb:1628 pmb:475 smb:6057 d:- ref:0 ;
in:160 out:161 type:b dur:2 cpbdur:2 q:0.26 aq:0.92 tex:169011 mv:4773 misc:2128 imb:211 pmb:671 smb:7278 d:- ref:0 ;
in:162 out:162 type:P dur:2 cpbdur:2 q:0.00 aq:0.30 tex:215207 mv:4554 misc:2015 imb:727 pmb:495 smb:6938 d:- ref:0 ;
in:165 out:163 type:P dur:2 cpbdur:2 q:0.00 aq:0.21 tex:334171 mv:7931 misc:1898 imb:1553 pmb:494 smb:6113 d:- ref:0 ;
in:163 out:164 type:B dur:2 cpbdur:2 q:0.00 aq:0.67 tex:165628 mv:4838 misc:2270 imb:238 pmb:707 smb:7215 d:- ref:0 ;
in:164 out:165 type:b dur:2 cpbdur:2 q:0.00 aq:0.90 tex:127456 mv:4898 misc:2046 imb:210 pmb:674 smb:7276 d:- ref:0 ;
in:166 out:166 type:P dur:2 cpbdur:2 q:0.00 aq:0.19 tex:335320 mv:7244 misc:1988 imb:1341 pmb:506 smb:6313 d:- ref:0 ;
in:168 out:167 type:P dur:2 cpbdur:2 q:0.00 aq:0.27 tex:282197 mv:5225 misc:2034 imb:705 pmb:506 smb:6949 d:- ref:0 ;
in:167 out:168 type:b dur:2 cpbdur:2 q:0.00 aq:1.32 tex:133667 mv:4959 misc:1814 imb:281 pmb:519 smb:7360 d:- ref:0 ;
in:170 out:169 type:P dur:2 cpbdur:2 q:0.00 aq:0.19 tex:367308 mv:7540 misc:1808 imb:1497 pmb:465 smb:6198 d:- ref:0 ;
in:169 out:170 type:b dur:2 cpbdur:2 q:0.00 aq:0.84 tex:165590 mv:5041 misc:2233 imb:263 pmb:708 smb:7189 d:- ref:0 ;
in:171 out:171 type:P dur:2 cpbdur:2 q:0.00 aq:0.10 tex:311276 mv:7218 misc:1810 imb:1418 pmb:497 smb:6245 d:- ref:0 ;
in:173 out:172 type:P dur:2 cpbdur:2 q:0.00 aq:0.28 tex:248125 mv:4921 misc:1994 imb:777 pmb:542 smb:6841 d:- ref:0 ;
in:172 out:173 type:b dur:2 cpbdur:2 q:0.00 aq:1.25 tex:133642 mv:4308 misc:1682 imb:232 pmb:521 smb:7407 d:- ref:0 ;
in:174 out:174 type:P dur:2 cpbdur:2 q:0.00 aq:0.16 tex:332337 mv:7208 misc:1847 imb:1502 pmb:497 smb:6161 d:- ref:0 ;
in:177 out:175 type:P dur:2 cpbdur:2 q:0.00 aq:0.15 tex:320845 mv:7655 misc:1844 imb:1538 pmb:393 smb:6229 d:- ref:0 ;
in:175 out:176 type:B dur:2 cpbdur:2 q:0.00 aq:0.65 tex:176206 mv:4902 misc:2196 imb:232 pmb:676 smb:7252 d:- ref:0 ;
in:176 out:177 type:b dur:2 cpbdur:2 q:0.00 aq:0.97 tex:181158 mv:4661 misc:2165 imb:253 pmb:647 smb:7260 d:- ref:0 ;
in:179 out:178 type:P dur:2 cpbdur:2 q:0.00 aq:0.87 tex:243017 mv:4960 misc:2127 imb:705 pmb:735 smb:6720 d:- ref:0 ;
in:178 out:179 type:b dur:2 cpbdur:2 q:0.00 aq:1.11 tex:179842 mv:4988 misc:2298 imb:268 pmb:631 smb:7261 d:- ref:0 ;
in:180 out:180 type:I dur:2 cpbdur:2 q:2.69 aq:0.43 tex:1214908 mv:48661 misc:287 imb:8160 pmb:0 smb:0 d:- ref:;
in:184 out:181 type:P dur:2 cpbdur:2 q:0.33 aq:0.63 tex:444756 mv:9607 misc:2133 imb:2008 pmb:485 smb:5667 d:- ref:0 ;
in:182 out:182 type:B dur:2 cpbdur:2 q:2.67 aq:1.64 tex:276530 mv:5310 misc:2432 imb:321 pmb:940 smb:6899 d:- ref:0 ;
in:181 out:183 type:b dur:2 cpbdur:2 q:2.67 aq:2.35 tex:174964 mv:5004 misc:2432 imb:287 pmb:894 smb:6979 d:- ref:0 ;
in:183 out:184 type:b dur:2 cpbdur:2 q:2.67 aq:1.95 tex:242737 mv:5394 misc:2213 imb:291 pmb:897 smb:6972 d:- ref:0 ;
in:185 out:185 type:P dur:2 cpbdur:2 q:0.00 aq:0.10 tex:322141 mv:8563 misc:1992 imb:1944 pmb:532 smb:5684 d:- ref:0 ;
in:189 out:186 type:P dur:2 cpbdur:2 q:0.00 aq:0.11 tex:367508 mv:6795 misc:1945 imb:1528 pmb:450 smb:6182 d:- ref:0 ;
in:187 out:187 type:B dur:2 cpbdur:2 q:0.00 aq:1.15 tex:192601 mv:5639 misc:1944 imb:345 pmb:564 smb:7251 d:- ref:0 ;
in:186 out:188 type:b dur:2 cpbdur:2 q:0.00 aq:1.07 tex:207540 mv:4867 misc:2041 imb:273 pmb:636 smb:7251 d:- ref:0 ;
in:188 out:189 type:b dur:2 cpbdur:2 q:0.00 aq:0.76 tex:162971 mv:4683 misc:2178 imb:213 pmb:807 smb:7140 d:- ref:0 ;
in:192 out:190 type:P dur:2 cpbdur:2 q:0.00 aq:0.09 tex:398075 mv:7853 misc:1808 imb:1632 pmb:515 smb:6013 d:- ref:0 ;
in:190 out:191 type:B dur:2 cpbdur:2 q:0.00 aq:0.72 tex:215912 mv:5167 misc:2225 imb:313 pmb:753 smb:7094 d:- ref:0 ;
in:191 out:192 type:b dur:2 cpbdur:2 q:0.00 aq:0.93 tex:203229 mv:4877 misc:2110 imb:200 pmb:768 smb:7192 d:- ref:0 ;
in:193 out:193 type:P dur:2 cpbdur:2 q:0.00 aq:0.11 tex:440147 mv:6965 misc:2024 imb:1191 pmb:588 smb:6381 d:- ref:0 ;
in:197 out:194 type:P dur:2 cpbdur:2 q:0.00 aq:0.00 tex:420962 mv:8204 misc:1810 imb:1658 pmb:568 smb:5934 d:- ref:0 ;
in:195 out:195 type:B dur:2 cpbdur:2 q:0.00 aq:0.63 tex:151482 mv:4218 misc:2348 imb:148 pmb:811 smb:7201 d:- ref:0 ;
in:194 out:196 type:b dur:2 cpbdur:2 q:0.00 aq:0.83 tex:232314 mv:5618 misc:2020 imb:285 pmb:601 smb:7274 d:- ref:0 ;
in:196 out:197 type:b dur:2 cpbdur:2 q:0.00 aq:0.66 tex:9762 mv:355 misc:1795 imb:0 pmb:382 smb:7778 d:- ref:0 ;
in:201 out:198 type:P dur:2 cpbdur:2 q:0.00 aq:0.00 tex:27449 mv:336 misc:1999 imb:16 pmb:465 smb:7679 d:- ref:0 ;
in:199 out:199 type:B dur:2 cpbdur:2 q:0.00 aq:0.44 tex:7590 mv:408 misc:1850 imb:0 pmb:347 smb:7813 d:- ref:0 ;
in:198 out:200 type:b dur:2 cpbdur:2 q:0.00 aq:0.64 tex:5099 mv:269 misc:1432 imb:0 pmb:223 smb:7937 d:- ref:0 ;
in:200 out:201 type:b dur:2 cpbdur:2 q:0.00 aq:0.64 tex:4920 mv:97 misc:1167 imb:0 pmb:162 smb:7998 d:- ref:0 ;
in:205 out:202 type:P dur:2 cpbdur:2 q:0.00 aq:0.00 tex:41276 mv:573 misc:1847 imb:49 pmb:326 smb:7785 d:- ref:0 ;
in:203 out:203 type:B dur:2 cpbdur:2 q:0.00 aq:0.08 tex:12360 mv:481 misc:1431 imb:28 pmb:218 smb:7914 d:- ref:0 ;
in:202 out:204 type:b dur:2 cpbdur:2 q:0.00 aq:0.51 tex:3449 mv:164 misc:995 imb:0 pmb:140 smb:8020 d:- ref:0 ;
in:204 out:205 type:b dur:2 cpbdur:2 q:0.00 aq:0.52 tex:13168 mv:189 misc:971 imb:9 pmb:149 smb:8002 d:- ref:0 ;
in:209 out:206 type:P dur:2 cpbdur:2 q:0.00 aq:0.00 tex:44127 mv:544 misc:1809 imb:34 pmb:320 smb:7806 d:- ref:0 ;
in:207 out:207 type:B dur:2 cpbdur:2 q:0.00 aq:0.08 tex:19334 mv:202 misc:1384 imb:9 pmb:227 smb:7924 d:- ref:0 ;
in:206 out:208 type:b dur:2 cpbdur:2 q:0.00 aq:0.58 tex:11361 mv:184 misc:975 imb:9 pmb:149 smb:8002 d:- ref:0 ;
in:208 out:209 type:b dur:2 cpbdur:2 q:0.00 aq:0.62 tex:9763 mv:176 misc:981 imb:8 pmb:149 smb:8003 d:- ref:0 ;
in:210 out:210 type:I dur:2 cpbdur:2 q:4.59 aq:0.13 tex:1139903 mv:43208 misc:241 imb:8160 pmb:0 smb:0 d:- ref:;
in:214 out:211 type:P dur:2 cpbdur:2 q:0.00 aq:0.15 tex:35877 mv:633 misc:2090 imb:44 pmb:349 smb:7767 d:- ref:0 ;
in:212 out:212 type:B dur:2 cpbdur:2 q:4.55 aq:0.35 tex:7691 mv:281 misc:1100 imb:8 pmb:172 smb:7980 d:- ref:0 ;
in:211 out:213 type:b dur:2 cpbdur:2 q:4.55 aq:0.36 tex:5529 mv:302 misc:1065 imb:8 pmb:159 smb:7993 d:- ref:0 ;
in:213 out:214 type:b dur:2 cpbdur:2 q:4.55 aq:0.41 tex:4426 mv:154 misc:980 imb:7 pmb:137 smb:8016 d:- ref:0 ;
in:217 out:215 type:P dur:2 cpbdur:2 q:0.00 aq:0.06 tex:61053 mv:701 misc:1286 imb:74 pmb:186 smb:7900 d:- ref:0 ;
in:215 out:216 type:B dur:2 cpbdur:2 q:0.00 aq:0.44 tex:7534 mv:201 misc:1129 imb:0 pmb:195 smb:7965 d:- ref:0 ;
in:216 out:217 type:b dur:2 cpbdur:2 q:0.00 aq:0.14 tex:5367 mv:330 misc:1055 imb:7 pmb:180 smb:7973 d:- ref:0 ;
in:219 out:218 type:P dur:2 cpbdur:2 q:0.00 aq:0.06 tex:93564 mv:996 misc:1304 imb:44 pmb:201 smb:7915 d:- ref:0 ;
in:218 out:219 type:b dur:2 cpbdur:2 q:0.00 aq:0.04 tex:47023 mv:799 misc:1042 imb:4 pmb:196 smb:7960 d:- ref:0 ;
in:221 out:220 type:P dur:2 cpbdur:2 q:0.00 aq:0.06 tex:99528 mv:899 misc:1269 imb:30 pmb:219 smb:7911 d:- ref:0 ;
in:220 out:221 type:b dur:2 cpbdur:2 q:0.00 aq:0.16 tex:47921 mv:755 misc:1044 imb:3 pmb:210 smb:7947 d:- ref:0 ;
in:225 out:222 type:P dur:2 cpbdur:2 q:0.00 aq:0.06 tex:67723 mv:518 misc:1247 imb:21 pmb:224 smb:7915 d:- ref:0 ;
in:223 out:223 type:B dur:2 cpbdur:2 q:0.00 aq:0.55 tex:6293 mv:203 misc:1120 imb:0 pmb:194 smb:7966 d:- ref:0 ;
in:222 out:224 type:b dur:2 cpbdur:2 q:0.00 aq:0.03 tex:3371 mv:161 misc:1004 imb:0 pmb:153 smb:8007 d:- ref:0 ;
in:224 out:225 type:b dur:2 cpbdur:2 q:0.00 aq:0.03 tex:3378 mv:133 misc:969 imb:0 pmb:130 smb:8030 d:- ref:0 ;
in:229 out:226 type:P dur:2 cpbdur:2 q:0.00 aq:0.06 tex:9740 mv:283 misc:1265 imb:17 pmb:195 smb:7948 d:- ref:0 ;
in:227 out:227 type:B dur:2 cpbdur:2 q:0.00 aq:0.48 tex:3937 mv:183 misc:1104 imb:0 pmb:162 smb:7998 d:- ref:0 ;
in:226 out:228 type:b dur:2 cpbdur:2 q:0.00 aq:0.00 tex:3245 mv:125 misc:974 imb:0 pmb:129 smb:8031 d:- ref:0 ;
in:228 out:229 type:b dur:2 cpbdur:2 q:0.00 aq:0.00 tex:3237 mv:53 misc:934 imb:0 pmb:119 smb:8041 d:- ref:0 ;
in:233 out:230 type:P dur:2 cpbdur:2 q:0.00 aq:0.06 tex:6524 mv:275 misc:1265 imb:17 pmb:172 smb:7971 d:- ref:0 ;
in:231 out:231 type:B dur:2 cpbdur:2 q:0.00 aq:0.47 tex:3600 mv:80 misc:1032 imb:0 pmb:132 smb:8028 d:- ref:0 ;
in:230 out:232 type:b dur:2 cpbdur:2 q:0.00 aq:0.00 tex:3088 mv:75 misc:933 imb:0 pmb:118 smb:8042 d:- ref:0 ;
in:232 out:233 type:b dur:2 cpbdur:2 q:0.00 aq:0.00 tex:3081 mv:52 misc:923 imb:0 pmb:116 smb:8044 d:- ref:0 ;
in:237 out:234 type:P dur:2 cpbdur:2 q:0.00 aq:0.06 tex:6129 mv:274 misc:1269 imb:17 pmb:166 smb:7977 d:- ref:0 ;
in:235 out:235 type:B dur:2 cpbdur:2 q:0.00 aq:0.45 tex:3539 mv:45 misc:1008 imb:0 pmb:128 smb:8032 d:- ref:0 ;
in:234 out:236 type:b dur:2 cpbdur:2 q:0.00 aq:0.00 tex:3080 mv:53 misc:923 imb:0 pmb:116 smb:8044 d:- ref:0 ;
in:236 out:237 type:b dur:2 cpbdur:2 q:0.00 aq:0.00 tex:3081 mv:52 misc:923 imb:0 pmb:116 smb:8044 d:- ref:0 ;
in:239 out:238 type:P dur:2 cpbdur:2 q:0.00 aq:0.45 tex:3999 mv:262 misc:1067 imb:17 pmb:117 smb:8026 d:- ref:0 ;
in:238 out:239 type:b dur:2 cpbdur:2 q:0.00 aq:0.00 tex:3311 mv:38 misc:963 imb:0 pmb:122 smb:8038 d:- ref:0 ;
in:240 out:240 type:I dur:2 cpbdur:2 q:4.08 aq:0.20 tex:1210918 mv:45867 misc:239 imb:8160 pmb:0 smb:0 d:- ref:;
in:244 out:241 type:P dur:2 cpbdur:2 q:0.00 aq:0.31 tex:23582 mv:470 misc:2172 imb:28 pmb:416 smb:7716 d:- ref:0 ;
in:242 out:242 type:B dur:2 cpbdur:2 q:4.05 aq:0.00 tex:3479 mv:184 misc:1081 imb:0 pmb:146 smb:8014 d:- ref:0 ;
in:241 out:243 type:b dur:2 cpbdur:2 q:4.05 aq:0.00 tex:3100 mv:166 misc:1014 imb:0 pmb:133 smb:8027 d:- ref:0 ;
in:243 out:244 type:b dur:2 cpbdur:2 q:4.05 aq:0.00 tex:3158 mv:46 misc:916 imb:0 pmb:115 smb:8045 d:- ref:0 ;
in:245 out:245 type:P dur:2 cpbdur:2 q:0.00 aq:0.64 tex:38621 mv:382 misc:1325 imb:25 pmb:269 smb:7866 d:- ref:0 ;
in:246 out:246 type:P dur:2 cpbdur:2 q:0.00 aq:0.51 tex:97002 mv:516 misc:1362 imb:30 pmb:289 smb:7841 d:- ref:0 ;
in:250 out:247 type:P dur:2 cpbdur:2 q:0.00 aq:0.05 tex:56670 mv:1377 misc:1273 imb:147 pmb:154 smb:7859 d:- ref:0 ;
in:248 out:248 type:B dur:2 cpbdur:2 q:0.00 aq:0.06 tex:78756 mv:131 misc:1201 imb:4 pmb:285 smb:7871 d:- ref:0 ;
in:247 out:249 type:b dur:2 cpbdur:2 q:0.00 aq:0.19 tex:35088 mv:195 misc:1085 imb:3 pmb:274 smb:7883 d:- ref:0 ;
in:249 out:250 type:b dur:2 cpbdur:2 q:0.00 aq:0.00 tex:69790 mv:263 misc:1091 imb:5 pmb:274 smb:7881 d:- ref:0 ;
in:254 out:251 type:P dur:2 cpbdur:2 q:0.00 aq:0.36 tex:186389 mv:4484 misc:1983 imb:812 pmb:532 smb:6816 d:- ref:0 ;
in:252 out:252 type:B dur:2 cpbdur:2 q:0.00 aq:0.92 tex:12622 mv:674 misc:1736 imb:0 pmb:538 smb:7622 d:- ref:0 ;
in:251 out:253 type:b dur:2 cpbdur:2 q:0.00 aq:0.09 tex:4012 mv:233 misc:1163 imb:2 pmb:193 smb:7965 d:- ref:0 ;
in:253 out:254 type:b dur:2 cpbdur:2 q:0.00 aq:0.98 tex:208195 mv:4251 misc:1914 imb:204 pmb:618 smb:7338 d:- ref:0 ;
in:255 out:255 type:P dur:2 cpbdur:2 q:0.00 aq:0.63 tex:349755 mv:7652 misc:1289 imb:1723 pmb:343 smb:6094 d:- ref:0 ;
in:256 out:256 type:P dur:2 cpbdur:2 q:0.00 aq:0.65 tex:465699 mv:11535 misc:1598 imb:2363 pmb:836 smb:4961 d:- ref:0 w:6,61,10,7,119,9,116,12 ;
in:257 out:257 type:P dur:2 cpbdur:2 q:0.00 aq:1.00 tex:736234 mv:14807 misc:1519 imb:4311 pmb:898 smb:2951 d:- ref:0 w:6,57,24,6,57,13,64,0 ;
in:258 out:258 type:P dur:2 cpbdur:2 q:0.00 aq:0.64 tex:1007204 mv:25152 misc:556 imb:6448 pmb:1712 smb:0 d:- ref:0 w:3,7,27,5,27,18,32,0 ;
in:259 out:259 type:P dur:2 cpbdur:2 q:0.00 aq:0.49 tex:867171 mv:15442 misc:2075 imb:2608 pmb:804 smb:4748 d:- ref:0 ;
in:260 out:260 type:P dur:2 cpbdur:2 q:0.00 aq:0.45 tex:811839 mv:15064 misc:1849 imb:2543 pmb:869 smb:4748 d:- ref:0 w:5,33,-7,4,17,-8,16,0 ;
in:262 out:261 type:P dur:2 cpbdur:2 q:0.53 aq:0.24 tex:872180 mv:18517 misc:1815 imb:4066 pmb:945 smb:3149 d:- ref:0 w:5,39,-47,6,81,-32,82,-37 ;
in:261 out:262 type:b dur:2 cpbdur:2 q:0.52 aq:1.18 tex:364215 mv:17346 misc:2199 imb:1777 pmb:864 smb:5519 d:- ref:0 ;
in:266 out:263 type:P dur:2 cpbdur:2 q:0.19 aq:0.08 tex:383870 mv:9723 misc:1831 imb:2554 pmb:865 smb:4741 d:- ref:0 w:6,65,-3,6,64,0,67,-6 ;
in:264 out:264 type:B dur:2 cpbdur:2 q:0.53 aq:0.99 tex:21206 mv:701 misc:2653 imb:0 pmb:719 smb:7441 d:- ref:0 ;
in:263 out:265 type:b dur:2 cpbdur:2 q:0.53 aq:0.69 tex:5379 mv:387 misc:1834 imb:0 pmb:414 smb:7746 d:- ref:0 ;
in:265 out:266 type:b dur:2 cpbdur:2 q:0.52 aq:0.65 tex:5141 mv:334 misc:1525 imb:0 pmb:233 smb:7927 d:- ref:0 ;
in:269 out:267 type:P dur:2 cpbdur:2 q:0.00 aq:0.51 tex:10853 mv:396 misc:1863 imb:24 pmb:287 smb:7849 d:- ref:0 ;
in:267 out:268 type:B dur:2 cpbdur:2 q:0.19 aq:0.22 tex:5663 mv:382 misc:1787 imb:0 pmb:297 smb:7863 d:- ref:0 ;
in:268 out:269 type:b dur:2 cpbdur:2 q:0.19 aq:0.24 tex:3978 mv:144 misc:1086 imb:0 pmb:138 smb:8022 d:- ref:0 ;
in:270 out:270 type:I dur:2 cpbdur:2 q:5.24 aq:0.14 tex:1156564 mv:44463 misc:229 imb:8160 pmb:0 smb:0 d:- ref:;
in:274 out:271 type:P dur:2 cpbdur:2 q:0.00 aq:0.08 tex:20418 mv:565 misc:2193 imb:37 pmb:386 smb:7737 d:- ref:0 ;
in:272 out:272 type:B dur:2 cpbdur:2 q:5.19 aq:0.00 tex:3813 mv:215 misc:1172 imb:0 pmb:164 smb:7996 d:- ref:0 ;
in:271 out:273 type:b dur:2 cpbdur:2 q:5.19 aq:0.00 tex:3312 mv:221 misc:1123 imb:0 pmb:154 smb:8006 d:- ref:0 ;
in:273 out:274 type:b dur:2 cpbdur:2 q:5.19 aq:0.00 tex:3300 mv:80 misc:956 imb:0 pmb:122 smb:8038 d:- ref:0 ;
in:278 out:275 type:P dur:2 cpbdur:2 q:0.00 aq:0.10 tex:6461 mv:336 misc:1323 imb:24 pmb:163 smb:7973 d:- ref:0 ;
in:276 out:276 type:B dur:2 cpbdur:2 q:0.00 aq:0.12 tex:3677 mv:72 misc:1059 imb:0 pmb:135 smb:8025 d:- ref:0 ;
in:275 out:277 type:b dur:2 cpbdur:2 q:0.00 aq:0.00 tex:3061 mv:91 misc:944 imb:0 pmb:119 smb:8041 d:- ref:0 ;
in:277 out:278 type:b dur:2 cpbdur:2 q:0.00 aq:0.00 tex:3062 mv:94 misc:940 imb:0 pmb:119 smb:8041 d:- ref:0 ;
in:282 out:279 type:P dur:2 cpbdur:2 q:0.00 aq:0.01 tex:67480 mv:966 misc:1306 imb:65 pmb:172 smb:7923 d:- ref:0 ;
in:280 out:280 type:B dur:2 cpbdur:2 q:0.00 aq:0.15 tex:3685 mv:146 misc:1097 imb:0 pmb:158 smb:8002 d:- ref:0 ;
in:279 out:281 type:b dur:2 cpbdur:2 q:0.00 aq:0.00 tex:3061 mv:91 misc:944 imb:0 pmb:119 smb:8041 d:- ref:0 ;
in:281 out:282 type:b dur:2 cpbdur:2 q:0.00 aq:0.82 tex:1261 mv:147 misc:704 imb:0 pmb:66 smb:8094 d:- ref:0 ;
in:286 out:283 type:P dur:2 cpbdur:2 q:0.00 aq:0.01 tex:7059 mv:358 misc:1335 imb:24 pmb:170 smb:7966 d:- ref:0 ;
in:284 out:284 type:B dur:2 cpbdur:2 q:0.00 aq:0.05 tex:3731 mv:80 misc:1069 imb:0 pmb:137 smb:8023 d:- ref:0 ;
in:283 out:285 type:b dur:2 cpbdur:2 q:0.00 aq:0.00 tex:3110 mv:88 misc:954 imb:0 pmb:121 smb:8039 d:- ref:0 ;
in:285 out:286 type:b dur:2 cpbdur:2 q:0.00 aq:0.00 tex:3109 mv:90 misc:953 imb:0 pmb:121 smb:8039 d:- ref:0 ;
in:290 out:287 type:P dur:2 cpbdur:2 q:0.00 aq:0.01 tex:6052 mv:343 misc:1301 imb:24 pmb:160 smb:7976 d:- ref:0 ;
in:288 out:288 type:B dur:2 cpbdur:2 q:0.00 aq:0.05 tex:3723 mv:37 misc:1056 imb:0 pmb:134 smb:8026 d:- ref:0 ;
in:287 out:289 type:b dur:2 cpbdur:2 q:0.00 aq:0.00 tex:3110 mv:88 misc:954 imb:0 pmb:121 smb:8039 d:- ref:0 ;
in:289 out:290 type:b dur:2 cpbdur:2 q:0.00 aq:0.00 tex:3109 mv:90 misc:953 imb:0 pmb:121 smb:8039 d:- ref:0 ;
in:294 out:291 type:P dur:2 cpbdur:2 q:0.00 aq:0.01 tex:6012 mv:338 misc:1306 imb:24 pmb:159 smb:7977 d:- ref:0 ;
in:292 out:292 type:B dur:2 cpbdur:2 q:0.00 aq:0.05 tex:3723 mv:37 misc:1056 imb:0 pmb:134 smb:8026 d:- ref:0 ;
in:291 out:293 type:b dur:2 cpbdur:2 q:0.00 aq:0.00 tex:3110 mv:88 misc:954 imb:0 pmb:121 smb:8039 d:- ref:0 ;
in:293 out:294 type:b dur:2 cpbdur:2 q:0.00 aq:0.00 tex:3109 mv:90 misc:953 imb:0 pmb:121 smb:8039 d:- ref:0 ;
in:298 out:295 type:P dur:2 cpbdur:2 q:0.00 aq:0.03 tex:5342 mv:317 misc:1277 imb:23 pmb:148 smb:7989 d:- ref:0 ;
in:296 out:296 type:B dur:2 cpbdur:2 q:0.00 aq:0.07 tex:3795 mv:37 misc:1064 imb:0 pmb:135 smb:8025 d:- ref:0 ;
in:295 out:297 type:b dur:2 cpbdur:2 q:0.00 aq:0.00 tex:3110 mv:88 misc:954 imb:0 pmb:121 smb:8039 d:- ref:0 ;
in:297 out:298 type:b dur:2 cpbdur:2 q:0.00 aq:0.00 tex:3109 mv:90 misc:953 imb:0 pmb:121 smb:8039 d:- ref:0 ;
in:299 out:299 type:P dur:2 cpbdur:2 q:0.00 aq:0.00 tex:4156 mv:317 misc:1055 imb:23 pmb:112 smb:8025 d:- ref:0 ;
in:300 out:300 type:I dur:2 cpbdur:2 q:4.11 aq:0.38 tex:1118218 mv:43972 misc:226 imb:8160 pmb:0 smb:0 d:- ref:;
in:302 out:301 type:P dur:2 cpbdur:2 q:0.00 aq:0.19 tex:116572 mv:6056 misc:2372 imb:1366 pmb:521 smb:6273 d:- ref:0 ;
in:301 out:302 type:b dur:2 cpbdur:2 q:4.08 aq:0.59 tex:4557 mv:392 misc:1747 imb:0 pmb:361 smb:7799 d:- ref:0 ;
in:303 out:303 type:P dur:2 cpbdur:2 q:0.00 aq:0.13 tex:99282 mv:5303 misc:1487 imb:1307 pmb:413 smb:6440 d:- ref:0 ;
in:304 out:304 type:P dur:2 cpbdur:2 q:0.00 aq:0.06 tex:129860 mv:5886 misc:1342 imb:1424 pmb:300 smb:6436 d:- ref:0 ;
in:305 out:305 type:P dur:2 cpbdur:2 q:0.00 aq:0.09 tex:132973 mv:5464 misc:1363 imb:1066 pmb:308 smb:6786 d:- ref:0 ;
in:308 out:306 type:P dur:2 cpbdur:2 q:0.00 aq:0.05 tex:178455 mv:6558 misc:1379 imb:1482 pmb:247 smb:6431 d:- ref:0 ;
in:306 out:307 type:B dur:2 cpbdur:2 q:0.00 aq:0.20 tex:82149 mv:4043 misc:1272 imb:390 pmb:1184 smb:6586 d:- ref:0 ;
in:307 out:308 type:b dur:2 cpbdur:2 q:0.00 aq:0.24 tex:68554 mv:4971 misc:1587 imb:495 pmb:939 smb:6726 d:- ref:0 ;
in:309 out:309 type:P dur:2 cpbdur:2 q:0.00 aq:0.04 tex:122783 mv:5896 misc:1353 imb:1412 pmb:283 smb:6465 d:- ref:0 ;
in:310 out:310 type:P dur:2 cpbdur:2 q:0.00 aq:0.07 tex:109656 mv:5378 misc:1430 imb:1292 pmb:442 smb:6426 d:- ref:0 ;
in:314 out:311 type:P dur:2 cpbdur:2 q:0.00 aq:0.02 tex:71558 mv:4684 misc:1662 imb:1156 pmb:469 smb:6535 d:- ref:0 ;
in:312 out:312 type:B dur:2 cpbdur:2 q:0.00 aq:0.13 tex:9199 mv:247 misc:1634 imb:0 pmb:356 smb:7804 d:- ref:0 ;
in:311 out:313 type:b dur:2 cpbdur:2 q:0.00 aq:0.60 tex:4032 mv:222 misc:1322 imb:0 pmb:270 smb:7890 d:- ref:0 ;
in:313 out:314 type:b dur:2 cpbdur:2 q:0.00 aq:0.47 tex:3505 mv:241 misc:1150 imb:0 pmb:172 smb:7988 d:- ref:0 ;
in:318 out:315 type:P dur:2 cpbdur:2 q:0.00 aq:0.02 tex:9538 mv:341 misc:1553 imb:19 pmb:233 smb:7908 d:- ref:0 ;
in:316 out:316 type:B dur:2 cpbdur:2 q:0.00 aq:0.05 tex:5147 mv:235 misc:1298 imb:0 pmb:202 smb:7958 d:- ref:0 ;
in:315 out:317 type:b dur:2 cpbdur:2 q:0.00 aq:0.47 tex:3458 mv:222 misc:1160 imb:0 pmb:171 smb:7989 d:- ref:0 ;
in:317 out:318 type:b dur:2 cpbdur:2 q:0.00 aq:0.44 tex:3383 mv:110 misc:987 imb:0 pmb:129 smb:8031 d:- ref:0 ;
in:322 out:319 type:P dur:2 cpbdur:2 q:0.00 aq:0.02 tex:6246 mv:321 misc:1361 imb:19 pmb:186 smb:7955 d:- ref:0 ;
in:320 out:320 type:B dur:2 cpbdur:2 q:0.00 aq:0.05 tex:4943 mv:101 misc:1180 imb:0 pmb:171 smb:7989 d:- ref:0 ;
in:319 out:321 type:b dur:2 cpbdur:2 q:0.00 aq:0.44 tex:3343 mv:109 misc:988 imb:0 pmb:129 smb:8031 d:- ref:0 ;
in:321 out:322 type:b dur:2 cpbdur:2 q:0.00 aq:0.44 tex:3282 mv:90 misc:964 imb:0 pmb:125 smb:8035 d:- ref:0 ;
in:326 out:323 type:P dur:2 cpbdur:2 q:0.00 aq:0.02 tex:80590 mv:705 misc:1417 imb:61 pmb:204 smb:7895 d:- ref:0 ;
in:324 out:324 type:B dur:2 cpbdur:2 q:0.00 aq:0.08 tex:5198 mv:158 misc:1268 imb:0 pmb:201 smb:7959 d:- ref:0 ;
in:323 out:325 type:b dur:2 cpbdur:2 q:0.00 aq:0.44 tex:3301 mv:142 misc:1037 imb:0 pmb:149 smb:8011 d:- ref:0 ;
in:325 out:326 type:b dur:2 cpbdur:2 q:0.00 aq:0.44 tex:3289 mv:97 misc:974 imb:0 pmb:126 smb:8034 d:- ref:0 ;
in:329 out:327 type:P dur:2 cpbdur:2 q:0.00 aq:0.25 tex:4213 mv:300 misc:1103 imb:19 pmb:128 smb:8013 d:- ref:0 ;
in:327 out:328 type:B dur:2 cpbdur:2 q:0.00 aq:0.15 tex:3634 mv:114 misc:1076 imb:0 pmb:142 smb:8018 d:- ref:0 ;
in:328 out:329 type:b dur:2 cpbdur:2 q:0.00 aq:0.06 tex:3233 mv:92 misc:971 imb:0 pmb:126 smb:8034 d:- ref:0 ;
in:330 out:330 type:I dur:2 cpbdur:2 q:4.44 aq:0.09 tex:1117428 mv:45095 misc:237 imb:8160 pmb:0 smb:0 d:- ref:;
in:334 out:331 type:P dur:2 cpbdur:2 q:0.00 aq:0.06 tex:17515 mv:545 misc:2140 imb:32 pmb:378 smb:7750 d:- ref:0 ;
in:332 out:332 type:B dur:2 cpbdur:2 q:4.40 aq:0.00 tex:3759 mv:187 misc:1158 imb:0 pmb:157 smb:8003 d:- ref:0 ;
in:331 out:333 type:b dur:2 cpbdur:2 q:4.40 aq:0.00 tex:3263 mv:192 misc:1097 imb:0 pmb:147 smb:8013 d:- ref:0 ;
in:333 out:334 type:b dur:2 cpbdur:2 q:4.40 aq:0.00 tex:3288 mv:73 misc:967 imb:0 pmb:123 smb:8037 d:- ref:0 ;
in:338 out:335 type:P dur:2 cpbdur:2 q:0.00 aq:0.03 tex:5493 mv:328 misc:1235 imb:24 pmb:144 smb:7992 d:- ref:0 ;
in:336 out:336 type:B dur:2 cpbdur:2 q:0.00 aq:0.00 tex:3589 mv:45 misc:1054 imb:0 pmb:133 smb:8027 d:- ref:0 ;
in:335 out:337 type:b dur:2 cpbdur:2 q:0.00 aq:0.00 tex:3061 mv:77 misc:950 imb:0 pmb:119 smb:8041 d:- ref:0 ;
in:337 out:338 type:b dur:2 cpbdur:2 q:0.00 aq:0.00 tex:3062 mv:78 misc:948 imb:0 pmb:119 smb:8041 d:- ref:0 ;
in:342 out:339 type:P dur:2 cpbdur:2 q:0.00 aq:0.02 tex:66629 mv:956 misc:1255 imb:61 pmb:159 smb:7940 d:- ref:0 ;
in:340 out:340 type:B dur:2 cpbdur:2 q:0.00 aq:0.00 tex:3599 mv:129 misc:1112 imb:0 pmb:156 smb:8004 d:- ref:0 ;
in:339 out:341 type:b dur:2 cpbdur:2 q:0.00 aq:0.00 tex:3061 mv:77 misc:950 imb:0 pmb:119 smb:8041 d:- ref:0 ;
in:341 out:342 type:b dur:2 cpbdur:2 q:0.00 aq:0.26 tex:3270 mv:168 misc:1034 imb:0 pmb:148 smb:8012 d:- ref:0 ;
in:346 out:343 type:P dur:2 cpbdur:2 q:0.00 aq:0.04 tex:6094 mv:328 misc:1226 imb:23 pmb:144 smb:7993 d:- ref:0 ;
in:344 out:344 type:B dur:2 cpbdur:2 q:0.00 aq:0.09 tex:3646 mv:89 misc:1081 imb:0 pmb:140 smb:8020 d:- ref:0 ;
in:343 out:345 type:b dur:2 cpbdur:2 q:0.00 aq:0.00 tex:3066 mv:89 misc:949 imb:0 pmb:120 smb:8040 d:- ref:0 ;
in:345 out:346 type:b dur:2 cpbdur:2 q:0.00 aq:0.00 tex:3062 mv:78 misc:948 imb:0 pmb:119 smb:8041 d:- ref:0 ;
in:350 out:347 type:P dur:2 cpbdur:2 q:0.00 aq:0.02 tex:4625 mv:312 misc:1167 imb:23 pmb:129 smb:8008 d:- ref:0 ;
in:348 out:348 type:B dur:2 cpbdur:2 q:0.00 aq:0.00 tex:3587 mv:31 misc:1046 imb:0 pmb:132 smb:8028 d:- ref:0 ;
in:347 out:349 type:b dur:2 cpbdur:2 q:0.00 aq:0.00 tex:3061 mv:77 misc:950 imb:0 pmb:119 smb:8041 d:- ref:0 ;
in:349 out:350 type:b dur:2 cpbdur:2 q:0.00 aq:0.00 tex:3062 mv:78 misc:948 imb:0 pmb:119 smb:8041 d:- ref:0 ;
in:353 out:351 type:P dur:2 cpbdur:2 q:0.00 aq:0.20 tex:352260 mv:19951 misc:485 imb:6283 pmb:1877 smb:0 d:- ref:0 w:7,125,5,5,32,0,31,3 ;
in:351 out:352 type:B dur:2 cpbdur:2 q:0.00 aq:0.00 tex:3623 mv:242 misc:1511 imb:0 pmb:365 smb:7795 d:- ref:0 ;
in:352 out:353 type:b dur:2 cpbdur:2 q:0.00 aq:0.00 tex:3361 mv:333 misc:1658 imb:0 pmb:397 smb:7763 d:- ref:0 ;
in:354 out:354 type:P dur:2 cpbdur:2 q:0.44 aq:0.53 tex:535486 mv:15804 misc:1710 imb:3437 pmb:1000 smb:3723 d:- ref:0 w:5,29,20,6,64,0,59,10 ;
in:355 out:355 type:P dur:2 cpbdur:2 q:0.45 aq:0.60 tex:728465 mv:14167 misc:1912 imb:2350 pmb:1192 smb:4618 d:- ref:0 w:7,115,22,7,112,15,113,15 ;
in:358 out:356 type:P dur:2 cpbdur:2 q:0.29 aq:0.54 tex:738683 mv:14799 misc:1934 imb:2892 pmb:453 smb:4815 d:- ref:0 ;
in:356 out:357 type:B dur:2 cpbdur:2 q:0.45 aq:0.77 tex:574767 mv:23325 misc:1876 imb:2357 pmb:869 smb:4934 d:- ref:0 ;
in:357 out:358 type:b dur:2 cpbdur:2 q:0.45 aq:0.78 tex:444202 mv:19591 misc:1527 imb:2272 pmb:840 smb:5048 d:- ref:0 ;
in:359 out:359 type:P dur:2 cpbdur:2 q:0.04 aq:0.52 tex:632616 mv:13733 misc:1819 imb:4332 pmb:952 smb:2876 d:- ref:0 w:6,71,-24,3,9,-15,8,0 ;
in:360 out:360 type:I dur:2 cpbdur:2 q:2.37 aq:0.08 tex:1024719 mv:39423 misc:242 imb:8160 pmb:0 smb:0 d:- ref:w:6,71,-24,3,9,-15,8,0 ;
in:364 out:361 type:P dur:2 cpbdur:2 q:0.00 aq:0.06 tex:388150 mv:7420 misc:2286 imb:1521 pmb:690 smb:5949 d:- ref:0 ;
in:362 out:362 type:B dur:2 cpbdur:2 q:2.35 aq:0.61 tex:215956 mv:7301 misc:2391 imb:393 pmb:730 smb:7037 d:- ref:0 ;
in:361 out:363 type:b dur:2 cpbdur:2 q:2.35 aq:1.23 tex:120032 mv:4097 misc:2127 imb:222 pmb:727 smb:7211 d:- ref:0 ;
in:363 out:364 type:b dur:2 cpbdur:2 q:2.35 aq:0.87 tex:187168 mv:6529 misc:2159 imb:354 pmb:694 smb:7112 d:- ref:0 ;
in:368 out:365 type:P dur:2 cpbdur:2 q:0.00 aq:0.06 tex:493368 mv:9082 misc:1830 imb:1546 pmb:585 smb:6029 d:- ref:0 ;
in:366 out:366 type:B dur:2 cpbdur:2 q:0.00 aq:0.46 tex:334129 mv:9050 misc:2173 imb:348 pmb:854 smb:6958 d:- ref:0 ;
in:365 out:367 type:b dur:2 cpbdur:2 q:0.00 aq:0.62 tex:288962 mv:8707 misc:2243 imb:370 pmb:748 smb:7042 d:- ref:0 ;
in:367 out:368 type:b dur:2 cpbdur:2 q:0.00 aq:0.80 tex:292781 mv:8742 misc:2093 imb:369 pmb:761 smb:7030 d:- ref:0 ;
in:372 out:369 type:P dur:2 cpbdur:2 q:0.00 aq:0.03 tex:418149 mv:7952 misc:1819 imb:1405 pmb:655 smb:6100 d:- ref:0 ;
in:370 out:370 type:B dur:2 cpbdur:2 q:0.00 aq:0.45 tex:274830 mv:9653 misc:2357 imb:432 pmb:751 smb:6977 d:- ref:0 ;
in:369 out:371 type:b dur:2 cpbdur:2 q:0.00 aq:0.71 tex:225414 mv:7958 misc:2228 imb:365 pmb:754 smb:7041 d:- ref:0 ;
in:371 out:372 type:b dur:2 cpbdur:2 q:0.00 aq:0.76 tex:237050 mv:8030 misc:2120 imb:357 pmb:768 smb:7035 d:- ref:0 ;
in:376 out:373 type:P dur:2 cpbdur:2 q:0.00 aq:0.03 tex:338670 mv:6962 misc:1840 imb:1378 pmb:644 smb:6138 d:- ref:0 ;
in:374 out:374 type:B dur:2 cpbdur:2 q:0.00 aq:0.69 tex:278247 mv:7872 misc:2041 imb:324 pmb:800 smb:7036 d:- ref:0 ;
in:373 out:375 type:b dur:2 cpbdur:2 q:0.00 aq:0.55 tex:233033 mv:8655 misc:2096 imb:448 pmb:677 smb:7035 d:- ref:0 ;
in:375 out:376 type:b dur:2 cpbdur:2 q:0.00 aq:0.50 tex:228403 mv:7131 misc:1994 imb:370 pmb:684 smb:7106 d:- ref:0 ;
in:378 out:377 type:P dur:2 cpbdur:2 q:0.00 aq:0.01 tex:326358 mv:6279 misc:1923 imb:1335 pmb:616 smb:6209 d:- ref:0 ;
in:377 out:378 type:b dur:2 cpbdur:2 q:0.00 aq:0.71 tex:145121 mv:3813 misc:2114 imb:208 pmb:765 smb:7187 d:- ref:0 ;
in:382 out:379 type:P dur:2 cpbdur:2 q:0.00 aq:0.01 tex:35497 mv:688 misc:1999 imb:49 pmb:465 smb:7646 d:- ref:0 ;
in:380 out:380 type:B dur:2 cpbdur:2 q:0.00 aq:0.36 tex:8123 mv:404 misc:1737 imb:0 pmb:328 smb:7832 d:- ref:0 ;
in:379 out:381 type:b dur:2 cpbdur:2 q:0.00 aq:0.34 tex:5519 mv:333 misc:1420 imb:0 pmb:233 smb:7927 d:- ref:0 ;
in:381 out:382 type:b dur:2 cpbdur:2 q:0.00 aq:0.29 tex:5869 mv:142 misc:1109 imb:0 pmb:159 smb:8001 d:- ref:0 ;
in:386 out:383 type:P dur:2 cpbdur:2 q:0.00 aq:0.01 tex:34044 mv:437 misc:1903 imb:27 pmb:362 smb:7771 d:- ref:0 ;
in:384 out:384 type:B dur:2 cpbdur:2 q:0.00 aq:0.48 tex:11225 mv:198 misc:1257 imb:0 pmb:195 smb:7965 d:- ref:0 ;
in:383 out:385 type:b dur:2 cpbdur:2 q:0.00 aq:0.66 tex:9525 mv:186 misc:1145 imb:0 pmb:168 smb:7992 d:- ref:0 ;
in:385 out:386 type:b dur:2 cpbdur:2 q:0.00 aq:0.76 tex:8303 mv:127 misc:1114 imb:0 pmb:160 smb:8000 d:- ref:0 ;
in:389 out:387 type:P dur:2 cpbdur:2 q:0.00 aq:0.31 tex:11172 mv:291 misc:1153 imb:18 pmb:146 smb:7996 d:- ref:0 ;
in:387 out:388 type:B dur:2 cpbdur:2 q:0.00 aq:0.31 tex:7780 mv:119 misc:1125 imb:0 pmb:157 smb:8003 d:- ref:0 ;
in:388 out:389 type:b dur:2 cpbdur:2 q:0.00 aq:0.28 tex:5875 mv:93 misc:1064 imb:0 pmb:148 smb:8012 d:- ref:0 ;
in:390 out:390 type:I dur:2 cpbdur:2 q:4.92 aq:0.42 tex:1181377 mv:44432 misc:247 imb:8160 pmb:0 smb:0 d:- ref:;
in:393 out:391 type:P dur:2 cpbdur:2 q:0.00 aq:0.19 tex:87779 mv:1007 misc:2262 imb:93 pmb:410 smb:7657 d:- ref:0 ;
in:391 out:392 type:B dur:2 cpbdur:2 q:4.88 aq:0.01 tex:4429 mv:398 misc:1357 imb:0 pmb:225 smb:7935 d:- ref:0 ;
in:392 out:393 type:b dur:2 cpbdur:2 q:4.88 aq:0.00 tex:29682 mv:560 misc:1022 imb:32 pmb:158 smb:7970 d:- ref:0 ;
in:395 out:394 type:P dur:2 cpbdur:2 q:0.00 aq:0.06 tex:123087 mv:1197 misc:1364 imb:65 pmb:218 smb:7877 d:- ref:0 ;
in:394 out:395 type:b dur:2 cpbdur:2 q:0.00 aq:0.27 tex:50041 mv:865 misc:1006 imb:3 pmb:181 smb:7976 d:- ref:0 ;
in:397 out:396 type:P dur:2 cpbdur:2 q:0.00 aq:0.12 tex:128662 mv:1032 misc:1322 imb:39 pmb:247 smb:7874 d:- ref:0 ;
in:396 out:397 type:b dur:2 cpbdur:2 q:0.00 aq:0.42 tex:67556 mv:904 misc:932 imb:6 pmb:199 smb:7955 d:- ref:0 ;
in:401 out:398 type:P dur:2 cpbdur:2 q:0.00 aq:0.06 tex:91655 mv:740 misc:1309 imb:19 pmb:247 smb:7894 d:- ref:0 ;
in:399 out:399 type:B dur:2 cpbdur:2 q:0.00 aq:0.46 tex:10134 mv:224 misc:1010 imb:0 pmb:179 smb:7981 d:- ref:0 ;
in:398 out:400 type:b dur:2 cpbdur:2 q:0.00 aq:0.13 tex:5586 mv:194 misc:1052 imb:0 pmb:168 smb:7992 d:- ref:0 ;
in:400 out:401 type:b dur:2 cpbdur:2 q:0.00 aq:0.15 tex:4447 mv:157 misc:1036 imb:0 pmb:140 smb:8020 d:- ref:0 ;
in:405 out:402 type:P dur:2 cpbdur:2 q:0.00 aq:0.06 tex:13837 mv:290 misc:1345 imb:12 pmb:225 smb:7923 d:- ref:0 ;
in:403 out:403 type:B dur:2 cpbdur:2 q:0.00 aq:0.23 tex:5030 mv:210 misc:1176 imb:0 pmb:181 smb:7979 d:- ref:0 ;
in:402 out:404 type:b dur:2 cpbdur:2 q:0.00 aq:0.10 tex:3649 mv:176 misc:1047 imb:0 pmb:141 smb:8019 d:- ref:0 ;
in:404 out:405 type:b dur:2 cpbdur:2 q:0.00 aq:0.10 tex:3620 mv:103 misc:989 imb:0 pmb:125 smb:8035 d:- ref:0 ;
in:409 out:406 type:P dur:2 cpbdur:2 q:0.00 aq:0.06 tex:7329 mv:273 misc:1342 imb:12 pmb:186 smb:7962 d:- ref:0 ;
in:407 out:407 type:B dur:2 cpbdur:2 q:0.00 aq:0.12 tex:4591 mv:88 misc:1097 imb:0 pmb:144 smb:8016 d:- ref:0 ;
in:406 out:408 type:b dur:2 cpbdur:2 q:0.00 aq:0.03 tex:3559 mv:102 misc:987 imb:0 pmb:124 smb:8036 d:- ref:0 ;
in:408 out:409 type:b dur:2 cpbdur:2 q:0.00 aq:0.03 tex:3554 mv:103 misc:975 imb:0 pmb:123 smb:8037 d:- ref:0 ;
in:413 out:410 type:P dur:2 cpbdur:2 q:0.00 aq:0.09 tex:6986 mv:282 misc:1324 imb:12 pmb:183 smb:7965 d:- ref:0 ;
in:411 out:411 type:B dur:2 cpbdur:2 q:0.00 aq:0.12 tex:4568 mv:49 misc:1095 imb:0 pmb:142 smb:8018 d:- ref:0 ;
in:410 out:412 type:b dur:2 cpbdur:2 q:0.00 aq:0.03 tex:3555 mv:98 misc:979 imb:0 pmb:123 smb:8037 d:- ref:0 ;
in:412 out:413 type:b dur:2 cpbdur:2 q:0.00 aq:0.03 tex:3554 mv:103 misc:975 imb:0 pmb:123 smb:8037 d:- ref:0 ;
in:417 out:414 type:P dur:2 cpbdur:2 q:0.00 aq:0.09 tex:6948 mv:273 misc:1323 imb:12 pmb:182 smb:7966 d:- ref:0 ;
in:415 out:415 type:B dur:2 cpbdur:2 q:0.00 aq:0.12 tex:4563 mv:37 misc:1088 imb:0 pmb:141 smb:8019 d:- ref:0 ;
in:414 out:416 type:b dur:2 cpbdur:2 q:0.00 aq:0.03 tex:3555 mv:98 misc:979 imb:0 pmb:123 smb:8037 d:- ref:0 ;
in:416 out:417 type:b dur:2 cpbdur:2 q:0.00 aq:0.03 tex:3554 mv:103 misc:975 imb:0 pmb:123 smb:8037 d:- ref:0 ;
in:419 out:418 type:P dur:2 cpbdur:2 q:0.00 aq:0.12 tex:5034 mv:267 misc:1139 imb:12 pmb:130 smb:8018 d:- ref:0 ;
in:418 out:419 type:b dur:2 cpbdur:2 q:0.00 aq:0.03 tex:4157 mv:35 misc:1016 imb:0 pmb:129 smb:8031 d:- ref:0 ;
in:420 out:420 type:I dur:2 cpbdur:2 q:5.23 aq:0.21 tex:1284523 mv:47666 misc:251 imb:8160 pmb:0 smb:0 d:- ref:;
in:424 out:421 type:P dur:2 cpbdur:2 q:0.00 aq:0.46 tex:34799 mv:486 misc:2051 imb:31 pmb:412 smb:7717 d:- ref:0 ;
in:422 out:422 type:B dur:2 cpbdur:2 q:5.18 aq:0.00 tex:3508 mv:174 misc:1078 imb:0 pmb:142 smb:8018 d:- ref:0 ;
in:421 out:423 type:b dur:2 cpbdur:2 q:5.18 aq:0.00 tex:3048 mv:176 misc:1024 imb:0 pmb:133 smb:8027 d:- ref:0 ;
in:423 out:424 type:b dur:2 cpbdur:2 q:5.18 aq:0.00 tex:2956 mv:98 misc:914 imb:0 pmb:115 smb:8045 d:- ref:0 ;
in:428 out:425 type:P dur:2 cpbdur:2 q:0.00 aq:0.17 tex:56449 mv:383 misc:1368 imb:23 pmb:324 smb:7813 d:- ref:0 ;
in:426 out:426 type:B dur:2 cpbdur:2 q:0.00 aq:0.29 tex:4978 mv:281 misc:1261 imb:0 pmb:234 smb:7926 d:- ref:0 ;
in:425 out:427 type:b dur:2 cpbdur:2 q:0.00 aq:0.00 tex:3051 mv:109 misc:936 imb:0 pmb:120 smb:8040 d:- ref:0 ;
in:427 out:428 type:b dur:2 cpbdur:2 q:0.00 aq:0.00 tex:3101 mv:225 misc:1130 imb:0 pmb:208 smb:7952 d:- ref:0 ;
in:429 out:429 type:P dur:2 cpbdur:2 q:0.00 aq:0.23 tex:133710 mv:585 misc:1369 imb:34 pmb:342 smb:7784 d:- ref:0 ;
in:433 out:430 type:P dur:2 cpbdur:2 q:0.00 aq:0.05 tex:75904 mv:1606 misc:1346 imb:201 pmb:174 smb:7785 d:- ref:0 ;
in:431 out:431 type:B dur:2 cpbdur:2 q:0.00 aq:0.14 tex:110048 mv:253 misc:1235 imb:8 pmb:336 smb:7816 d:- ref:0 ;
in:430 out:432 type:b dur:2 cpbdur:2 q:0.00 aq:0.21 tex:45476 mv:283 misc:1129 imb:8 pmb:328 smb:7824 d:- ref:0 ;
in:432 out:433 type:b dur:2 cpbdur:2 q:0.00 aq:0.00 tex:96925 mv:298 misc:1161 imb:8 pmb:321 smb:7831 d:- ref:0 ;
in:437 out:434 type:P dur:2 cpbdur:2 q:0.00 aq:0.05 tex:19609 mv:1175 misc:1360 imb:203 pmb:157 smb:7800 d:- ref:0 ;
in:435 out:435 type:B dur:2 cpbdur:2 q:0.00 aq:0.10 tex:4355 mv:267 misc:1250 imb:0 pmb:226 smb:7934 d:- ref:0 ;
in:434 out:436 type:b dur:2 cpbdur:2 q:0.00 aq:0.00 tex:3576 mv:208 misc:1160 imb:0 pmb:212 smb:7948 d:- ref:0 ;
in:436 out:437 type:b dur:2 cpbdur:2 q:0.00 aq:0.00 tex:3501 mv:87 misc:1004 imb:0 pmb:132 smb:8028 d:- ref:0 ;
in:439 out:438 type:P dur:2 cpbdur:2 q:0.00 aq:0.05 tex:113882 mv:798 misc:1512 imb:90 pmb:361 smb:7709 d:- ref:0 ;
in:438 out:439 type:b dur:2 cpbdur:2 q:0.00 aq:0.00 tex:3896 mv:225 misc:1263 imb:0 pmb:235 smb:7925 d:- ref:0 ;
in:443 out:440 type:P dur:2 cpbdur:2 q:0.00 aq:0.05 tex:335239 mv:2993 misc:1456 imb:249 pmb:271 smb:7640 d:- ref:0 ;
in:441 out:441 type:B dur:2 cpbdur:2 q:0.00 aq:0.13 tex:126977 mv:1077 misc:1354 imb:4 pmb:434 smb:7722 d:- ref:0 ;
in:440 out:442 type:b dur:2 cpbdur:2 q:0.00 aq:0.07 tex:103218 mv:1117 misc:1265 imb:7 pmb:406 smb:7747 d:- ref:0 ;
in:442 out:443 type:b dur:2 cpbdur:2 q:0.00 aq:0.08 tex:99255 mv:966 misc:1275 imb:3 pmb:420 smb:7737 d:- ref:0 ;
in:447 out:444 type:P dur:2 cpbdur:2 q:0.00 aq:0.06 tex:152808 mv:1617 misc:1423 imb:220 pmb:300 smb:7640 d:- ref:0 ;
in:445 out:445 type:B dur:2 cpbdur:2 q:0.00 aq:0.14 tex:89251 mv:901 misc:1376 imb:45 pmb:357 smb:7758 d:- ref:0 ;
in:444 out:446 type:b dur:2 cpbdur:2 q:0.00 aq:0.03 tex:55414 mv:244 misc:1262 imb:1 pmb:359 smb:7800 d:- ref:0 ;
in:446 out:447 type:b dur:2 cpbdur:2 q:0.00 aq:0.06 tex:27566 mv:551 misc:1251 imb:12 pmb:306 smb:7842 d:- ref:0 ;
in:449 out:448 type:P dur:2 cpbdur:2 q:0.00 aq:0.17 tex:9864 mv:309 misc:1323 imb:20 pmb:202 smb:7938 d:- ref:0 ;
in:448 out:449 type:b dur:2 cpbdur:2 q:0.00 aq:0.08 tex:4292 mv:201 misc:1155 imb:0 pmb:172 smb:7988 d:- ref:0 ;
in:450 out:450 type:I dur:2 cpbdur:2 q:4.15 aq:0.51 tex:1020288 mv:40152 misc:240 imb:8160 pmb:0 smb:0 d:- ref:;
in:453 out:451 type:P dur:2 cpbdur:2 q:0.00 aq:0.15 tex:65254 mv:1556 misc:2262 imb:199 pmb:374 smb:7587 d:- ref:0 ;
in:451 out:452 type:B dur:2 cpbdur:2 q:4.11 aq:0.01 tex:4534 mv:385 misc:1473 imb:0 pmb:250 smb:7910 d:- ref:0 ;
in:452 out:453 type:b dur:2 cpbdur:2 q:4.11 aq:0.02 tex:19338 mv:487 misc:1087 imb:22 pmb:195 smb:7943 d:- ref:0 ;
in:456 out:454 type:P dur:2 cpbdur:2 q:0.00 aq:0.52 tex:90147 mv:1379 misc:1010 imb:154 pmb:98 smb:7908 d:- ref:0 ;
in:454 out:455 type:B dur:2 cpbdur:2 q:0.00 aq:0.74 tex:58321 mv:1501 misc:1098 imb:111 pmb:183 smb:7866 d:- ref:0 ;
in:455 out:456 type:b dur:2 cpbdur:2 q:0.00 aq:0.22 tex:38880 mv:1410 misc:1022 imb:68 pmb:207 smb:7885 d:- ref:0 ;
in:460 out:457 type:P dur:2 cpbdur:2 q:0.00 aq:0.09 tex:60915 mv:1164 misc:1249 imb:122 pmb:189 smb:7849 d:- ref:0 ;
in:458 out:458 type:B dur:2 cpbdur:2 q:0.00 aq:0.59 tex:7356 mv:179 misc:1193 imb:0 pmb:200 smb:7960 d:- ref:0 ;
in:457 out:459 type:b dur:2 cpbdur:2 q:0.00 aq:0.23 tex:32622 mv:1008 misc:1042 imb:49 pmb:190 smb:7921 d:- ref:0 ;
in:459 out:460 type:b dur:2 cpbdur:2 q:0.00 aq:0.26 tex:4698 mv:178 misc:1012 imb:0 pmb:132 smb:8028 d:- ref:0 ;
in:464 out:461 type:P dur:2 cpbdur:2 q:0.00 aq:0.09 tex:9393 mv:302 misc:1289 imb:12 pmb:180 smb:7968 d:- ref:0 ;
in:462 out:462 type:B dur:2 cpbdur:2 q:0.00 aq:0.64 tex:5312 mv:161 misc:1127 imb:0 pmb:153 smb:8007 d:- ref:0 ;
in:461 out:463 type:b dur:2 cpbdur:2 q:0.00 aq:0.30 tex:4383 mv:194 misc:1007 imb:0 pmb:129 smb:8031 d:- ref:0 ;
in:463 out:464 type:b dur:2 cpbdur:2 q:0.00 aq:0.30 tex:3656 mv:101 misc:939 imb:0 pmb:115 smb:8045 d:- ref:0 ;
in:468 out:465 type:P dur:2 cpbdur:2 q:0.00 aq:0.09 tex:5662 mv:268 misc:1222 imb:11 pmb:148 smb:8001 d:- ref:0 ;
in:466 out:466 type:B dur:2 cpbdur:2 q:0.00 aq:0.59 tex:4001 mv:53 misc:1042 imb:0 pmb:130 smb:8030 d:- ref:0 ;
in:465 out:467 type:b dur:2 cpbdur:2 q:0.00 aq:0.04 tex:3055 mv:103 misc:930 imb:0 pmb:115 smb:8045 d:- ref:0 ;
in:467 out:468 type:b dur:2 cpbdur:2 q:0.00 aq:0.04 tex:3050 mv:102 misc:928 imb:0 pmb:114 smb:8046 d:- ref:0 ;
in:472 out:469 type:P dur:2 cpbdur:2 q:0.00 aq:0.09 tex:5190 mv:266 misc:1216 imb:11 pmb:144 smb:8005 d:- ref:0 ;
in:470 out:470 type:B dur:2 cpbdur:2 q:0.00 aq:0.59 tex:4001 mv:39 misc:1040 imb:0 pmb:129 smb:8031 d:- ref:0 ;
in:469 out:471 type:b dur:2 cpbdur:2 q:0.00 aq:0.04 tex:3053 mv:97 misc:930 imb:0 pmb:114 smb:8046 d:- ref:0 ;
in:471 out:472 type:b dur:2 cpbdur:2 q:0.00 aq:0.04 tex:3050 mv:102 misc:928 imb:0 pmb:114 smb:8046 d:- ref:0 ;
in:476 out:473 type:P dur:2 cpbdur:2 q:0.00 aq:0.00 tex:5036 mv:254 misc:1198 imb:11 pmb:141 smb:8008 d:- ref:0 ;
in:474 out:474 type:B dur:2 cpbdur:2 q:0.00 aq:0.59 tex:4001 mv:39 misc:1040 imb:0 pmb:129 smb:8031 d:- ref:0 ;
in:473 out:475 type:b dur:2 cpbdur:2 q:0.00 aq:0.04 tex:3053 mv:97 misc:930 imb:0 pmb:114 smb:8046 d:- ref:0 ;
in:475 out:476 type:b dur:2 cpbdur:2 q:0.00 aq:0.04 tex:3050 mv:102 misc:928 imb:0 pmb:114 smb:8046 d:- ref:0 ;
in:479 out:477 type:P dur:2 cpbdur:2 q:0.00 aq:0.01 tex:4027 mv:263 misc:1006 imb:11 pmb:110 smb:8039 d:- ref:0 ;
in:477 out:478 type:B dur:2 cpbdur:2 q:0.00 aq:0.00 tex:3535 mv:51 misc:974 imb:0 pmb:119 smb:8041 d:- ref:0 ;
in:478 out:479 type:b dur:2 cpbdur:2 q:0.00 aq:0.00 tex:2991 mv:100 misc:917 imb:0 pmb:113 smb:8047 d:- ref:0 ;
in:480 out:480 type:I dur:2 cpbdur:2 q:4.27 aq:0.26 tex:1078735 mv:41834 misc:239 imb:8160 pmb:0 smb:0 d:- ref:;
in:481 out:481 type:P dur:2 cpbdur:2 q:0.00 aq:0.60 tex:47007 mv:1338 misc:1919 imb:161 pmb:276 smb:7723 d:- ref:0 ;
in:483 out:482 type:P dur:2 cpbdur:2 q:0.00 aq:0.19 tex:100275 mv:1543 misc:1406 imb:179 pmb:202 smb:7779 d:- ref:0 ;
in:482 out:483 type:b dur:2 cpbdur:2 q:0.00 aq:0.66 tex:38234 mv:1327 misc:943 imb:85 pmb:167 smb:7908 d:- ref:0 ;
in:484 out:484 type:P dur:2 cpbdur:2 q:0.00 aq:0.28 tex:129823 mv:1677 misc:1404 imb:181 pmb:241 smb:7738 d:- ref:0 ;
in:486 out:485 type:P dur:2 cpbdur:2 q:0.00 aq:0.05 tex:181185 mv:1903 misc:1328 imb:160 pmb:266 smb:7734 d:- ref:0 ;
in:485 out:486 type:b dur:2 cpbdur:2 q:0.00 aq:0.06 tex:89145 mv:1756 misc:1091 imb:64 pmb:283 smb:7813 d:- ref:0 ;
in:488 out:487 type:P dur:2 cpbdur:2 q:0.00 aq:0.05 tex:112373 mv:1110 misc:1349 imb:45 pmb:270 smb:7845 d:- ref:0 ;
in:487 out:488 type:b dur:2 cpbdur:2 q:0.00 aq:0.13 tex:49548 mv:988 misc:1072 imb:3 pmb:229 smb:7928 d:- ref:0 ;
in:492 out:489 type:P dur:2 cpbdur:2 q:0.00 aq:0.05 tex:73119 mv:597 misc:1332 imb:25 pmb:252 smb:7883 d:- ref:0 ;
in:490 out:490 type:B dur:2 cpbdur:2 q:0.00 aq:0.19 tex:5383 mv:216 misc:1161 imb:0 pmb:189 smb:7971 d:- ref:0 ;
in:489 out:491 type:b dur:2 cpbdur:2 q:0.00 aq:0.07 tex:3355 mv:181 misc:1048 imb:0 pmb:161 smb:7999 d:- ref:0 ;
in:491 out:492 type:b dur:2 cpbdur:2 q:0.00 aq:0.07 tex:3358 mv:105 misc:945 imb:0 pmb:124 smb:8036 d:- ref:0 ;
in:496 out:493 type:P dur:2 cpbdur:2 q:0.00 aq:0.05 tex:10113 mv:282 misc:1333 imb:16 pmb:222 smb:7922 d:- ref:0 ;
in:494 out:494 type:B dur:2 cpbdur:2 q:0.00 aq:0.13 tex:3843 mv:163 misc:1106 imb:0 pmb:154 smb:8006 d:- ref:0 ;
in:493 out:495 type:b dur:2 cpbdur:2 q:0.00 aq:0.05 tex:3303 mv:100 misc:949 imb:0 pmb:124 smb:8036 d:- ref:0 ;
in:495 out:496 type:b dur:2 cpbdur:2 q:0.00 aq:0.05 tex:3293 mv:52 misc:927 imb:0 pmb:120 smb:8040 d:- ref:0 ;
in:500 out:497 type:P dur:2 cpbdur:2 q:0.00 aq:0.05 tex:6900 mv:272 misc:1324 imb:16 pmb:192 smb:7952 d:- ref:0 ;
in:498 out:498 type:B dur:2 cpbdur:2 q:0.00 aq:0.13 tex:3774 mv:65 misc:1049 imb:0 pmb:136 smb:8024 d:- ref:0 ;
in:497 out:499 type:b dur:2 cpbdur:2 q:0.00 aq:0.05 tex:3251 mv:53 misc:928 imb:0 pmb:119 smb:8041 d:- ref:0 ;
in:499 out:500 type:b dur:2 cpbdur:2 q:0.00 aq:0.05 tex:3250 mv:55 misc:927 imb:0 pmb:119 smb:8041 d:- ref:0 ;
in:504 out:501 type:P dur:2 cpbdur:2 q:0.00 aq:0.05 tex:6532 mv:280 misc:1308 imb:16 pmb:189 smb:7955 d:- ref:0 ;
in:502 out:502 type:B dur:2 cpbdur:2 q:0.00 aq:0.13 tex:3705 mv:38 misc:1033 imb:0 pmb:133 smb:8027 d:- ref:0 ;
in:501 out:503 type:b dur:2 cpbdur:2 q:0.00 aq:0.05 tex:3251 mv:53 misc:928 imb:0 pmb:119 smb:8041 d:- ref:0 ;
in:503 out:504 type:b dur:2 cpbdur:2 q:0.00 aq:0.05 tex:3250 mv:55 misc:927 imb:0 pmb:119 smb:8041 d:- ref:0 ;
in:508 out:505 type:P dur:2 cpbdur:2 q:0.00 aq:0.05 tex:6510 mv:279 misc:1307 imb:16 pmb:189 smb:7955 d:- ref:0 ;
in:506 out:506 type:B dur:2 cpbdur:2 q:0.00 aq:0.13 tex:3705 mv:38 misc:1033 imb:0 pmb:133 smb:8027 d:- ref:0 ;
in:505 out:507 type:b dur:2 cpbdur:2 q:0.00 aq:0.05 tex:3251 mv:53 misc:928 imb:0 pmb:119 smb:8041 d:- ref:0 ;
in:507 out:508 type:b dur:2 cpbdur:2 q:0.00 aq:0.05 tex:3250 mv:55 misc:927 imb:0 pmb:119 smb:8041 d:- ref:0 ;
in:509 out:509 type:P dur:2 cpbdur:2 q:0.00 aq:0.00 tex:3717 mv:254 misc:1013 imb:16 pmb:113 smb:8031 d:- ref:0 ;
in:510 out:510 type:I dur:2 cpbdur:2 q:6.13 aq:0.23 tex:1246760 mv:47111 misc:265 imb:8160 pmb:0 smb:0 d:- ref:;
in:514 out:511 type:P dur:2 cpbdur:2 q:0.00 aq:0.17 tex:23823 mv:593 misc:2200 imb:44 pmb:404 smb:7712 d:- ref:0 ;
in:512 out:512 type:B dur:2 cpbdur:2 q:6.08 aq:0.06 tex:3406 mv:181 misc:1093 imb:0 pmb:146 smb:8014 d:- ref:0 ;
in:511 out:513 type:b dur:2 cpbdur:2 q:6.08 aq:1.32 tex:3036 mv:166 misc:998 imb:0 pmb:130 smb:8030 d:- ref:0 ;
in:513 out:514 type:b dur:2 cpbdur:2 q:6.08 aq:1.32 tex:3094 mv:48 misc:898 imb:0 pmb:112 smb:8048 d:- ref:0 ;
in:516 out:515 type:P dur:2 cpbdur:2 q:0.00 aq:0.05 tex:54856 mv:1298 misc:1374 imb:168 pmb:207 smb:7785 d:- ref:0 ;
in:515 out:516 type:b dur:2 cpbdur:2 q:0.00 aq:0.67 tex:18755 mv:429 misc:1024 imb:15 pmb:196 smb:7949 d:- ref:0 ;
in:519 out:517 type:P dur:2 cpbdur:2 q:0.00 aq:0.05 tex:89221 mv:1491 misc:1368 imb:160 pmb:217 smb:7783 d:- ref:0 ;
in:517 out:518 type:B dur:2 cpbdur:2 q:0.00 aq:1.25 tex:56679 mv:1306 misc:1015 imb:104 pmb:178 smb:7878 d:- ref:0 ;
in:518 out:519 type:b dur:2 cpbdur:2 q:0.00 aq:0.68 tex:38336 mv:1174 misc:1002 imb:57 pmb:194 smb:7909 d:- ref:0 ;
in:523 out:520 type:P dur:2 cpbdur:2 q:0.00 aq:0.05 tex:54955 mv:1172 misc:1425 imb:120 pmb:237 smb:7803 d:- ref:0 ;
in:521 out:521 type:B dur:2 cpbdur:2 q:0.00 aq:0.29 tex:6437 mv:218 misc:1089 imb:0 pmb:194 smb:7966 d:- ref:0 ;
in:520 out:522 type:b dur:2 cpbdur:2 q:0.00 aq:1.25 tex:31818 mv:950 misc:1032 imb:49 pmb:184 smb:7927 d:- ref:0 ;
in:522 out:523 type:b dur:2 cpbdur:2 q:0.00 aq:0.69 tex:3942 mv:159 misc:955 imb:0 pmb:128 smb:8032 d:- ref:0 ;
in:527 out:524 type:P dur:2 cpbdur:2 q:0.00 aq:0.05 tex:10213 mv:373 misc:1430 imb:21 pmb:221 smb:7918 d:- ref:0 ;
in:525 out:525 type:B dur:2 cpbdur:2 q:0.00 aq:0.28 tex:4354 mv:184 misc:1046 imb:0 pmb:145 smb:8015 d:- ref:0 ;
in:524 out:526 type:b dur:2 cpbdur:2 q:0.00 aq:1.09 tex:3815 mv:145 misc:944 imb:0 pmb:124 smb:8036 d:- ref:0 ;
in:526 out:527 type:b dur:2 cpbdur:2 q:0.00 aq:1.22 tex:3709 mv:74 misc:913 imb:0 pmb:115 smb:8045 d:- ref:0 ;
in:531 out:528 type:P dur:2 cpbdur:2 q:0.00 aq:0.05 tex:7540 mv:312 misc:1404 imb:20 pmb:195 smb:7945 d:- ref:0 ;
in:529 out:529 type:B dur:2 cpbdur:2 q:0.00 aq:0.28 tex:3372 mv:56 misc:988 imb:0 pmb:124 smb:8036 d:- ref:0 ;
in:528 out:530 type:b dur:2 cpbdur:2 q:0.00 aq:1.28 tex:3138 mv:71 misc:911 imb:0 pmb:116 smb:8044 d:- ref:0 ;
in:530 out:531 type:b dur:2 cpbdur:2 q:0.00 aq:0.74 tex:3084 mv:47 misc:909 imb:0 pmb:114 smb:8046 d:- ref:0 ;
in:535 out:532 type:P dur:2 cpbdur:2 q:0.00 aq:0.05 tex:16826 mv:339 misc:1419 imb:25 pmb:197 smb:7938 d:- ref:0 ;
in:533 out:533 type:B dur:2 cpbdur:2 q:0.00 aq:0.02 tex:3329 mv:89 misc:998 imb:0 pmb:130 smb:8030 d:- ref:0 ;
in:532 out:534 type:b dur:2 cpbdur:2 q:0.00 aq:0.74 tex:3083 mv:48 misc:909 imb:0 pmb:114 smb:8046 d:- ref:0 ;
in:534 out:535 type:b dur:2 cpbdur:2 q:0.00 aq:0.74 tex:3093 mv:95 misc:932 imb:0 pmb:122 smb:8038 d:- ref:0 ;
in:539 out:536 type:P dur:2 cpbdur:2 q:0.00 aq:0.05 tex:18933 mv:340 misc:1415 imb:20 pmb:201 smb:7939 d:- ref:0 ;
in:537 out:537 type:B dur:2 cpbdur:2 q:0.00 aq:0.04 tex:10042 mv:64 misc:998 imb:0 pmb:132 smb:8028 d:- ref:0 ;
in:536 out:538 type:b dur:2 cpbdur:2 q:0.00 aq:1.07 tex:6006 mv:51 misc:831 imb:0 pmb:106 smb:8054 d:- ref:0 ;
in:538 out:539 type:b dur:2 cpbdur:2 q:0.00 aq:1.08 tex:5573 mv:51 misc:832 imb:0 pmb:107 smb:8053 d:- ref:0 ;
in:540 out:540 type:I dur:2 cpbdur:2 q:6.23 aq:0.29 tex:1293087 mv:48910 misc:267 imb:8160 pmb:0 smb:0 d:- ref:;
in:544 out:541 type:P dur:2 cpbdur:2 q:0.00 aq:0.16 tex:33534 mv:637 misc:2277 imb:45 pmb:470 smb:7645 d:- ref:0 ;
in:542 out:542 type:B dur:2 cpbdur:2 q:6.18 aq:0.00 tex:3137 mv:163 misc:1012 imb:0 pmb:135 smb:8025 d:- ref:0 ;
in:541 out:543 type:b dur:2 cpbdur:2 q:6.18 aq:0.00 tex:2804 mv:174 misc:982 imb:0 pmb:129 smb:8031 d:- ref:0 ;
in:543 out:544 type:b dur:2 cpbdur:2 q:6.18 aq:0.00 tex:2851 mv:45 misc:848 imb:0 pmb:104 smb:8056 d:- ref:0 ;
in:548 out:545 type:P dur:2 cpbdur:2 q:0.00 aq:0.05 tex:9644 mv:311 misc:1469 imb:19 pmb:226 smb:7915 d:- ref:0 ;
in:546 out:546 type:B dur:2 cpbdur:2 q:0.00 aq:0.39 tex:3266 mv:62 misc:976 imb:0 pmb:121 smb:8039 d:- ref:0 ;
in:545 out:547 type:b dur:2 cpbdur:2 q:0.00 aq:0.67 tex:2890 mv:50 misc:868 imb:0 pmb:108 smb:8052 d:- ref:0 ;
in:547 out:548 type:b dur:2 cpbdur:2 q:0.00 aq:0.67 tex:2891 mv:49 misc:868 imb:0 pmb:108 smb:8052 d:- ref:0 ;
in:552 out:549 type:P dur:2 cpbdur:2 q:0.00 aq:0.05 tex:7713 mv:305 misc:1422 imb:19 pmb:206 smb:7935 d:- ref:0 ;
in:550 out:550 type:B dur:2 cpbdur:2 q:0.00 aq:0.00 tex:3223 mv:33 misc:952 imb:0 pmb:118 smb:8042 d:- ref:0 ;
in:549 out:551 type:b dur:2 cpbdur:2 q:0.00 aq:0.67 tex:2890 mv:50 misc:868 imb:0 pmb:108 smb:8052 d:- ref:0 ;
in:551 out:552 type:b dur:2 cpbdur:2 q:0.00 aq:0.67 tex:2891 mv:49 misc:868 imb:0 pmb:108 smb:8052 d:- ref:0 ;
in:555 out:553 type:P dur:2 cpbdur:2 q:0.00 aq:0.10 tex:151707 mv:963 misc:1458 imb:114 pmb:265 smb:7781 d:- ref:0 ;
in:553 out:554 type:B dur:2 cpbdur:2 q:0.00 aq:0.56 tex:27704 mv:456 misc:1144 imb:13 pmb:269 smb:7878 d:- ref:0 ;
in:554 out:555 type:b dur:2 cpbdur:2 q:0.00 aq:0.68 tex:54436 mv:119 misc:1037 imb:0 pmb:298 smb:7862 d:- ref:0 ;
in:557 out:556 type:P dur:2 cpbdur:2 q:0.00 aq:0.16 tex:227744 mv:1144 misc:1568 imb:43 pmb:512 smb:7605 d:- ref:0 ;
in:556 out:557 type:b dur:2 cpbdur:2 q:0.00 aq:0.71 tex:48149 mv:278 misc:1309 imb:0 pmb:388 smb:7772 d:- ref:0 ;
in:558 out:558 type:P dur:2 cpbdur:2 q:0.00 aq:0.13 tex:260461 mv:854 misc:1613 imb:43 pmb:529 smb:7588 d:- ref:0 ;
in:562 out:559 type:P dur:2 cpbdur:2 q:0.00 aq:0.07 tex:243478 mv:2016 misc:1514 imb:241 pmb:359 smb:7560 d:- ref:0 ;
in:560 out:560 type:B dur:2 cpbdur:2 q:0.00 aq:0.07 tex:150362 mv:408 misc:1358 imb:6 pmb:497 smb:7657 d:- ref:0 ;
in:559 out:561 type:b dur:2 cpbdur:2 q:0.00 aq:0.88 tex:91730 mv:269 misc:1249 imb:5 pmb:492 smb:7663 d:- ref:0 ;
in:561 out:562 type:b dur:2 cpbdur:2 q:0.00 aq:0.71 tex:90298 mv:446 misc:1336 imb:6 pmb:433 smb:7721 d:- ref:0 ;
in:566 out:563 type:P dur:2 cpbdur:2 q:0.00 aq:0.78 tex:259209 mv:5933 misc:1986 imb:1068 pmb:581 smb:6511 d:- ref:0 ;
in:564 out:564 type:B dur:2 cpbdur:2 q:0.00 aq:0.05 tex:10856 mv:661 misc:2075 imb:0 pmb:617 smb:7543 d:- ref:0 ;
in:563 out:565 type:b dur:2 cpbdur:2 q:0.00 aq:0.71 tex:5073 mv:407 misc:1368 imb:1 pmb:306 smb:7853 d:- ref:0 ;
in:565 out:566 type:b dur:2 cpbdur:2 q:0.00 aq:1.25 tex:185175 mv:4669 misc:2004 imb:223 pmb:826 smb:7111 d:- ref:0 ;
in:569 out:567 type:P dur:2 cpbdur:2 q:0.00 aq:0.18 tex:499166 mv:7558 misc:2180 imb:1180 pmb:647 smb:6333 d:- ref:0 ;
in:567 out:568 type:B dur:2 cpbdur:2 q:0.00 aq:0.72 tex:187086 mv:5606 misc:2516 imb:237 pmb:981 smb:6942 d:- ref:0 ;
in:568 out:569 type:b dur:2 cpbdur:2 q:0.00 aq:1.27 tex:248883 mv:6229 misc:2224 imb:318 pmb:743 smb:7099 d:- ref:0 ;
in:570 out:570 type:I dur:2 cpbdur:2 q:4.74 aq:0.41 tex:1306302 mv:49327 misc:267 imb:8160 pmb:0 smb:0 d:- ref:;
in:572 out:571 type:P dur:2 cpbdur:2 q:0.00 aq:0.30 tex:368265 mv:5680 misc:2655 imb:787 pmb:796 smb:6577 d:- ref:0 ;
in:571 out:572 type:b dur:2 cpbdur:2 q:4.70 aq:2.65 tex:175248 mv:6603 misc:2109 imb:339 pmb:659 smb:7162 d:- ref:0 ;
in:575 out:573 type:P dur:2 cpbdur:2 q:0.00 aq:0.29 tex:408868 mv:6720 misc:1860 imb:1121 pmb:621 smb:6418 d:- ref:0 ;
in:573 out:574 type:B dur:2 cpbdur:2 q:0.00 aq:1.07 tex:217683 mv:5541 misc:2192 imb:253 pmb:795 smb:7112 d:- ref:0 ;
in:574 out:575 type:b dur:2 cpbdur:2 q:0.00 aq:1.05 tex:205551 mv:5431 misc:1898 imb:264 pmb:606 smb:7290 d:- ref:0 ;
in:577 out:576 type:P dur:2 cpbdur:2 q:0.00 aq:0.22 tex:360490 mv:6318 misc:1840 imb:1027 pmb:651 smb:6482 d:- ref:0 ;
in:576 out:577 type:b dur:2 cpbdur:2 q:0.00 aq:0.81 tex:196748 mv:5572 misc:2072 imb:295 pmb:680 smb:7185 d:- ref:0 ;
in:580 out:578 type:P dur:2 cpbdur:2 q:0.00 aq:0.25 tex:324213 mv:4856 misc:2003 imb:789 pmb:611 smb:6760 d:- ref:0 ;
in:578 out:579 type:B dur:2 cpbdur:2 q:0.00 aq:0.92 tex:250471 mv:5639 misc:2106 imb:274 pmb:766 smb:7120 d:- ref:0 ;
in:579 out:580 type:b dur:2 cpbdur:2 q:0.00 aq:0.78 tex:169828 mv:4812 misc:1856 imb:255 pmb:624 smb:7281 d:- ref:0 ;
in:583 out:581 type:P dur:2 cpbdur:2 q:0.00 aq:0.13 tex:351282 mv:6444 misc:1874 imb:1158 pmb:530 smb:6472 d:- ref:0 ;
in:581 out:582 type:B dur:2 cpbdur:2 q:0.00 aq:0.60 tex:229019 mv:4916 misc:2097 imb:228 pmb:804 smb:7128 d:- ref:0 ;
in:582 out:583 type:b dur:2 cpbdur:2 q:0.00 aq:0.86 tex:138886 mv:4069 misc:1885 imb:246 pmb:593 smb:7321 d:- ref:0 ;
in:587 out:584 type:P dur:2 cpbdur:2 q:0.00 aq:0.03 tex:324625 mv:5430 misc:2177 imb:862 pmb:553 smb:6745 d:- ref:0 ;
in:585 out:585 type:B dur:2 cpbdur:2 q:0.00 aq:0.48 tex:14356 mv:411 misc:2097 imb:0 pmb:515 smb:7645 d:- ref:0 ;
in:584 out:586 type:b dur:2 cpbdur:2 q:0.00 aq:0.46 tex:4138 mv:254 misc:1512 imb:3 pmb:311 smb:7846 d:- ref:0 ;
in:586 out:587 type:b dur:2 cpbdur:2 q:0.00 aq:0.49 tex:4318 mv:230 misc:1276 imb:0 pmb:198 smb:7962 d:- ref:0 ;
in:588 out:588 type:P dur:2 cpbdur:2 q:0.00 aq:0.02 tex:73285 mv:1328 misc:2043 imb:137 pmb:456 smb:7567 d:- ref:0 ;
in:591 out:589 type:P dur:2 cpbdur:2 q:0.00 aq:0.02 tex:88447 mv:1366 misc:1883 imb:152 pmb:338 smb:7670 d:- ref:0 ;
in:589 out:590 type:B dur:2 cpbdur:2 q:0.00 aq:0.46 tex:65825 mv:1287 misc:1232 imb:105 pmb:211 smb:7844 d:- ref:0 ;
in:590 out:591 type:b dur:2 cpbdur:2 q:0.00 aq:0.25 tex:36039 mv:1103 misc:1050 imb:60 pmb:202 smb:7898 d:- ref:0 ;
in:595 out:592 type:P dur:2 cpbdur:2 q:0.00 aq:0.02 tex:64501 mv:1099 misc:1872 imb:113 pmb:351 smb:7696 d:- ref:0 ;
in:593 out:593 type:B dur:2 cpbdur:2 q:0.00 aq:0.40 tex:6585 mv:180 misc:1331 imb:0 pmb:218 smb:7942 d:- ref:0 ;
in:592 out:594 type:b dur:2 cpbdur:2 q:0.00 aq:0.27 tex:33256 mv:918 misc:1090 imb:51 pmb:217 smb:7892 d:- ref:0 ;
in:594 out:595 type:b dur:2 cpbdur:2 q:0.00 aq:0.25 tex:3900 mv:109 misc:1031 imb:0 pmb:136 smb:8024 d:- ref:0 ;
in:599 out:596 type:P dur:2 cpbdur:2 q:0.00 aq:0.02 tex:12901 mv:321 misc:1858 imb:18 pmb:328 smb:7814 d:- ref:0 ;
in:597 out:597 type:B dur:2 cpbdur:2 q:0.00 aq:0.40 tex:4937 mv:128 misc:1271 imb:0 pmb:178 smb:7982 d:- ref:0 ;
in:596 out:598 type:b dur:2 cpbdur:2 q:0.00 aq:0.24 tex:3763 mv:109 misc:1032 imb:0 pmb:135 smb:8025 d:- ref:0 ;
in:598 out:599 type:b dur:2 cpbdur:2 q:0.00 aq:0.24 tex:3750 mv:54 misc:1012 imb:0 pmb:130 smb:8030 d:- ref:0 ;
in:600 out:600 type:I dur:2 cpbdur:2 q:6.74 aq:0.32 tex:1430234 mv:51886 misc:256 imb:8160 pmb:0 smb:0 d:- ref:;
in:604 out:601 type:P dur:2 cpbdur:2 q:0.00 aq:0.16 tex:31906 mv:812 misc:2594 imb:59 pmb:508 smb:7593 d:- ref:0 ;
in:602 out:602 type:B dur:2 cpbdur:2 q:6.68 aq:0.44 tex:3483 mv:146 misc:1051 imb:0 pmb:138 smb:8022 d:- ref:0 ;
in:601 out:603 type:b dur:2 cpbdur:2 q:6.68 aq:0.38 tex:3030 mv:169 misc:1001 imb:0 pmb:130 smb:8030 d:- ref:0 ;
in:603 out:604 type:b dur:2 cpbdur:2 q:6.68 aq:0.00 tex:3016 mv:59 misc:885 imb:0 pmb:110 smb:8050 d:- ref:0 ;
in:608 out:605 type:P dur:2 cpbdur:2 q:0.00 aq:0.04 tex:8835 mv:315 misc:1458 imb:18 pmb:216 smb:7926 d:- ref:0 ;
in:606 out:606 type:B dur:2 cpbdur:2 q:0.00 aq:0.38 tex:3361 mv:90 misc:1029 imb:0 pmb:129 smb:8031 d:- ref:0 ;
in:605 out:607 type:b dur:2 cpbdur:2 q:0.00 aq:0.67 tex:2950 mv:56 misc:898 imb:0 pmb:112 smb:8048 d:- ref:0 ;
in:607 out:608 type:b dur:2 cpbdur:2 q:0.00 aq:0.67 tex:2951 mv:44 misc:893 imb:0 pmb:111 smb:8049 d:- ref:0 ;
in:612 out:609 type:P dur:2 cpbdur:2 q:0.00 aq:0.03 tex:7328 mv:300 misc:1404 imb:18 pmb:200 smb:7942 d:- ref:0 ;
in:610 out:610 type:B dur:2 cpbdur:2 q:0.00 aq:0.38 tex:3322 mv:37 misc:977 imb:0 pmb:122 smb:8038 d:- ref:0 ;
in:609 out:611 type:b dur:2 cpbdur:2 q:0.00 aq:0.67 tex:2950 mv:45 misc:893 imb:0 pmb:111 smb:8049 d:- ref:0 ;
in:611 out:612 type:b dur:2 cpbdur:2 q:0.00 aq:0.67 tex:2951 mv:44 misc:893 imb:0 pmb:111 smb:8049 d:- ref:0 ;
in:616 out:613 type:P dur:2 cpbdur:2 q:0.00 aq:0.03 tex:7218 mv:316 misc:1410 imb:18 pmb:199 smb:7943 d:- ref:0 ;
in:614 out:614 type:B dur:2 cpbdur:2 q:0.00 aq:0.38 tex:3343 mv:38 misc:987 imb:0 pmb:123 smb:8037 d:- ref:0 ;
in:613 out:615 type:b dur:2 cpbdur:2 q:0.00 aq:0.67 tex:2950 mv:45 misc:893 imb:0 pmb:111 smb:8049 d:- ref:0 ;
in:615 out:616 type:b dur:2 cpbdur:2 q:0.00 aq:0.67 tex:2951 mv:44 misc:893 imb:0 pmb:111 smb:8049 d:- ref:0 ;
in:620 out:617 type:P dur:2 cpbdur:2 q:0.00 aq:0.03 tex:7225 mv:311 misc:1408 imb:18 pmb:199 smb:7943 d:- ref:0 ;
in:618 out:618 type:B dur:2 cpbdur:2 q:0.00 aq:0.38 tex:3322 mv:37 misc:977 imb:0 pmb:122 smb:8038 d:- ref:0 ;
in:617 out:619 type:b dur:2 cpbdur:2 q:0.00 aq:0.67 tex:2950 mv:45 misc:893 imb:0 pmb:111 smb:8049 d:- ref:0 ;
in:619 out:620 type:b dur:2 cpbdur:2 q:0.00 aq:0.67 tex:2951 mv:44 misc:893 imb:0 pmb:111 smb:8049 d:- ref:0 ;
in:624 out:621 type:P dur:2 cpbdur:2 q:0.00 aq:0.03 tex:7218 mv:316 misc:1410 imb:18 pmb:199 smb:7943 d:- ref:0 ;
in:622 out:622 type:B dur:2 cpbdur:2 q:0.00 aq:0.38 tex:3343 mv:38 misc:987 imb:0 pmb:123 smb:8037 d:- ref:0 ;
in:621 out:623 type:b dur:2 cpbdur:2 q:0.00 aq:0.67 tex:2950 mv:45 misc:893 imb:0 pmb:111 smb:8049 d:- ref:0 ;
in:623 out:624 type:b dur:2 cpbdur:2 q:0.00 aq:0.67 tex:2951 mv:44 misc:893 imb:0 pmb:111 smb:8049 d:- ref:0 ;
in:628 out:625 type:P dur:2 cpbdur:2 q:0.00 aq:0.03 tex:7225 mv:311 misc:1408 imb:18 pmb:199 smb:7943 d:- ref:0 ;
in:626 out:626 type:B dur:2 cpbdur:2 q:0.00 aq:0.38 tex:3322 mv:37 misc:977 imb:0 pmb:122 smb:8038 d:- ref:0 ;
in:625 out:627 type:b dur:2 cpbdur:2 q:0.00 aq:0.67 tex:2950 mv:45 misc:893 imb:0 pmb:111 smb:8049 d:- ref:0 ;
in:627 out:628 type:b dur:2 cpbdur:2 q:0.00 aq:0.67 tex:2951 mv:44 misc:893 imb:0 pmb:111 smb:8049 d:- ref:0 ;
in:629 out:629 type:P dur:2 cpbdur:2 q:0.00 aq:0.67 tex:3538 mv:267 misc:987 imb:18 pmb:107 smb:8035 d:- ref:0 ;
in:630 out:630 type:I dur:2 cpbdur:2 q:6.84 aq:0.32 tex:1429894 mv:51873 misc:257 imb:8160 pmb:0 smb:0 d:- ref:;
in:634 out:631 type:P dur:2 cpbdur:2 q:0.00 aq:0.16 tex:32183 mv:836 misc:2581 imb:64 pmb:505 smb:7591 d:- ref:0 ;
in:632 out:632 type:B dur:2 cpbdur:2 q:6.79 aq:1.23 tex:3470 mv:195 misc:1103 imb:0 pmb:149 smb:8011 d:- ref:0 ;
in:631 out:633 type:b dur:2 cpbdur:2 q:6.79 aq:0.44 tex:3085 mv:166 misc:997 imb:0 pmb:130 smb:8030 d:- ref:0 ;
in:633 out:634 type:b dur:2 cpbdur:2 q:6.79 aq:0.44 tex:3138 mv:50 misc:908 imb:0 pmb:112 smb:8048 d:- ref:0 ;
in:638 out:635 type:P dur:2 cpbdur:2 q:0.00 aq:0.04 tex:8757 mv:320 misc:1443 imb:18 pmb:214 smb:7928 d:- ref:0 ;
in:636 out:636 type:B dur:2 cpbdur:2 q:0.00 aq:0.38 tex:3361 mv:90 misc:1029 imb:0 pmb:129 smb:8031 d:- ref:0 ;
in:635 out:637 type:b dur:2 cpbdur:2 q:0.00 aq:0.67 tex:2950 mv:56 misc:898 imb:0 pmb:112 smb:8048 d:- ref:0 ;
in:637 out:638 type:b dur:2 cpbdur:2 q:0.00 aq:0.67 tex:2951 mv:44 misc:893 imb:0 pmb:111 smb:8049 d:- ref:0 ;
in:642 out:639 type:P dur:2 cpbdur:2 q:0.00 aq:0.03 tex:7265 mv:300 misc:1411 imb:18 pmb:198 smb:7944 d:- ref:0 ;
in:640 out:640 type:B dur:2 cpbdur:2 q:0.00 aq:0.38 tex:3322 mv:37 misc:977 imb:0 pmb:122 smb:8038 d:- ref:0 ;
in:639 out:641 type:b dur:2 cpbdur:2 q:0.00 aq:0.67 tex:2950 mv:45 misc:893 imb:0 pmb:111 smb:8049 d:- ref:0 ;
in:641 out:642 type:b dur:2 cpbdur:2 q:0.00 aq:0.67 tex:2951 mv:44 misc:893 imb:0 pmb:111 smb:8049 d:- ref:0 ;
in:646 out:643 type:P dur:2 cpbdur:2 q:0.00 aq:0.03 tex:7133 mv:315 misc:1392 imb:18 pmb:196 smb:7946 d:- ref:0 ;
in:644 out:644 type:B dur:2 cpbdur:2 q:0.00 aq:0.38 tex:3343 mv:38 misc:987 imb:0 pmb:123 smb:8037 d:- ref:0 ;
in:643 out:645 type:b dur:2 cpbdur:2 q:0.00 aq:0.67 tex:2950 mv:45 misc:893 imb:0 pmb:111 smb:8049 d:- ref:0 ;
in:645 out:646 type:b dur:2 cpbdur:2 q:0.00 aq:0.67 tex:2951 mv:44 misc:893 imb:0 pmb:111 smb:8049 d:- ref:0 ;
in:650 out:647 type:P dur:2 cpbdur:2 q:0.00 aq:0.03 tex:7143 mv:303 misc:1402 imb:18 pmb:196 smb:7946 d:- ref:0 ;
in:648 out:648 type:B dur:2 cpbdur:2 q:0.00 aq:0.38 tex:3322 mv:37 misc:977 imb:0 pmb:122 smb:8038 d:- ref:0 ;
in:647 out:649 type:b dur:2 cpbdur:2 q:0.00 aq:0.67 tex:2950 mv:45 misc:893 imb:0 pmb:111 smb:8049 d:- ref:0 ;
in:649 out:650 type:b dur:2 cpbdur:2 q:0.00 aq:0.67 tex:2951 mv:44 misc:893 imb:0 pmb:111 smb:8049 d:- ref:0 ;
in:654 out:651 type:P dur:2 cpbdur:2 q:0.00 aq:0.04 tex:7144 mv:316 misc:1396 imb:18 pmb:196 smb:7946 d:- ref:0 ;
in:652 out:652 type:B dur:2 cpbdur:2 q:0.00 aq:0.38 tex:3343 mv:38 misc:987 imb:0 pmb:123 smb:8037 d:- ref:0 ;
in:651 out:653 type:b dur:2 cpbdur:2 q:0.00 aq:0.67 tex:2950 mv:45 misc:893 imb:0 pmb:111 smb:8049 d:- ref:0 ;
in:653 out:654 type:b dur:2 cpbdur:2 q:0.00 aq:0.67 tex:2951 mv:44 misc:893 imb:0 pmb:111 smb:8049 d:- ref:0 ;
in:658 out:655 type:P dur:2 cpbdur:2 q:0.00 aq:0.04 tex:6751 mv:295 misc:1394 imb:18 pmb:187 smb:7955 d:- ref:0 ;
in:656 out:656 type:B dur:2 cpbdur:2 q:0.00 aq:0.38 tex:3322 mv:37 misc:977 imb:0 pmb:122 smb:8038 d:- ref:0 ;
in:655 out:657 type:b dur:2 cpbdur:2 q:0.00 aq:0.67 tex:2950 mv:45 misc:893 imb:0 pmb:111 smb:8049 d:- ref:0 ;
in:657 out:658 type:b dur:2 cpbdur:2 q:0.00 aq:0.67 tex:2951 mv:44 misc:893 imb:0 pmb:111 smb:8049 d:- ref:0 ;
in:659 out:659 type:P dur:2 cpbdur:2 q:0.00 aq:0.67 tex:3538 mv:267 misc:987 imb:18 pmb:107 smb:8035 d:- ref:0 ;
in:660 out:660 type:I dur:2 cpbdur:2 q:4.97 aq:0.48 tex:1381741 mv:51789 misc:270 imb:8160 pmb:0 smb:0 d:- ref:;
in:662 out:661 type:P dur:2 cpbdur:2 q:0.00 aq:0.48 tex:130579 mv:2582 misc:2175 imb:351 pmb:654 smb:7155 d:- ref:0 ;
in:661 out:662 type:b dur:2 cpbdur:2 q:4.93 aq:0.26 tex:4443 mv:349 misc:1360 imb:0 pmb:259 smb:7901 d:- ref:0 ;
in:663 out:663 type:P dur:2 cpbdur:2 q:0.00 aq:0.39 tex:238180 mv:2966 misc:1374 imb:411 pmb:439 smb:7310 d:- ref:0 ;
in:667 out:664 type:P dur:2 cpbdur:2 q:0.00 aq:0.21 tex:128595 mv:3990 misc:1255 imb:661 pmb:172 smb:7327 d:- ref:0 ;
in:665 out:665 type:B dur:2 cpbdur:2 q:0.00 aq:0.02 tex:193461 mv:3536 misc:1123 imb:364 pmb:407 smb:7389 d:- ref:0 ;
in:664 out:666 type:b dur:2 cpbdur:2 q:0.00 aq:0.19 tex:97582 mv:1439 misc:1123 imb:116 pmb:621 smb:7423 d:- ref:0 ;
in:666 out:667 type:b dur:2 cpbdur:2 q:0.00 aq:0.00 tex:185983 mv:3605 misc:1052 imb:371 pmb:388 smb:7401 d:- ref:0 ;
in:671 out:668 type:P dur:2 cpbdur:2 q:0.00 aq:0.09 tex:288244 mv:6322 misc:2026 imb:1115 pmb:636 smb:6409 d:- ref:0 ;
in:669 out:669 type:B dur:2 cpbdur:2 q:0.00 aq:0.00 tex:6691 mv:464 misc:2101 imb:0 pmb:558 smb:7602 d:- ref:0 ;
in:668 out:670 type:b dur:2 cpbdur:2 q:0.00 aq:0.00 tex:5867 mv:299 misc:1442 imb:1 pmb:318 smb:7841 d:- ref:0 ;
in:670 out:671 type:b dur:2 cpbdur:2 q:0.00 aq:0.84 tex:93630 mv:3901 misc:2013 imb:242 pmb:572 smb:7346 d:- ref:0 ;
in:674 out:672 type:P dur:2 cpbdur:2 q:0.00 aq:0.68 tex:422025 mv:7033 misc:1678 imb:1080 pmb:540 smb:6540 d:- ref:0 ;
in:672 out:673 type:B dur:2 cpbdur:2 q:0.00 aq:0.67 tex:211797 mv:4439 misc:2332 imb:194 pmb:826 smb:7140 d:- ref:0 ;
in:673 out:674 type:b dur:2 cpbdur:2 q:0.00 aq:0.80 tex:161208 mv:4924 misc:2188 imb:344 pmb:627 smb:7189 d:- ref:0 ;
in:676 out:675 type:P dur:2 cpbdur:2 q:0.00 aq:0.65 tex:482065 mv:7164 misc:1563 imb:1044 pmb:584 smb:6532 d:- ref:0 ;
in:675 out:676 type:b dur:2 cpbdur:2 q:0.00 aq:0.89 tex:216806 mv:6702 misc:2308 imb:319 pmb:835 smb:7006 d:- ref:0 ;
in:677 out:677 type:P dur:2 cpbdur:2 q:0.00 aq:0.19 tex:312979 mv:5016 misc:2053 imb:683 pmb:633 smb:6844 d:- ref:0 ;
in:681 out:678 type:P dur:2 cpbdur:2 q:0.00 aq:0.16 tex:476417 mv:7041 misc:1886 imb:1172 pmb:711 smb:6277 d:- ref:0 ;
in:679 out:679 type:B dur:2 cpbdur:2 q:0.00 aq:0.48 tex:258220 mv:8024 misc:2404 imb:378 pmb:924 smb:6858 d:- ref:0 ;
in:678 out:680 type:b dur:2 cpbdur:2 q:0.00 aq:0.82 tex:148885 mv:5361 misc:2330 imb:232 pmb:799 smb:7129 d:- ref:0 ;
in:680 out:681 type:b dur:2 cpbdur:2 q:0.00 aq:0.88 tex:135109 mv:4420 misc:2215 imb:122 pmb:900 smb:7138 d:- ref:0 ;
in:683 out:682 type:P dur:2 cpbdur:2 q:0.00 aq:0.08 tex:374301 mv:6536 misc:1931 imb:1068 pmb:707 smb:6385 d:- ref:0 ;
in:682 out:683 type:b dur:2 cpbdur:2 q:0.00 aq:0.88 tex:148448 mv:4895 misc:2305 imb:196 pmb:822 smb:7142 d:- ref:0 ;
in:687 out:684 type:P dur:2 cpbdur:2 q:0.00 aq:0.12 tex:335010 mv:6380 misc:2018 imb:903 pmb:612 smb:6645 d:- ref:0 ;
in:685 out:685 type:B dur:2 cpbdur:2 q:0.00 aq:0.55 tex:183441 mv:4921 misc:2262 imb:133 pmb:782 smb:7245 d:- ref:0 ;
in:684 out:686 type:b dur:2 cpbdur:2 q:0.00 aq:0.95 tex:103411 mv:1988 misc:2065 imb:70 pmb:652 smb:7438 d:- ref:0 ;
in:686 out:687 type:b dur:2 cpbdur:2 q:0.00 aq:0.91 tex:96527 mv:2405 misc:2164 imb:48 pmb:728 smb:7384 d:- ref:0 ;
in:689 out:688 type:P dur:2 cpbdur:2 q:0.00 aq:0.02 tex:266360 mv:3829 misc:2155 imb:367 pmb:628 smb:7165 d:- ref:0 ;
in:688 out:689 type:b dur:2 cpbdur:2 q:0.00 aq:0.71 tex:121372 mv:2274 misc:2082 imb:76 pmb:615 smb:7469 d:- ref:0 ;
in:690 out:690 type:I dur:2 cpbdur:2 q:4.50 aq:0.14 tex:1200631 mv:44294 misc:251 imb:8160 pmb:0 smb:0 d:- ref:;
in:694 out:691 type:P dur:2 cpbdur:2 q:0.00 aq:0.19 tex:142476 mv:2176 misc:2108 imb:220 pmb:410 smb:7530 d:- ref:0 ;
in:692 out:692 type:B dur:2 cpbdur:2 q:4.46 aq:0.51 tex:111372 mv:1357 misc:1447 imb:49 pmb:333 smb:7778 d:- ref:0 ;
in:691 out:693 type:b dur:2 cpbdur:2 q:4.46 aq:0.68 tex:76192 mv:1048 misc:1152 imb:39 pmb:213 smb:7908 d:- ref:0 ;
in:693 out:694 type:b dur:2 cpbdur:2 q:4.46 aq:0.31 tex:84537 mv:1404 misc:1115 imb:51 pmb:227 smb:7882 d:- ref:0 ;
in:697 out:695 type:P dur:2 cpbdur:2 q:0.00 aq:0.64 tex:212584 mv:2196 misc:1020 imb:151 pmb:225 smb:7784 d:- ref:0 ;
in:695 out:696 type:B dur:2 cpbdur:2 q:0.00 aq:0.65 tex:220346 mv:2622 misc:1192 imb:124 pmb:347 smb:7689 d:- ref:0 ;
in:696 out:697 type:b dur:2 cpbdur:2 q:0.00 aq:0.54 tex:139998 mv:3011 misc:1039 imb:117 pmb:319 smb:7724 d:- ref:0 ;
in:701 out:698 type:P dur:2 cpbdur:2 q:0.00 aq:0.63 tex:216407 mv:2121 misc:992 imb:146 pmb:223 smb:7791 d:- ref:0 ;
in:699 out:699 type:B dur:2 cpbdur:2 q:0.00 aq:0.63 tex:76896 mv:1206 misc:1282 imb:47 pmb:291 smb:7822 d:- ref:0 ;
in:698 out:700 type:b dur:2 cpbdur:2 q:0.00 aq:0.14 tex:160211 mv:2522 misc:1147 imb:71 pmb:368 smb:7721 d:- ref:0 ;
in:700 out:701 type:b dur:2 cpbdur:2 q:0.00 aq:0.08 tex:105315 mv:1136 misc:1125 imb:38 pmb:278 smb:7844 d:- ref:0 ;
in:704 out:702 type:P dur:2 cpbdur:2 q:0.00 aq:0.05 tex:69683 mv:980 misc:1441 imb:35 pmb:303 smb:7822 d:- ref:0 ;
in:702 out:703 type:B dur:2 cpbdur:2 q:0.00 aq:0.71 tex:102186 mv:1275 misc:1227 imb:50 pmb:248 smb:7862 d:- ref:0 ;
in:703 out:704 type:b dur:2 cpbdur:2 q:0.00 aq:0.08 tex:108170 mv:1034 misc:1108 imb:40 pmb:263 smb:7857 d:- ref:0 ;
in:708 out:705 type:P dur:2 cpbdur:2 q:0.00 aq:0.63 tex:85450 mv:916 misc:1010 imb:65 pmb:145 smb:7950 d:- ref:0 ;
in:706 out:706 type:B dur:2 cpbdur:2 q:0.00 aq:0.58 tex:107237 mv:1235 misc:1256 imb:48 pmb:248 smb:7864 d:- ref:0 ;
in:705 out:707 type:b dur:2 cpbdur:2 q:0.00 aq:0.15 tex:74448 mv:999 misc:1121 imb:25 pmb:236 smb:7899 d:- ref:0 ;
in:707 out:708 type:b dur:2 cpbdur:2 q:0.00 aq:0.13 tex:76259 mv:1047 misc:1150 imb:31 pmb:256 smb:7873 d:- ref:0 ;
in:712 out:709 type:P dur:2 cpbdur:2 q:0.00 aq:0.05 tex:102861 mv:967 misc:1380 imb:68 pmb:238 smb:7854 d:- ref:0 ;
in:710 out:710 type:B dur:2 cpbdur:2 q:0.00 aq:0.57 tex:106055 mv:1108 misc:1197 imb:50 pmb:220 smb:7890 d:- ref:0 ;
in:709 out:711 type:b dur:2 cpbdur:2 q:0.00 aq:0.10 tex:61413 mv:902 misc:1093 imb:22 pmb:235 smb:7903 d:- ref:0 ;
in:711 out:712 type:b dur:2 cpbdur:2 q:0.00 aq:0.08 tex:84059 mv:1104 misc:1085 imb:9 pmb:284 smb:7867 d:- ref:0 ;
in:715 out:713 type:P dur:2 cpbdur:2 q:0.00 aq:0.05 tex:62272 mv:967 misc:1377 imb:33 pmb:244 smb:7883 d:- ref:0 ;
in:713 out:714 type:B dur:2 cpbdur:2 q:0.00 aq:0.65 tex:103646 mv:1134 misc:1140 imb:51 pmb:208 smb:7901 d:- ref:0 ;
in:714 out:715 type:b dur:2 cpbdur:2 q:0.00 aq:0.08 tex:125530 mv:1187 misc:1099 imb:36 pmb:267 smb:7857 d:- ref:0 ;
in:719 out:716 type:P dur:2 cpbdur:2 q:0.00 aq:0.03 tex:138040 mv:1310 misc:1370 imb:115 pmb:241 smb:7804 d:- ref:0 ;
in:717 out:717 type:B dur:2 cpbdur:2 q:0.00 aq:0.59 tex:64195 mv:922 misc:1203 imb:7 pmb:290 smb:7863 d:- ref:0 ;
in:716 out:718 type:b dur:2 cpbdur:2 q:0.00 aq:0.69 tex:68519 mv:1011 misc:774 imb:27 pmb:140 smb:7993 d:- ref:0 ;
in:718 out:719 type:b dur:2 cpbdur:2 q:0.00 aq:0.71 tex:94868 mv:1044 misc:880 imb:57 pmb:119 smb:7984 d:- ref:0 ;
in:720 out:720 type:I dur:2 cpbdur:2 q:5.19 aq:0.48 tex:1299536 mv:48104 misc:256 imb:8160 pmb:0 smb:0 d:- ref:;
in:724 out:721 type:P dur:2 cpbdur:2 q:0.00 aq:0.22 tex:90957 mv:1214 misc:2277 imb:76 pmb:484 smb:7600 d:- ref:0 ;
in:722 out:722 type:B dur:2 cpbdur:2 q:5.15 aq:0.12 tex:105688 mv:1430 misc:1594 imb:49 pmb:352 smb:7759 d:- ref:0 ;
in:721 out:723 type:b dur:2 cpbdur:2 q:5.15 aq:0.91 tex:73474 mv:1138 misc:1220 imb:38 pmb:228 smb:7894 d:- ref:0 ;
in:723 out:724 type:b dur:2 cpbdur:2 q:5.15 aq:0.37 tex:80961 mv:1303 misc:1048 imb:52 pmb:178 smb:7930 d:- ref:0 ;
in:727 out:725 type:P dur:2 cpbdur:2 q:0.00 aq:0.93 tex:68706 mv:808 misc:1022 imb:25 pmb:179 smb:7956 d:- ref:0 ;
in:725 out:726 type:B dur:2 cpbdur:2 q:0.00 aq:0.08 tex:132225 mv:1247 misc:1128 imb:48 pmb:233 smb:7879 d:- ref:0 ;
in:726 out:727 type:b dur:2 cpbdur:2 q:0.00 aq:0.74 tex:73517 mv:1197 misc:806 imb:56 pmb:156 smb:7948 d:- ref:0 ;
in:731 out:728 type:P dur:2 cpbdur:2 q:0.00 aq:0.62 tex:101879 mv:938 misc:951 imb:65 pmb:118 smb:7977 d:- ref:0 ;
in:729 out:729 type:B dur:2 cpbdur:2 q:0.00 aq:0.16 tex:72583 mv:1072 misc:1129 imb:47 pmb:196 smb:7917 d:- ref:0 ;
in:728 out:730 type:b dur:2 cpbdur:2 q:0.00 aq:0.10 tex:95287 mv:1019 misc:1046 imb:10 pmb:239 smb:7911 d:- ref:0 ;
in:730 out:731 type:b dur:2 cpbdur:2 q:0.00 aq:0.08 tex:103617 mv:1038 misc:1017 imb:38 pmb:236 smb:7886 d:- ref:0 ;
in:734 out:732 type:P dur:2 cpbdur:2 q:0.00 aq:0.07 tex:62799 mv:937 misc:1296 imb:25 pmb:206 smb:7929 d:- ref:0 ;
in:732 out:733 type:B dur:2 cpbdur:2 q:0.00 aq:0.14 tex:100865 mv:1139 misc:1092 imb:52 pmb:184 smb:7924 d:- ref:0 ;
in:733 out:734 type:b dur:2 cpbdur:2 q:0.00 aq:0.08 tex:106891 mv:1041 misc:1020 imb:40 pmb:234 smb:7886 d:- ref:0 ;
in:738 out:735 type:P dur:2 cpbdur:2 q:0.00 aq:0.07 tex:223137 mv:1801 misc:1406 imb:144 pmb:409 smb:7607 d:- ref:0 ;
in:736 out:736 type:B dur:2 cpbdur:2 q:0.00 aq:0.18 tex:106749 mv:1309 misc:1374 imb:49 pmb:307 smb:7804 d:- ref:0 ;
in:735 out:737 type:b dur:2 cpbdur:2 q:0.00 aq:0.15 tex:73614 mv:993 misc:1041 imb:25 pmb:209 smb:7926 d:- ref:0 ;
in:737 out:738 type:b dur:2 cpbdur:2 q:0.00 aq:0.30 tex:107267 mv:1676 misc:1329 imb:51 pmb:468 smb:7641 d:- ref:0 ;
in:742 out:739 type:P dur:2 cpbdur:2 q:0.00 aq:0.03 tex:337994 mv:3860 misc:1562 imb:354 pmb:397 smb:7409 d:- ref:0 ;
in:740 out:740 type:B dur:2 cpbdur:2 q:0.00 aq:0.15 tex:291197 mv:1909 misc:1534 imb:105 pmb:606 smb:7449 d:- ref:0 ;
in:739 out:741 type:b dur:2 cpbdur:2 q:0.00 aq:0.45 tex:140914 mv:1543 misc:1359 imb:54 pmb:601 smb:7505 d:- ref:0 ;
in:741 out:742 type:b dur:2 cpbdur:2 q:0.00 aq:0.11 tex:229039 mv:2061 misc:1444 imb:68 pmb:655 smb:7437 d:- ref:0 ;
in:746 out:743 type:P dur:2 cpbdur:2 q:0.00 aq:0.04 tex:173736 mv:3150 misc:1570 imb:519 pmb:241 smb:7400 d:- ref:0 ;
in:744 out:744 type:B dur:2 cpbdur:2 q:0.00 aq:0.12 tex:203388 mv:1665 misc:1579 imb:65 pmb:524 smb:7571 d:- ref:0 ;
in:743 out:745 type:b dur:2 cpbdur:2 q:0.00 aq:0.74 tex:136210 mv:1121 misc:1269 imb:25 pmb:422 smb:7713 d:- ref:0 ;
in:745 out:746 type:b dur:2 cpbdur:2 q:0.00 aq:0.14 tex:125530 mv:1284 misc:1362 imb:40 pmb:402 smb:7718 d:- ref:0 ;
in:749 out:747 type:P dur:2 cpbdur:2 q:0.00 aq:0.14 tex:446110 mv:3830 misc:1652 imb:607 pmb:345 smb:7208 d:- ref:0 ;
in:747 out:748 type:B dur:2 cpbdur:2 q:0.00 aq:0.71 tex:61129 mv:1202 misc:1493 imb:14 pmb:426 smb:7720 d:- ref:0 ;
in:748 out:749 type:b dur:2 cpbdur:2 q:0.00 aq:0.13 tex:279686 mv:3651 misc:1647 imb:219 pmb:460 smb:7481 d:- ref:0 ;
in:750 out:750 type:I dur:2 cpbdur:2 q:3.94 aq:0.20 tex:1204343 mv:47701 misc:252 imb:8160 pmb:0 smb:0 d:- ref:;
in:751 out:751 type:P dur:2 cpbdur:2 q:0.00 aq:0.21 tex:485850 mv:3736 misc:2158 imb:222 pmb:660 smb:7278 d:- ref:0 ;
in:754 out:752 type:P dur:2 cpbdur:2 q:0.00 aq:0.03 tex:472603 mv:3310 misc:1583 imb:168 pmb:585 smb:7407 d:- ref:0 ;
in:752 out:753 type:B dur:2 cpbdur:2 q:0.00 aq:0.94 tex:304997 mv:2220 misc:1519 imb:69 pmb:651 smb:7440 d:- ref:0 ;
in:753 out:754 type:b dur:2 cpbdur:2 q:0.00 aq:0.47 tex:111661 mv:1580 misc:1543 imb:51 pmb:430 smb:7679 d:- ref:0 ;
in:757 out:755 type:P dur:2 cpbdur:2 q:0.00 aq:0.93 tex:87780 mv:927 misc:1509 imb:32 pmb:451 smb:7677 d:- ref:0 ;
in:755 out:756 type:B dur:2 cpbdur:2 q:0.00 aq:0.76 tex:136578 mv:1514 misc:1580 imb:48 pmb:429 smb:7683 d:- ref:0 ;
in:756 out:757 type:b dur:2 cpbdur:2 q:0.00 aq:0.55 tex:76890 mv:1249 misc:1181 imb:51 pmb:267 smb:7842 d:- ref:0 ;
in:761 out:758 type:P dur:2 cpbdur:2 q:0.00 aq:0.63 tex:106122 mv:949 misc:1337 imb:64 pmb:219 smb:7877 d:- ref:0 ;
in:759 out:759 type:B dur:2 cpbdur:2 q:0.00 aq:0.70 tex:77066 mv:1214 misc:1456 imb:47 pmb:317 smb:7796 d:- ref:0 ;
in:758 out:760 type:b dur:2 cpbdur:2 q:0.00 aq:0.19 tex:97049 mv:1106 misc:1277 imb:10 pmb:299 smb:7851 d:- ref:0 ;
in:760 out:761 type:b dur:2 cpbdur:2 q:0.00 aq:0.18 tex:105860 mv:1085 misc:1207 imb:38 pmb:287 smb:7835 d:- ref:0 ;
in:764 out:762 type:P dur:2 cpbdur:2 q:0.00 aq:0.05 tex:71463 mv:1039 misc:1794 imb:37 pmb:421 smb:7702 d:- ref:0 ;
in:762 out:763 type:B dur:2 cpbdur:2 q:0.00 aq:0.76 tex:103203 mv:1252 misc:1329 imb:51 pmb:264 smb:7845 d:- ref:0 ;
in:763 out:764 type:b dur:2 cpbdur:2 q:0.00 aq:0.19 tex:109127 mv:1016 misc:1201 imb:40 pmb:283 smb:7837 d:- ref:0 ;
in:768 out:765 type:P dur:2 cpbdur:2 q:0.00 aq:0.63 tex:85969 mv:936 misc:1215 imb:70 pmb:178 smb:7912 d:- ref:0 ;
in:766 out:766 type:B dur:2 cpbdur:2 q:0.00 aq:0.66 tex:110118 mv:1193 misc:1425 imb:49 pmb:310 smb:7801 d:- ref:0 ;
in:765 out:767 type:b dur:2 cpbdur:2 q:0.00 aq:0.25 tex:75281 mv:976 misc:1191 imb:25 pmb:253 smb:7882 d:- ref:0 ;
in:767 out:768 type:b dur:2 cpbdur:2 q:0.00 aq:0.24 tex:77263 mv:1089 misc:1224 imb:36 pmb:274 smb:7850 d:- ref:0 ;
in:772 out:769 type:P dur:2 cpbdur:2 q:0.00 aq:0.05 tex:108162 mv:1030 misc:1752 imb:73 pmb:374 smb:7713 d:- ref:0 ;
in:770 out:770 type:B dur:2 cpbdur:2 q:0.00 aq:0.66 tex:108846 mv:1088 misc:1394 imb:51 pmb:285 smb:7824 d:- ref:0 ;
in:769 out:771 type:b dur:2 cpbdur:2 q:0.00 aq:0.20 tex:62323 mv:924 misc:1177 imb:23 pmb:254 smb:7883 d:- ref:0 ;
in:771 out:772 type:b dur:2 cpbdur:2 q:0.00 aq:0.19 tex:85358 mv:1128 misc:1178 imb:9 pmb:305 smb:7846 d:- ref:0 ;
in:775 out:773 type:P dur:2 cpbdur:2 q:0.00 aq:0.27 tex:68525 mv:1027 misc:1744 imb:37 pmb:383 smb:7740 d:- ref:0 ;
in:773 out:774 type:B dur:2 cpbdur:2 q:0.00 aq:0.70 tex:105407 mv:1139 misc:1278 imb:50 pmb:250 smb:7860 d:- ref:0 ;
in:774 out:775 type:b dur:2 cpbdur:2 q:0.00 aq:0.18 tex:126503 mv:1160 misc:1201 imb:36 pmb:291 smb:7833 d:- ref:0 ;
in:779 out:776 type:P dur:2 cpbdur:2 q:0.00 aq:0.19 tex:415502 mv:6642 misc:2288 imb:1049 pmb:739 smb:6372 d:- ref:0 ;
in:777 out:777 type:B dur:2 cpbdur:2 q:0.00 aq:0.22 tex:100000 mv:1531 misc:1893 imb:17 pmb:526 smb:7617 d:- ref:0 ;
in:776 out:778 type:b dur:2 cpbdur:2 q:0.00 aq:0.50 tex:71638 mv:995 misc:1087 imb:29 pmb:230 smb:7901 d:- ref:0 ;
in:778 out:779 type:b dur:2 cpbdur:2 q:0.00 aq:0.19 tex:100801 mv:1393 misc:1734 imb:56 pmb:401 smb:7703 d:- ref:0 ;
in:780 out:780 type:I dur:2 cpbdur:2 q:3.27 aq:0.36 tex:1265995 mv:48668 misc:257 imb:8160 pmb:0 smb:0 d:- ref:;
in:781 out:781 type:P dur:2 cpbdur:2 q:3.28 aq:0.55 tex:355713 mv:7537 misc:2422 imb:1081 pmb:690 smb:6389 d:- ref:0 ;
in:784 out:782 type:P dur:2 cpbdur:2 q:2.78 aq:0.37 tex:389694 mv:8492 misc:1790 imb:1303 pmb:517 smb:6340 d:- ref:0 ;
in:782 out:783 type:B dur:2 cpbdur:2 q:3.28 aq:1.08 tex:315679 mv:10898 misc:2103 imb:457 pmb:731 smb:6972 d:- ref:0 ;
in:783 out:784 type:b dur:2 cpbdur:2 q:3.28 aq:1.46 tex:254158 mv:9287 misc:2011 imb:349 pmb:793 smb:7018 d:- ref:0 ;
in:787 out:785 type:P dur:2 cpbdur:2 q:3.13 aq:0.45 tex:379462 mv:7165 misc:1813 imb:1202 pmb:558 smb:6400 d:- ref:0 ;
in:785 out:786 type:B dur:2 cpbdur:2 q:3.13 aq:1.03 tex:296546 mv:9619 misc:2083 imb:415 pmb:778 smb:6967 d:- ref:0 ;
in:786 out:787 type:b dur:2 cpbdur:2 q:3.13 aq:1.19 tex:280078 mv:9871 misc:2059 imb:527 pmb:664 smb:6969 d:- ref:0 ;
in:788 out:788 type:P dur:2 cpbdur:2 q:2.11 aq:0.35 tex:449146 mv:9490 misc:1788 imb:1339 pmb:548 smb:6273 d:- ref:0 ;
in:792 out:789 type:P dur:2 cpbdur:2 q:2.12 aq:0.44 tex:882914 mv:11491 misc:2163 imb:1700 pmb:717 smb:5743 d:- ref:0 ;
in:790 out:790 type:B dur:2 cpbdur:2 q:2.12 aq:0.97 tex:101075 mv:1969 misc:2500 imb:31 pmb:714 smb:7415 d:- ref:0 ;
in:789 out:791 type:b dur:2 cpbdur:2 q:2.12 aq:0.90 tex:91648 mv:1277 misc:1603 imb:51 pmb:382 smb:7727 d:- ref:0 ;
in:791 out:792 type:b dur:2 cpbdur:2 q:2.12 aq:0.66 tex:321844 mv:4487 misc:1869 imb:255 pmb:620 smb:7285 d:- ref:0 ;
in:796 out:793 type:P dur:2 cpbdur:2 q:2.39 aq:0.43 tex:934276 mv:13107 misc:2073 imb:2119 pmb:496 smb:5545 d:- ref:0 ;
in:794 out:794 type:B dur:2 cpbdur:2 q:2.39 aq:0.96 tex:173947 mv:3394 misc:2315 imb:106 pmb:732 smb:7322 d:- ref:0 ;
in:793 out:795 type:b dur:2 cpbdur:2 q:2.39 aq:1.14 tex:72481 mv:1324 misc:1555 imb:29 pmb:338 smb:7793 d:- ref:0 ;
in:795 out:796 type:b dur:2 cpbdur:2 q:2.39 aq:1.21 tex:376819 mv:10293 misc:2728 imb:523 pmb:966 smb:6671 d:- ref:0 ;
in:800 out:797 type:P dur:2 cpbdur:2 q:2.31 aq:0.46 tex:802659 mv:12201 misc:2068 imb:2223 pmb:478 smb:5459 d:- ref:0 ;
in:798 out:798 type:B dur:2 cpbdur:2 q:2.39 aq:0.95 tex:9005 mv:669 misc:2254 imb:1 pmb:560 smb:7599 d:- ref:0 ;
in:797 out:799 type:b dur:2 cpbdur:2 q:2.39 aq:1.43 tex:3812 mv:219 misc:1177 imb:0 pmb:167 smb:7993 d:- ref:0 ;
in:799 out:800 type:b dur:2 cpbdur:2 q:2.39 aq:0.99 tex:303435 mv:9339 misc:2738 imb:500 pmb:961 smb:6699 d:- ref:0 ;
in:802 out:801 type:P dur:2 cpbdur:2 q:1.89 aq:0.80 tex:141902 mv:2674 misc:2080 imb:346 pmb:397 smb:7417 d:- ref:0 ;
in:801 out:802 type:b dur:2 cpbdur:2 q:2.31 aq:0.08 tex:31005 mv:927 misc:1372 imb:40 pmb:323 smb:7797 d:- ref:0 ;
in:804 out:803 type:P dur:2 cpbdur:2 q:1.21 aq:0.57 tex:552117 mv:5728 misc:1547 imb:640 pmb:335 smb:7185 d:- ref:0 ;
in:803 out:804 type:b dur:2 cpbdur:2 q:1.89 aq:0.61 tex:43893 mv:2310 misc:1501 imb:156 pmb:392 smb:7612 d:- ref:0 ;
in:807 out:805 type:P dur:2 cpbdur:2 q:1.31 aq:0.55 tex:630000 mv:13702 misc:1642 imb:2945 pmb:441 smb:4774 d:- ref:0 ;
in:805 out:806 type:B dur:2 cpbdur:2 q:1.31 aq:0.59 tex:78684 mv:1273 misc:1683 imb:48 pmb:470 smb:7642 d:- ref:0 ;
in:806 out:807 type:b dur:2 cpbdur:2 q:1.31 aq:0.62 tex:320770 mv:13720 misc:2838 imb:891 pmb:885 smb:6384 d:- ref:0 ;
in:809 out:808 type:P dur:2 cpbdur:2 q:1.58 aq:0.37 tex:235594 mv:7060 misc:1770 imb:1556 pmb:363 smb:6241 d:- ref:0 ;
in:808 out:809 type:b dur:2 cpbdur:2 q:1.58 aq:1.56 tex:58099 mv:1253 misc:1840 imb:19 pmb:426 smb:7715 d:- ref:0 ;
in:810 out:810 type:I dur:2 cpbdur:2 q:0.10 aq:0.24 tex:1184572 mv:45980 misc:224 imb:8160 pmb:0 smb:0 d:- ref:;
in:812 out:811 type:P dur:2 cpbdur:2 q:0.32 aq:0.32 tex:371762 mv:8282 misc:2252 imb:1987 pmb:362 smb:5811 d:- ref:0 ;
in:811 out:812 type:b dur:2 cpbdur:2 q:0.35 aq:0.66 tex:14574 mv:673 misc:1785 imb:9 pmb:407 smb:7744 d:- ref:0 ;
in:813 out:813 type:P dur:2 cpbdur:2 q:0.00 aq:0.63 tex:784201 mv:9393 misc:1790 imb:2273 pmb:326 smb:5561 d:- ref:0 ;
in:814 out:814 type:P dur:2 cpbdur:2 q:0.00 aq:0.59 tex:389210 mv:9044 misc:1802 imb:2020 pmb:288 smb:5852 d:- ref:0 ;
in:815 out:815 type:P dur:2 cpbdur:2 q:0.00 aq:0.26 tex:420851 mv:7955 misc:1954 imb:1935 pmb:265 smb:5960 d:- ref:0 ;
in:817 out:816 type:P dur:2 cpbdur:2 q:0.00 aq:0.65 tex:456477 mv:7806 misc:1949 imb:1382 pmb:447 smb:6331 d:- ref:0 ;
in:816 out:817 type:b dur:2 cpbdur:2 q:0.00 aq:0.97 tex:11830 mv:405 misc:2109 imb:0 pmb:499 smb:7661 d:- ref:0 ;
in:818 out:818 type:P dur:2 cpbdur:2 q:0.00 aq:0.41 tex:297420 mv:6533 misc:1767 imb:1460 pmb:295 smb:6405 d:- ref:0 ;
in:819 out:819 type:P dur:2 cpbdur:2 q:0.00 aq:0.19 tex:785132 mv:21760 misc:676 imb:7955 pmb:75 smb:130 d:- ref:0 ;
in:821 out:820 type:P dur:2 cpbdur:2 q:0.00 aq:0.35 tex:164951 mv:5567 misc:1946 imb:1270 pmb:309 smb:6581 d:- ref:0 ;
in:820 out:821 type:b dur:2 cpbdur:2 q:0.00 aq:0.52 tex:80706 mv:5641 misc:1653 imb:237 pmb:378 smb:7545 d:- ref:0 ;
in:823 out:822 type:P dur:2 cpbdur:2 q:0.00 aq:0.08 tex:184830 mv:5250 misc:1536 imb:1207 pmb:267 smb:6686 d:- ref:0 ;
in:822 out:823 type:b dur:2 cpbdur:2 q:0.00 aq:0.25 tex:73504 mv:4526 misc:1530 imb:189 pmb:371 smb:7600 d:- ref:0 ;
in:824 out:824 type:P dur:2 cpbdur:2 q:0.00 aq:0.15 tex:56104 mv:2853 misc:1395 imb:786 pmb:182 smb:7192 d:- ref:0 ;
