universe (IS n>=300): 582304 of 632940

VAL behaviour by IS-SQN vingtile (19 = best 5%):
dec          0       1       2       3       4      5      6      7      8      9      10     11     12     13     14     15     16     17     18     19
IS_sqn    -7.23   -5.80   -4.97   -4.23   -3.51  -2.85  -2.32  -1.90  -1.56  -1.27  -1.02  -0.78  -0.56  -0.35  -0.13   0.09   0.34   0.61   0.97   1.67
VAL_sqn   -4.36   -3.71   -3.32   -2.91   -2.33  -1.57  -1.01  -0.72  -0.60  -0.53  -0.49  -0.45  -0.43  -0.40  -0.40  -0.40  -0.43  -0.50  -0.57  -0.64
VAL_R   -289.02 -235.56 -206.88 -177.75 -136.70 -87.44 -52.85 -35.70 -27.74 -23.03 -20.20 -17.69 -15.97 -14.21 -13.62 -12.98 -12.70 -13.86 -14.92 -15.22

IS top-400: mean IS sqn 3.01, mean VAL sqn -0.69, share VAL R>0 28.0%, mean VAL R -14.8
IS top-400 by kind: {'MAJ': 215, 'ALL': 131, 'AGREE_else_fadeHTF': 33, 'BOTH': 19, 'PROD': 2}

candidates passing VAL filter: 69
                                                                                                                  combo    inv        sl     exit  IS_n    IS_R  IS_PF  IS_sqn  VAL_n  VAL_R  VAL_PF  VAL_sqn                kind  dec  score
279958                    MAJ[('D1', 'stoch5_KD', True)|('M15', 'HMAcross5_10', True)|('M30', 'HMAcross50_200', False)]  False  2xATR_H4      TR1   529   82.45   1.46    3.04    272  43.04    1.46     2.11                 MAJ   19   2.95
93339                                              BOTH[('M15', 'HMAcross5_10', True)|('M30', 'MACD5_35_hslope', True)]  False  2xATR_H4  TR1_TP3   559   79.27   1.40    3.06    294  41.50    1.39     2.07                BOTH   19   2.86
501094             MAJ[('M5', 'HMAcross5_20', True)|('M15', 'MACD12_26_hslope', True)|('M30', 'HMAcross20_100', False)]  False  1xATR_D1  TR1_TP3   426   72.23   1.53    3.23    218  29.72    1.39     1.79                 MAJ   19   2.50
549254                   ALL[('M15', 'MACD12_26_hslope', True)|('M5', 'RSI5_zone80', True)|('M30', 'px_vs_HMA5', True)]  False  1xATR_D1  TR1_TP3   414   65.30   1.47    2.90    212  24.74    1.34     1.54                 ALL   19   2.15
291508                             MAJ[('D1', 'stoch5_KD', True)|('M5', 'HMAcross5_10', True)|('H1', 'aroon14', False)]  False  2xATR_H4      TR1   537   69.83   1.38    2.85    292  27.74    1.26     1.49                 MAJ   19   2.02
441099               ALL[('H1', 'MACD5_35_hslope', True)|('M30', 'MACD5_35_hslope', True)|('M15', 'px_vs_HMA50', True)]  False  2xATR_H4  TR1_TP3   560   76.53   1.39    2.92    299  27.90    1.25     1.45                 ALL   19   1.98
288307           AGREE_else_fadeHTF[('D1', 'stoch5_KD', True)|('M5', 'RSI5_zone80', True)|('H1', 'stoch14_zone', True)]   True  2xATR_H1      TP2  1082  139.00   1.21    2.91    573  48.00    1.13     1.39  AGREE_else_fadeHTF   19   1.91
158019               ALL[('H1', 'MACD3_10_hslope', True)|('M30', 'MACD5_35_hslope', True)|('M15', 'px_vs_HMA50', True)]  False  2xATR_H4  TR1_TP3   560   75.18   1.38    2.86    300  26.83    1.24     1.39                 ALL   19   1.90
219686              MAJ[('H4', 'HMAcross10_50', True)|('H1', 'MACD5_35_hslope', True)|('M30', 'HMAcross20_100', False)]  False  2xATR_H4    TP1.5   372   68.00   1.35    2.82    214  26.00    1.22     1.43                 MAJ   19   1.88
380956                 MAJ[('H4', 'stoch5_KD', False)|('H1', 'MACD5_35_hslope', True)|('M30', 'HMAcross20_100', False)]  False  3xATR_H1    TP1.5   580   90.00   1.29    3.00    333  32.00    1.17     1.41                 MAJ   19   1.87
277648                MAJ[('D1', 'stoch5_KD', True)|('M15', 'MACD12_26_hslope', True)|('M30', 'HMAcross50_200', False)]  False  2xATR_H4      TR1   531   83.80   1.47    3.15    282  25.09    1.24     1.31                 MAJ   19   1.80
429969              ALL[('H1', 'MACD5_35_hslope', True)|('M15', 'HMAcross5_10', True)|('M30', 'MACD5_35_hslope', True)]  False  2xATR_H4  TR1_TP3   556   79.52   1.42    3.06    286  22.92    1.21     1.20                 ALL   19   1.68
525795     AGREE_else_fadeHTF[('H4', 'MACD5_35_hist', True)|('H1', 'HMAcross50_200', True)|('M30', 'px_vs_HMA5', True)]  False  2xATR_H4      TP1   608   72.00   1.27    2.94    315  21.00    1.14     1.19  AGREE_else_fadeHTF   19   1.65
130636                 MAJ[('H1', 'MACD3_10_hslope', True)|('H4', 'stoch5_KD', False)|('M30', 'HMAcross20_100', False)]  False  3xATR_H1    TP1.5   576   99.00   1.32    3.31    342  28.00    1.14     1.22                 MAJ   19   1.59
509494                         MAJ[('M5', 'HMAcross5_20', True)|('D1', 'stoch50_KD', True)|('M30', 'px_vs_HMA5', True)]  False  1xATR_D1  TR1_TP3   415   65.72   1.49    3.03    218  18.93    1.22     1.15                 MAJ   19   1.58
292507          AGREE_else_fadeHTF[('D1', 'stoch5_KD', True)|('H1', 'stoch14_zone', True)|('M15', 'px_vs_HMA50', True)]   True  2xATR_H1      TP2  1036  143.00   1.22    3.05    602  40.00    1.10     1.14  AGREE_else_fadeHTF   19   1.49
609874                         MAJ[('M5', 'HMAcross5_10', True)|('D1', 'stoch50_KD', True)|('M30', 'px_vs_HMA5', True)]  False  1xATR_D1  TR1_TP3   416   65.62   1.48    2.95    220  17.52    1.21     1.07                 MAJ   19   1.48
509493                         MAJ[('M5', 'HMAcross5_20', True)|('D1', 'stoch50_KD', True)|('M30', 'px_vs_HMA5', True)]  False  1xATR_D1      TR1   391   63.21   1.49    2.92    206  18.57    1.23     1.04                 MAJ   19   1.44
411406                      MAJ[('H4', 'stoch5_KD', False)|('M30', 'px_vs_HMA5', True)|('M15', 'SMAcross50_200', True)]  False  3xATR_H1    TP1.5   593   89.50   1.28    2.95    324  23.50    1.13     1.06                 MAJ   19   1.43
513553                       ALL[('M5', 'HMAcross5_20', True)|('M30', 'px_vs_HMA5', True)|('M15', 'px_vs_HMA50', True)]  False  1xATR_D1      TR1   388   70.32   1.54    3.01    201  15.67    1.22     0.95                 ALL   19   1.32
547708                 MAJ[('M15', 'MACD12_26_hslope', True)|('M5', 'psar0.04', True)|('M30', 'HMAcross20_100', False)]  False  2xATR_H4      TR1   532   73.48   1.42    2.92    291  17.09    1.16     0.96                 MAJ   19   1.30
389986               MAJ[('H4', 'stoch5_KD', False)|('M15', 'MACD12_26_hslope', True)|('M30', 'HMAcross20_100', False)]  False  3xATR_H1    TP1.5   616   86.50   1.26    2.80    341  21.50    1.11     0.94                 MAJ   19   1.27
519348                MAJ[('H4', 'MACD5_35_hist', True)|('M15', 'HMAcross5_10', True)|('M30', 'HMAcross50_200', False)]  False  3xATR_H1      TR1   891  103.03   1.33    3.02    522  22.89    1.12     0.96                 MAJ   19   1.26
498154                      MAJ[('M5', 'HMAcross5_20', True)|('H4', 'MACD5_35_hist', True)|('M30', 'px_vs_HMA5', True)]  False  1xATR_D1  TR1_TP3   421   73.58   1.52    3.20    235  14.56    1.17     0.89                 MAJ   19   1.19
448383                      MAJ[('H4', 'MACD3_10_hist', True)|('M5', 'HMAcross5_20', True)|('M30', 'px_vs_HMA5', True)]  False  1xATR_D1      TR1   393   68.55   1.52    2.94    219  13.68    1.17     0.85                 MAJ   19   1.13
560519                     MAJ[('M15', 'HMAcross5_10', True)|('M5', 'psar0.04', True)|('M30', 'HMAcross20_100', False)]  False  2xATR_H4  TR1_TP3   561   73.86   1.39    2.89    309  15.64    1.13     0.82                 MAJ   19   1.10
500184  AGREE_else_fadeHTF[('M5', 'HMAcross5_20', True)|('M15', 'MACD12_26_hslope', True)|('H1', 'stoch14_zone', True)]  False  1xATR_D1  TR1_TP3   432   62.00   1.43    2.80    226  12.36    1.15     0.78  AGREE_else_fadeHTF   19   1.07
400908                          MAJ[('H4', 'stoch5_KD', False)|('M5', 'RSI5_zone80', True)|('D1', 'px_vs_HMA10', True)]  False  3xATR_H1      TR1   889   94.11   1.30    2.82    490  18.66    1.10     0.79                 MAJ   19   1.06
78569                                               PROD[('H1', 'MACD5_35_hslope', True)|('M15', 'HMAcross5_10', True)]  False  2xATR_H4  TR1_TP3   557   73.83   1.42    3.08    317  15.32    1.13     0.78                PROD   19   1.04
386010                         MAJ[('H4', 'stoch5_KD', False)|('M5', 'HMAcross5_20', True)|('D1', 'px_vs_HMA10', True)]  False  1xATR_D1      TP1   435   63.00   1.34    3.05    225  11.00    1.10     0.73                 MAJ   19   1.02
400909                          MAJ[('H4', 'stoch5_KD', False)|('M5', 'RSI5_zone80', True)|('D1', 'px_vs_HMA10', True)]  False  3xATR_H1  TR1_TP3   941  103.61   1.31    3.18    515  17.45    1.09     0.75                 MAJ   19   1.02
293364             AGREE_else_fadeHTF[('D1', 'stoch5_KD', True)|('H1', 'stoch14_zone', True)|('M15', 'linreg10', True)]   True  2xATR_H4  TR1_TP3   557   79.30   1.43    3.16    310  14.18    1.12     0.75  AGREE_else_fadeHTF   19   1.01
560869       AGREE_else_fadeHTF[('M15', 'HMAcross5_10', True)|('M5', 'psar0.04', True)|('M30', 'SMAcross20_100', True)]  False  2xATR_H4  TR1_TP3   579   73.61   1.36    2.79    313  14.11    1.12     0.74  AGREE_else_fadeHTF   19   1.00
387887               MAJ[('H4', 'stoch5_KD', False)|('M15', 'MACD12_26_hslope', True)|('M30', 'HMAcross50_200', False)]  False  3xATR_H1      TP2   426   93.00   1.37    3.06    244  17.00    1.11     0.76                 MAJ   19   1.00
270928                              MAJ[('D1', 'stoch5_KD', True)|('M5', 'px_vs_HMA10', True)|('H1', 'aroon14', False)]  False  2xATR_H4      TR1   520   79.96   1.45    3.08    303  14.41    1.13     0.76                 MAJ   19   0.99
193369     AGREE_else_fadeHTF[('D1', 'px_vs_SMA5', True)|('M15', 'HMAcross5_10', True)|('M30', 'SMAcross20_100', True)]  False  2xATR_H4  TR1_TP3   558   87.67   1.47    3.39    324  14.15    1.12     0.76  AGREE_else_fadeHTF   19   0.99
288838                          ALL[('D1', 'stoch5_KD', True)|('M5', 'RSI5_zone80', True)|('M15', 'px_vs_HMA50', True)]  False  3xATR_H1      TR1   689   83.82   1.35    2.87    398  16.72    1.11     0.74                 ALL   19   0.97
297178                                MAJ[('D1', 'stoch5_KD', True)|('H1', 'aroon14', False)|('M15', 'linreg10', True)]  False  2xATR_H4      TR1   518   78.01   1.46    3.10    291  13.28    1.12     0.70                 MAJ   19   0.94
318178                            MAJ[('D1', 'stoch14_KD', True)|('M5', 'HMAcross5_20', True)|('H1', 'aroon14', False)]  False  2xATR_H4      TR1   521   73.55   1.42    2.98    301  13.24    1.12     0.71                 MAJ   19   0.93
282748                      ALL[('D1', 'stoch5_KD', True)|('M30', 'HMAcross50_200', False)|('M5', 'RSI5_zone80', True)]  False  3xATR_H1      TR1   480   70.94   1.45    2.91    273  12.31    1.12     0.68                 ALL   19   0.90

real-harness2 check (IS/VAL):
                                                                                                                                   name     score  IS_n  IS_totR  IS_PF  IS_green_days  IS_R_day  IS_maxDD  IS_green_months  VAL_n  VAL_totR  VAL_PF  VAL_green_days  VAL_R_day  VAL_maxDD  VAL_green_months  long_share
0                         MAJ[('D1', 'stoch5_KD', True)|('M15', 'HMAcross5_10', True)|('M30', 'HMAcross50_200', False)] SL=2xATR_H4 TR1  2.948523   528     82.4   1.46           47.5     0.208      -9.7             75.0    270      43.2    1.46            46.5      0.214       -9.1              66.7        0.50
1                                              BOTH[('M15', 'HMAcross5_10', True)|('M30', 'MACD5_35_hslope', True)] SL=2xATR_H4 TR1_TP3  2.860712   558     77.6   1.40           48.9     0.191      -9.0             77.8    293      40.2    1.38            46.1      0.195      -13.6              66.7        0.51
2              MAJ[('M5', 'HMAcross5_20', True)|('M15', 'MACD12_26_hslope', True)|('M30', 'HMAcross20_100', False)] SL=1xATR_D1 TR1_TP3  2.503809   425     72.9   1.54           48.2     0.216      -9.7             66.7    217      30.3    1.40            47.0      0.185      -10.2              66.7        0.55
3                    ALL[('M15', 'MACD12_26_hslope', True)|('M5', 'RSI5_zone80', True)|('M30', 'px_vs_HMA5', True)] SL=1xATR_D1 TR1_TP3  2.149255   413     64.5   1.46           45.9     0.188     -11.2             63.9    211      25.9    1.35            43.0      0.157       -7.6              66.7        0.54
4                                  MAJ[('D1', 'stoch5_KD', True)|('M5', 'HMAcross5_10', True)|('H1', 'aroon14', False)] SL=2xATR_H4 TR1  2.017708   536     70.1   1.39           48.3     0.172      -9.8             72.2    291      28.3    1.27            43.5      0.132      -21.8              66.7        0.50
5                ALL[('H1', 'MACD5_35_hslope', True)|('M30', 'MACD5_35_hslope', True)|('M15', 'px_vs_HMA50', True)] SL=2xATR_H4 TR1_TP3  1.980505   559     77.2   1.40           44.7     0.183     -13.4             66.7    299      27.4    1.25            42.3      0.127      -14.7              72.2        0.52
6            AGREE_else_fadeHTF[('D1', 'stoch5_KD', True)|('M5', 'RSI5_zone80', True)|('H1', 'stoch14_zone', True)]~inv SL=2xATR_H1 TP2  1.912088  1081    140.0   1.21           51.9     0.267     -27.0             77.8    569      43.0    1.12            49.0      0.163      -17.0              55.6        0.54
7                ALL[('H1', 'MACD3_10_hslope', True)|('M30', 'MACD5_35_hslope', True)|('M15', 'px_vs_HMA50', True)] SL=2xATR_H4 TR1_TP3  1.899802   559     75.8   1.39           44.4     0.181     -13.9             66.7    300      26.3    1.24            41.2      0.122      -14.7              72.2        0.53
8                 MAJ[('H4', 'HMAcross10_50', True)|('H1', 'MACD5_35_hslope', True)|('M30', 'HMAcross20_100', False)] SL=2xATR_H4 TP1.5  1.884639   371     66.5   1.34           55.3     0.234     -12.0             77.8    216      26.5    1.22            52.1      0.161      -11.5              66.7        0.49
9                    MAJ[('H4', 'stoch5_KD', False)|('H1', 'MACD5_35_hslope', True)|('M30', 'HMAcross20_100', False)] SL=3xATR_H1 TP1.5  1.865635   579     91.0   1.29           54.8     0.252     -21.5             72.2    335      35.0    1.19            53.1      0.164      -18.0              72.2        0.50
10                    MAJ[('D1', 'stoch5_KD', True)|('M15', 'MACD12_26_hslope', True)|('M30', 'HMAcross50_200', False)] SL=2xATR_H4 TR1  1.797734   530     83.7   1.47           48.4     0.210     -12.5             77.8    281      25.3    1.24            41.7      0.124      -12.8              61.1        0.48
11              ALL[('H1', 'MACD5_35_hslope', True)|('M15', 'HMAcross5_10', True)|('M30', 'MACD5_35_hslope', True)] SL=2xATR_H4 TR1_TP3  1.676235   555     78.6   1.41           46.3     0.188      -6.7             66.7    285      24.5    1.23            42.9      0.119       -8.8              55.6        0.52
12         AGREE_else_fadeHTF[('H4', 'MACD5_35_hist', True)|('H1', 'HMAcross50_200', True)|('M30', 'px_vs_HMA5', True)] SL=2xATR_H4 TP1  1.647509   607     71.0   1.26           55.4     0.176     -17.0             63.9    315      21.0    1.14            53.5      0.097      -13.0              55.6        0.50
13                   MAJ[('H1', 'MACD3_10_hslope', True)|('H4', 'stoch5_KD', False)|('M30', 'HMAcross20_100', False)] SL=3xATR_H1 TP1.5  1.586345   575    100.0   1.33           55.4     0.279     -21.5             72.2    344      31.0    1.16            52.3      0.142      -18.0              72.2        0.50
14                         MAJ[('M5', 'HMAcross5_20', True)|('D1', 'stoch50_KD', True)|('M30', 'px_vs_HMA5', True)] SL=1xATR_D1 TR1_TP3  1.583138   414     66.4   1.50           48.6     0.199     -12.6             72.2    217      19.8    1.24            41.1      0.113       -8.5              77.8        0.50
15          AGREE_else_fadeHTF[('D1', 'stoch5_KD', True)|('H1', 'stoch14_zone', True)|('M15', 'px_vs_HMA50', True)]~inv SL=2xATR_H1 TP2  1.489347  1035    144.0   1.22           51.6     0.296     -26.0             66.7    601      38.0    1.10            48.2      0.136      -33.0              66.7        0.54
16                         MAJ[('M5', 'HMAcross5_10', True)|('D1', 'stoch50_KD', True)|('M30', 'px_vs_HMA5', True)] SL=1xATR_D1 TR1_TP3  1.476967   415     66.3   1.49           46.9     0.196      -9.1             77.8    219      16.5    1.20            41.6      0.096      -11.9              66.7        0.46
17                             MAJ[('M5', 'HMAcross5_20', True)|('D1', 'stoch50_KD', True)|('M30', 'px_vs_HMA5', True)] SL=1xATR_D1 TR1  1.436888   390     63.9   1.50           49.5     0.203     -12.6             69.4    205      19.4    1.25            41.2      0.118       -7.3              66.7        0.51
18                        MAJ[('H4', 'stoch5_KD', False)|('M30', 'px_vs_HMA5', True)|('M15', 'SMAcross50_200', True)] SL=3xATR_H1 TP1.5  1.427453   592     90.5   1.28           54.4     0.240     -15.5             75.0    323      22.0    1.12            51.0      0.106      -21.0              61.1        0.47
19                           ALL[('M5', 'HMAcross5_20', True)|('M30', 'px_vs_HMA5', True)|('M15', 'px_vs_HMA50', True)] SL=1xATR_D1 TR1  1.322027   387     71.0   1.55           49.4     0.225      -8.6             72.2    200      15.5    1.21            41.5      0.094      -12.6              55.6        0.51
20                     MAJ[('M15', 'MACD12_26_hslope', True)|('M5', 'psar0.04', True)|('M30', 'HMAcross20_100', False)] SL=2xATR_H4 TR1  1.301307   531     73.4   1.42           47.4     0.183     -10.1             61.1    290      17.7    1.17            42.7      0.084      -19.0              61.1        0.46
21                 MAJ[('H4', 'stoch5_KD', False)|('M15', 'MACD12_26_hslope', True)|('M30', 'HMAcross20_100', False)] SL=3xATR_H1 TP1.5  1.266126   615     87.5   1.26           55.0     0.225     -13.5             75.0    343      24.5    1.12            53.5      0.113      -15.5              55.6        0.52
22                    MAJ[('H4', 'MACD5_35_hist', True)|('M15', 'HMAcross5_10', True)|('M30', 'HMAcross50_200', False)] SL=3xATR_H1 TR1  1.256090   890    101.8   1.33           50.7     0.201     -19.2             61.1    518      25.7    1.14            47.7      0.093      -16.5              55.6        0.53
23                      MAJ[('M5', 'HMAcross5_20', True)|('H4', 'MACD5_35_hist', True)|('M30', 'px_vs_HMA5', True)] SL=1xATR_D1 TR1_TP3  1.187558   420     74.3   1.53           48.1     0.217     -16.4             75.0    234      15.4    1.18            40.7      0.082      -10.9              61.1        0.52
24                          MAJ[('H4', 'MACD3_10_hist', True)|('M5', 'HMAcross5_20', True)|('M30', 'px_vs_HMA5', True)] SL=1xATR_D1 TR1  1.131999   392     69.2   1.53           48.6     0.220     -17.4             72.2    218      13.8    1.17            42.8      0.080      -10.3              55.6        0.49
25                     MAJ[('M15', 'HMAcross5_10', True)|('M5', 'psar0.04', True)|('M30', 'HMAcross20_100', False)] SL=2xATR_H4 TR1_TP3  1.103335   560     72.9   1.38           50.2     0.180     -10.8             75.0    308      18.3    1.16            40.1      0.084      -13.3              61.1        0.47
26  AGREE_else_fadeHTF[('M5', 'HMAcross5_20', True)|('M15', 'MACD12_26_hslope', True)|('H1', 'stoch14_zone', True)] SL=1xATR_D1 TR1_TP3  1.074807   431     62.7   1.44           49.3     0.184     -10.8             72.2    225      12.9    1.16            44.6      0.078      -14.9              55.6        0.58
27                              MAJ[('H4', 'stoch5_KD', False)|('M5', 'RSI5_zone80', True)|('D1', 'px_vs_HMA10', True)] SL=3xATR_H1 TR1  1.064678   888     92.6   1.29           48.3     0.182     -15.2             72.2    487      17.3    1.10            47.3      0.067      -26.8              66.7        0.48
28                                              PROD[('H1', 'MACD5_35_hslope', True)|('M15', 'HMAcross5_10', True)] SL=2xATR_H4 TR1_TP3  1.035261   556     72.9   1.41           48.1     0.182      -9.6             80.6    315      15.8    1.13            41.7      0.071      -13.1              61.1        0.61
29                             MAJ[('H4', 'stoch5_KD', False)|('M5', 'HMAcross5_20', True)|('D1', 'px_vs_HMA10', True)] SL=1xATR_D1 TP1  1.020879   434     62.0   1.33           58.2     0.191      -9.0             77.8    227      13.0    1.12            51.6      0.071      -19.0              55.6        0.45
30                          MAJ[('H4', 'stoch5_KD', False)|('M5', 'RSI5_zone80', True)|('D1', 'px_vs_HMA10', True)] SL=3xATR_H1 TR1_TP3  1.015996   940    102.1   1.31           50.4     0.193     -13.7             77.8    512      15.4    1.08            48.3      0.058      -24.3              55.6        0.48
31         AGREE_else_fadeHTF[('D1', 'stoch5_KD', True)|('H1', 'stoch14_zone', True)|('M15', 'linreg10', True)]~inv SL=2xATR_H4 TR1_TP3  1.010193   556     79.6   1.44           47.3     0.195      -8.5             75.0    309      12.8    1.11            42.3      0.058      -13.4              66.7        0.52
32       AGREE_else_fadeHTF[('M15', 'HMAcross5_10', True)|('M5', 'psar0.04', True)|('M30', 'SMAcross20_100', True)] SL=2xATR_H4 TR1_TP3  1.004622   578     73.5   1.36           47.6     0.175      -9.6             69.4    312      14.7    1.12            42.9      0.068      -12.6              66.7        0.49
33                   MAJ[('H4', 'stoch5_KD', False)|('M15', 'MACD12_26_hslope', True)|('M30', 'HMAcross50_200', False)] SL=3xATR_H1 TP2  1.000744   425     94.0   1.37           48.5     0.316     -18.0             74.3    242      16.0    1.10            48.8      0.099      -17.0              55.6        0.50
34                                  MAJ[('D1', 'stoch5_KD', True)|('M5', 'px_vs_HMA10', True)|('H1', 'aroon14', False)] SL=2xATR_H4 TR1  0.994877   519     80.2   1.46           46.1     0.200      -8.0             77.8    302      15.0    1.13            42.6      0.067      -23.9              72.2        0.50
35     AGREE_else_fadeHTF[('D1', 'px_vs_SMA5', True)|('M15', 'HMAcross5_10', True)|('M30', 'SMAcross20_100', True)] SL=2xATR_H4 TR1_TP3  0.993525   557     86.8   1.47           51.1     0.214     -13.9             66.7    322      11.6    1.10            44.4      0.051       -8.6              44.4        0.49
36                              ALL[('D1', 'stoch5_KD', True)|('M5', 'RSI5_zone80', True)|('M15', 'px_vs_HMA50', True)] SL=3xATR_H1 TR1  0.972240   688     84.4   1.36           49.9     0.182     -15.9             77.8    398      12.2    1.08            44.8      0.048      -25.3              66.7        0.46
37                                    MAJ[('D1', 'stoch5_KD', True)|('H1', 'aroon14', False)|('M15', 'linreg10', True)] SL=2xATR_H4 TR1  0.938536   517     78.3   1.46           46.0     0.203      -9.0             72.2    291      15.2    1.14            43.1      0.072      -21.8              66.7        0.48
38                                MAJ[('D1', 'stoch14_KD', True)|('M5', 'HMAcross5_20', True)|('H1', 'aroon14', False)] SL=2xATR_H4 TR1  0.928260   520     73.5   1.42           47.4     0.188      -8.6             72.2    299      10.6    1.09            41.0      0.049      -22.7              61.1        0.51
39                          ALL[('D1', 'stoch5_KD', True)|('M30', 'HMAcross50_200', False)|('M5', 'RSI5_zone80', True)] SL=3xATR_H1 TR1  0.895223   480     70.9   1.45           48.2     0.183     -10.5             75.0    272       9.1    1.09            41.3      0.044      -22.5              61.1        0.48
