port  k  mean_corr  IS_totR  IS_R_day  IS_green_days  IS_maxDD  IS_green_months  IS_sharpe_d  VAL_totR  VAL_R_day  VAL_green_days  VAL_maxDD  VAL_green_months  VAL_sharpe_d  minSh
  A3  3      0.196    232.8     0.415           49.9     -13.2             83.3         3.14     113.7      0.385            46.8      -12.6              72.2          2.86   2.86
  B3  3     -0.032    226.9     0.389           54.9     -10.4             86.1         3.87      61.2      0.197            50.0      -20.0              61.1          1.65   1.65
  C3  3     -0.034    215.4     0.354           55.6     -10.3             88.9         3.55      77.2      0.247            53.8      -13.1              77.8          2.26   2.26
  A5  5      0.248    374.5     0.602           47.9     -21.9             80.6         3.13     166.9      0.525            46.9      -20.3              72.2          2.74   2.74
  B5  5      0.007    380.3     0.582           56.4     -14.5             88.9         4.46      92.4      0.278            48.8      -27.3              77.8          1.83   1.83
  C5  5      0.050    365.8     0.551           56.2     -13.9             88.9         3.90     147.7      0.440            53.0      -13.9              83.3          2.99   2.99
 A10 10      0.130    809.3     1.100           52.0     -30.0             86.1         3.83     309.0      0.846            52.1      -32.7              83.3          3.11   3.11
 B10 10      0.043    801.9     1.114           57.9     -14.1            100.0         4.93     193.4      0.528            49.7      -32.9              72.2          2.07   2.07
 C10 10      0.054    770.3     1.068           56.0     -19.2             97.2         4.75     226.3      0.611            51.1      -34.3              83.3          2.58   2.58

carried forward: ['A10', 'C5', 'A3']
A10
   MAJ[('D1', 'stoch5_KD', True)|('M15', 'HMAcross5_10', True)|('M30', 'HMAcross50_200', False)] SL=2xATR_H4 TR1
   BOTH[('M15', 'HMAcross5_10', True)|('M30', 'MACD5_35_hslope', True)] SL=2xATR_H4 TR1_TP3
   MAJ[('M5', 'HMAcross5_20', True)|('M15', 'MACD12_26_hslope', True)|('M30', 'HMAcross20_100', False)] SL=1xATR_D1 TR1_TP3
   ALL[('M15', 'MACD12_26_hslope', True)|('M5', 'RSI5_zone80', True)|('M30', 'px_vs_HMA5', True)] SL=1xATR_D1 TR1_TP3
   ALL[('H1', 'MACD5_35_hslope', True)|('M30', 'MACD5_35_hslope', True)|('M15', 'px_vs_HMA50', True)] SL=2xATR_H4 TR1_TP3
   AGREE_else_fadeHTF[('D1', 'stoch5_KD', True)|('M5', 'RSI5_zone80', True)|('H1', 'stoch14_zone', True)]~inv SL=2xATR_H1 TP2
   MAJ[('H4', 'HMAcross10_50', True)|('H1', 'MACD5_35_hslope', True)|('M30', 'HMAcross20_100', False)] SL=2xATR_H4 TP1.5
   MAJ[('H4', 'stoch5_KD', False)|('H1', 'MACD5_35_hslope', True)|('M30', 'HMAcross20_100', False)] SL=3xATR_H1 TP1.5
   AGREE_else_fadeHTF[('H4', 'MACD5_35_hist', True)|('H1', 'HMAcross50_200', True)|('M30', 'px_vs_HMA5', True)] SL=2xATR_H4 TP1
   MAJ[('M5', 'HMAcross5_10', True)|('D1', 'stoch50_KD', True)|('M30', 'px_vs_HMA5', True)] SL=1xATR_D1 TR1_TP3
C5
   MAJ[('D1', 'stoch5_KD', True)|('M15', 'HMAcross5_10', True)|('M30', 'HMAcross50_200', False)] SL=2xATR_H4 TR1
   AGREE_else_fadeHTF[('H4', 'MACD5_35_hist', True)|('H1', 'HMAcross50_200', True)|('M30', 'px_vs_HMA5', True)] SL=2xATR_H4 TP1
   MAJ[('H4', 'stoch5_KD', False)|('M5', 'HMAcross5_20', True)|('D1', 'px_vs_HMA10', True)] SL=1xATR_D1 TP1
   MAJ[('M5', 'HMAcross5_20', True)|('M15', 'MACD12_26_hslope', True)|('M30', 'HMAcross20_100', False)] SL=1xATR_D1 TR1_TP3
   BOTH[('M15', 'HMAcross5_10', True)|('M30', 'MACD5_35_hslope', True)] SL=2xATR_H4 TR1_TP3
A3
   MAJ[('D1', 'stoch5_KD', True)|('M15', 'HMAcross5_10', True)|('M30', 'HMAcross50_200', False)] SL=2xATR_H4 TR1
   BOTH[('M15', 'HMAcross5_10', True)|('M30', 'MACD5_35_hslope', True)] SL=2xATR_H4 TR1_TP3
   MAJ[('M5', 'HMAcross5_20', True)|('M15', 'MACD12_26_hslope', True)|('M30', 'HMAcross20_100', False)] SL=1xATR_D1 TR1_TP3
