792 signals, 52 dist rules, setup 19s
0.5xATR_M5     4.1s
1xATR_M5       2.0s
1.5xATR_M5     1.8s
2xATR_M5       1.7s
3xATR_M5       0.9s
5xATR_M5       0.5s
0.5xATR_M15    2.2s
1xATR_M15      1.7s
1.5xATR_M15    1.3s
2xATR_M15      0.9s
3xATR_M15      0.5s
5xATR_M15      0.5s
0.5xATR_M30    1.9s
1xATR_M30      1.6s
1.5xATR_M30    0.9s
2xATR_M30      0.6s
3xATR_M30      0.5s
5xATR_M30      0.5s
0.5xATR_H1     1.6s
1xATR_H1       1.1s
1.5xATR_H1     0.6s
2xATR_H1       0.5s
3xATR_H1       0.5s
5xATR_H1       0.5s
0.5xATR_H4     1.1s
1xATR_H4       0.6s
1.5xATR_H4     0.5s
2xATR_H4       0.5s
3xATR_H4       0.5s
5xATR_H4       0.6s
0.5xATR_D1     0.5s
1xATR_D1       0.5s
1.5xATR_D1     0.5s
2xATR_D1       0.5s
3xATR_D1       0.5s
5xATR_D1       0.5s
$1             2.5s
$2             1.9s
$3             1.7s
$5             1.0s
$8             0.6s
$12            0.5s
$20            0.5s
0.05%px        2.6s
0.075%px       2.1s
0.1%px         2.2s
0.15%px        1.7s
0.2%px         1.4s
0.3%px         0.9s
0.5%px         0.6s
0.75%px        0.5s
1.0%px         0.5s
done 82368 76s
