entries 215
0 donch10_M15_flip 44 5
20 donch10_M30_state 924 68
40 donch10_H1_fresh 1804 129
60 donch20_H4_flip 2684 189
80 donch20_D1_state 3564 247
100 pb_H1ema50slope_M15rsi2_5 4444 304
120 pb_D1ema50_200_H1rsi2_5 5324 364
140 pb_D1ema50slope_H4rsi2_5 6204 424
160 vcb_NR4_H1 7300 516
180 bbfade20_2.5_M15 8308 593
200 bbfade20_2.0_H4 9268 653
variants 9940
qualified 234
                             name slmode  slk  tpr  trk  mb  IS_n  IS_totR  IS_R_trade  IS_PF  IS_green_days  IS_R_day  IS_maxDD
5561   pb_D1ema50slope_H1rsi14_40    atr  1.5  5.0  NaN   0   281     91.0       0.324   1.42           24.6     0.361     -19.0
1051            donch20_M30_state    atr  3.0  5.0  NaN   0   246     84.0       0.341   1.44           32.1     0.519     -11.0
5033    pb_H4ema50_200_H1rsi14_40    atr  1.5  5.0  NaN   0   295     83.0       0.281   1.36           23.9     0.314     -20.0
1315           ema10x50_M30_state    atr  3.0  5.0  NaN   0   266     64.0       0.241   1.30           30.5     0.362     -22.0
5425    pb_D1ema50slope_H1rsi2_10    atr  1.5  2.0  NaN   0   694     62.0       0.089   1.14           45.6     0.118     -42.0
5559   pb_D1ema50slope_H1rsi14_40    atr  1.5  3.0  NaN   0   345     59.0       0.171   1.24           33.1     0.193     -18.0
4433    pb_H1ema50slope_M15rsi2_5    atr  3.0  1.5  NaN   0   921     56.5       0.061   1.11           52.2     0.093     -23.5
5576   pb_D1ema50slope_H1rsi14_40    atr  2.0  NaN  1.5   0   363     55.0       0.151   1.29           39.1     0.173     -14.0
952             donch10_M30_fresh    atr  2.0  5.0  NaN   0   403     53.0       0.132   1.16           29.6     0.206     -27.0
4437    pb_H1ema50slope_M15rsi2_5    atr  3.0  3.0  NaN   0   620     52.0       0.084   1.12           35.4     0.111     -35.0
4263     pb_H1ema50_200_M15rsi2_5    atr  3.0  5.0  NaN   0   404     52.0       0.129   1.16           25.1     0.172     -35.0
2409            st10_3.0_H1_state    atr  3.0  1.5  NaN   0   595     50.0       0.084   1.15           52.1     0.132     -13.5
4833  pb_H4ema50slope_M15rsi14_30    atr  3.0  3.0  NaN   0   358     50.0       0.140   1.20           34.7     0.170     -32.0
2184           ema20x100_H1_event    atr  2.0  5.0  NaN   0   156     48.0       0.308   1.39           23.4     0.331     -14.0
1744             donch10_H1_state    atr  2.0  5.0  NaN   0   390     48.0       0.123   1.15           31.6     0.213     -39.0
5048    pb_H4ema50_200_H1rsi14_40    atr  2.0  NaN  1.5   0   366     47.9       0.131   1.25           39.0     0.151     -14.1
5031    pb_H4ema50_200_H1rsi14_40    atr  1.5  3.0  NaN   0   358     46.0       0.128   1.18           31.9     0.145     -21.0
1876             donch20_H1_state    atr  2.0  5.0  NaN   0   374     46.0       0.123   1.15           31.3     0.212     -26.0
6310             sess_0-7_to12_b0    atr  2.0  5.0  NaN   0   260     46.0       0.177   1.22           20.4     0.184     -43.0
7584                 vcb_NR7IB_H4    atr  1.0  5.0  NaN   0   182     46.0       0.253   1.32           20.9     0.253     -29.0
5434    pb_D1ema50slope_H1rsi2_10    atr  2.0  1.5  NaN   0   594     46.0       0.077   1.14           50.6     0.097     -25.0
4905     pb_H4ema50_200_H1rsi2_10    atr  1.5  NaN  1.5   0   754     44.3       0.059   1.11           40.0     0.081     -28.6
5042    pb_H4ema50_200_H1rsi14_40    atr  2.0  3.0  NaN   0   276     44.0       0.159   1.22           31.4     0.173     -16.0
4916     pb_H4ema50_200_H1rsi2_10    atr  2.0  NaN  1.5   0   554     43.2       0.078   1.15           39.5     0.095     -20.2
1579           st10_3.0_M30_state    atr  3.0  5.0  NaN   0   281     43.0       0.153   1.19           28.7     0.238     -22.0
4305   pb_H1ema50_200_M15rsi14_30    atr  3.0  3.0  NaN   0   390     42.0       0.108   1.15           35.4     0.138     -28.0
5044    pb_H4ema50_200_H1rsi14_40    atr  2.0  5.0  NaN   0   216     42.0       0.194   1.24           21.7     0.212     -21.0
5550   pb_D1ema50slope_H1rsi14_40    atr  1.0  5.0  NaN   0   396     42.0       0.106   1.13           22.1     0.127     -38.0
6534             sess_0-7_to20_b0    atr  2.0  5.0  NaN   0   264     42.0       0.159   1.20           20.4     0.168     -28.0
6422             sess_0-7_to16_b0    atr  2.0  5.0  NaN   0   264     42.0       0.159   1.20           20.4     0.168     -28.0
6757             sess_7-8_to12_b0    atr  2.0  3.0  NaN   0   431     41.0       0.095   1.13           28.9     0.102     -25.0
5570   pb_D1ema50slope_H1rsi14_40    atr  2.0  3.0  NaN   0   275     41.0       0.149   1.21           31.1     0.161     -13.0
5438    pb_D1ema50slope_H1rsi2_10    atr  2.0  3.0  NaN   0   380     40.0       0.105   1.15           31.6     0.120     -29.0
5374    pb_D1ema50_200_H1rsi14_40    atr  1.0  5.0  NaN   0   452     40.0       0.088   1.11           22.7     0.111     -38.0
4901     pb_H4ema50_200_H1rsi2_10    atr  1.5  5.0  NaN   0   422     40.0       0.095   1.12           23.0     0.119     -40.0
6590             sess_0-7_to20_b1    atr  2.0  5.0  NaN   0   290     40.0       0.138   1.17           22.9     0.167     -33.0
1489          ema50x200_M30_state    atr  3.0  3.0  NaN   0   413     39.0       0.094   1.13           44.1     0.159     -21.0
5444    pb_D1ema50slope_H1rsi2_10    atr  2.0  NaN  1.5   0   528     38.3       0.073   1.14           40.5     0.088     -22.9
8737               rsifade2_5_M30    atr  3.0  2.0  NaN   0   493     38.0       0.077   1.12           43.2     0.102     -28.0
5385    pb_D1ema50_200_H1rsi14_40    atr  1.5  5.0  NaN   0   316     38.0       0.120   1.15           21.4     0.138     -31.0
          count   max
fam                  
meanrev      17  38.0
pullback     86  91.0
session      13  46.0
trend        91  84.0
vcb          27  46.0
          count  median   max
fam                          
meanrev    1728  -29.50  38.0
pullback   2112  -23.00  91.0
session     896  -46.45  46.0
trend      4180  -20.50  84.0
vcb        1024  -17.00  46.0
