bases 51
0 pb_D1ema50slope_H1rsi14_40 7
10 ema20x100_H1_event 30
20 sess_7-8_to12_b0 52
30 pb_H4ema50slope_H1rsi14_40 78
40 rsifade14_25_H1 101
50 pb_D1ema50slope_H1rsi2_10 124
variants 1224
                            name slmode  slk  tpr  trk    mb               filt  IS_n  IS_totR  IS_R_trade  IS_PF  IS_green_days  IS_R_day  IS_maxDD
504    pb_D1ema50_200_H1rsi14_40    atr  1.0  5.0  NaN     0           sess7_17   333     99.0       0.297   1.38           24.7     0.339     -26.0
507    pb_D1ema50_200_H1rsi14_40    atr  1.0  5.0  NaN     0           adxH1_20   328     98.0       0.299   1.38           25.5     0.353     -25.0
11    pb_D1ema50slope_H1rsi14_40    atr  1.5  5.0  NaN     0           dtrend50   281     91.0       0.324   1.42           24.6     0.361     -19.0
59     pb_H4ema50_200_H1rsi14_40    atr  1.5  5.0  NaN     0           dtrend50   263     91.0       0.346   1.45           25.0     0.386     -15.0
2     pb_D1ema50slope_H1rsi14_40    atr  1.5  5.0  NaN     0            notasia   263     85.0       0.323   1.41           24.3     0.356     -21.0
505    pb_D1ema50_200_H1rsi14_40    atr  1.0  5.0  NaN     0          sess12_17   212     82.0       0.387   1.50           24.1     0.404     -13.0
0     pb_D1ema50slope_H1rsi14_40    atr  1.5  5.0  NaN     0           sess7_17   243     81.0       0.333   1.43           24.1     0.362     -20.0
14    pb_D1ema50slope_H1rsi14_40    atr  1.5  5.0  NaN     0  dtrend50+sess7_17   243     81.0       0.333   1.43           24.1     0.362     -20.0
506    pb_D1ema50_200_H1rsi14_40    atr  1.0  5.0  NaN     0            notasia   396     78.0       0.197   1.25           23.7     0.234     -34.0
62     pb_H4ema50_200_H1rsi14_40    atr  1.5  5.0  NaN     0  dtrend50+sess7_17   222     78.0       0.351   1.45           24.6     0.384     -15.0
9     pb_D1ema50slope_H1rsi14_40    atr  1.5  5.0  NaN     0            volhiD1   151     77.0       0.510   1.68           27.7     0.562     -17.0
57     pb_H4ema50_200_H1rsi14_40    atr  1.5  5.0  NaN     0            volhiD1   163     77.0       0.472   1.63           26.8     0.517     -14.0
23    pb_D1ema50slope_H1rsi14_40    atr  1.5  5.0  NaN  7200               none   297     76.9       0.259   1.34           25.6     0.289     -19.0
22    pb_D1ema50slope_H1rsi14_40    atr  1.5  5.0  NaN  2880               none   345     76.4       0.221   1.31           31.1     0.251     -14.6
8     pb_D1ema50slope_H1rsi14_40    atr  1.5  5.0  NaN     0            volloH1   219     75.0       0.342   1.44           23.9     0.366     -20.0
50     pb_H4ema50_200_H1rsi14_40    atr  1.5  5.0  NaN     0            notasia   280     74.0       0.264   1.33           23.3     0.292     -21.0
3     pb_D1ema50slope_H1rsi14_40    atr  1.5  5.0  NaN     0           adxH1_20   222     72.0       0.324   1.42           23.9     0.351     -29.0
631   pb_H1ema50slope_M15rsi2_10    atr  3.0  5.0  NaN     0            volhiH1   270     72.0       0.267   1.34           25.0     0.316     -17.0
1127   pb_H1ema50slope_M15rsi2_5    atr  3.0  3.0  NaN  7200               none   667     71.2       0.107   1.15           36.8     0.142     -28.0
105    pb_D1ema50slope_H1rsi2_10    atr  1.5  2.0  NaN     0            volhiD1   394     71.0       0.180   1.30           47.6     0.227      -9.0
635   pb_H1ema50slope_M15rsi2_10    atr  3.0  5.0  NaN     0           dtrend50   380     70.0       0.184   1.23           23.2     0.222     -22.0
513    pb_D1ema50_200_H1rsi14_40    atr  1.0  5.0  NaN     0            volhiD1   242     70.0       0.289   1.37           25.5     0.343     -17.0
559          ema50x200_M30_state    atr  3.0  3.0  NaN     0            volhiH1   279     69.0       0.247   1.36           39.0     0.324     -14.0
56     pb_H4ema50_200_H1rsi14_40    atr  1.5  5.0  NaN     0            volloH1   231     69.0       0.299   1.38           23.1     0.319     -18.0
215            st10_3.0_H1_state    atr  3.0  1.5  NaN  7200               none   642     68.2       0.106   1.19           53.8     0.164     -15.8
1105   pb_H1ema50slope_M15rsi2_5    atr  3.0  3.0  NaN     0          sess12_17   260     68.0       0.262   1.38           35.7     0.296     -15.0
60     pb_H4ema50_200_H1rsi14_40    atr  1.5  5.0  NaN     0          dtrend200   232     68.0       0.293   1.37           23.9     0.325     -15.0
887           st10_2.0_M15_event    atr  3.0  5.0  NaN  7200               none   524     66.9       0.128   1.17           30.0     0.179     -35.9
127    pb_H1ema50slope_M15rsi2_5    atr  3.0  1.5  NaN     0            volhiH1   497     65.5       0.132   1.24           49.9     0.157     -15.0
392           st10_3.0_M30_state    atr  3.0  5.0  NaN     0            volloH1   409     65.0       0.159   1.20           27.7     0.228     -23.0
145            donch10_M30_fresh    atr  2.0  5.0  NaN     0          sess12_17   362     64.0       0.177   1.22           24.6     0.225     -31.0
301             donch20_H1_state    atr  2.0  5.0  NaN     0          h4trend50   350     64.0       0.183   1.23           29.0     0.277     -30.0
521    pb_D1ema50_200_H1rsi14_40    atr  1.0  5.0  NaN     0  dtrend200+notasia   308     64.0       0.208   1.26           23.6     0.243     -38.0
1118   pb_H1ema50slope_M15rsi2_5    atr  3.0  3.0  NaN     0  dtrend50+sess7_17   301     63.0       0.209   1.30           34.9     0.244     -21.0
509    pb_D1ema50_200_H1rsi14_40    atr  1.0  5.0  NaN     0           adxH4_25   201     63.0       0.313   1.40           26.0     0.373     -28.0
71     pb_H4ema50_200_H1rsi14_40    atr  1.5  5.0  NaN  7200               none   309     62.2       0.201   1.26           24.2     0.225     -21.0
119    pb_D1ema50slope_H1rsi2_10    atr  1.5  2.0  NaN  7200               none   694     62.0       0.089   1.14           45.6     0.118     -42.0
107    pb_D1ema50slope_H1rsi2_10    atr  1.5  2.0  NaN     0           dtrend50   694     62.0       0.089   1.14           45.6     0.118     -42.0
65     pb_H4ema50_200_H1rsi14_40    atr  1.5  5.0  NaN     0  dtrend200+notasia   214     62.0       0.290   1.37           23.5     0.316     -19.0
1161   pb_H4ema50_200_H1rsi14_40    atr  1.5  3.0  NaN     0            volhiD1   203     61.0       0.300   1.45           36.1     0.333     -20.0
