total variants tested (IS): 11156
qualified: 666
                           name  slk  tpr  trk    mb               filt  IS_n  IS_totR  IS_PF  IS_maxDD  VAL_n  VAL_totR  VAL_R_trade  VAL_PF  VAL_maxDD
0     pb_D1ema50_200_H1rsi14_40  1.0  5.0  NaN     0           sess7_17   333     99.0   1.38     -26.0    157     -19.0       -0.121    0.86      -44.0
1     pb_D1ema50_200_H1rsi14_40  1.0  5.0  NaN     0           adxH1_20   328     98.0   1.38     -25.0    136     -10.0       -0.074    0.91      -37.0
2     pb_H4ema50_200_H1rsi14_40  1.5  5.0  NaN     0           dtrend50   263     91.0   1.45     -15.0    151      -1.0       -0.007    0.99      -25.0
3    pb_D1ema50slope_H1rsi14_40  1.5  5.0  NaN     0               none   281     91.0   1.42     -19.0    161       7.0        0.043    1.05      -26.0
4    pb_D1ema50slope_H1rsi14_40  1.5  5.0  NaN     0           dtrend50   281     91.0   1.42     -19.0    161       7.0        0.043    1.05      -26.0
5    pb_D1ema50slope_H1rsi14_40  1.5  5.0  NaN     0            notasia   263     85.0   1.41     -21.0    143       7.0        0.049    1.06      -16.0
6             donch20_M30_state  3.0  5.0  NaN     0               none   246     84.0   1.44     -11.0    150      24.0        0.160    1.20      -18.0
7     pb_H4ema50_200_H1rsi14_40  1.5  5.0  NaN     0               none   295     83.0   1.36     -20.0    175     -25.0       -0.143    0.83      -33.0
8     pb_D1ema50_200_H1rsi14_40  1.0  5.0  NaN     0          sess12_17   212     82.0   1.50     -13.0     98     -44.0       -0.449    0.51      -46.0
9     pb_H4ema50_200_H1rsi14_40  1.5  5.0  NaN     0  dtrend50+sess7_17   222     78.0   1.45     -15.0    117     -21.0       -0.179    0.79      -26.0
10   pb_H1ema50slope_M15rsi2_10  3.0  5.0  NaN     0            volhiH1   270     72.0   1.34     -17.0    166      14.0        0.084    1.10      -27.0
11    pb_H1ema50slope_M15rsi2_5  3.0  3.0  NaN  7200               none   667     71.2   1.15     -28.0    376      -6.6       -0.018    0.98      -50.0
12    pb_D1ema50slope_H1rsi2_10  1.5  2.0  NaN     0            volhiD1   394     71.0   1.30      -9.0    202     -10.0       -0.050    0.93      -21.0
13   pb_H1ema50slope_M15rsi2_10  3.0  5.0  NaN     0           dtrend50   380     70.0   1.23     -22.0    220      32.0        0.145    1.18      -24.0
14          ema50x200_M30_state  3.0  3.0  NaN     0            volhiH1   279     69.0   1.36     -14.0    176      28.0        0.159    1.22      -14.0
15            st10_3.0_H1_state  3.0  1.5  NaN  7200               none   642     68.2   1.19     -15.8    359      14.1        0.039    1.07      -27.7
16    pb_H1ema50slope_M15rsi2_5  3.0  3.0  NaN     0          sess12_17   260     68.0   1.38     -15.0    164      -4.0       -0.024    0.97      -39.0
17           st10_2.0_M15_event  3.0  5.0  NaN  7200               none   524     66.9   1.17     -35.9    293     -18.6       -0.064    0.92      -38.5
18    pb_H1ema50slope_M15rsi2_5  3.0  1.5  NaN     0            volhiH1   497     65.5   1.24     -15.0    285     -37.5       -0.132    0.80      -41.0
19           st10_3.0_M30_state  3.0  5.0  NaN     0            volloH1   409     65.0   1.20     -23.0    233     -29.0       -0.124    0.85      -54.0
20           ema10x50_M30_state  3.0  5.0  NaN     0               none   266     64.0   1.30     -22.0    160      44.0        0.275    1.35      -19.0
21             donch20_H1_state  2.0  5.0  NaN     0          h4trend50   350     64.0   1.23     -30.0    224      76.0        0.339    1.44      -17.0
22            donch10_M30_fresh  2.0  5.0  NaN     0          sess12_17   362     64.0   1.22     -31.0    210      66.0        0.314    1.40      -29.0
23    pb_D1ema50slope_H1rsi2_10  1.5  2.0  NaN     0               none   694     62.0   1.14     -42.0    329      -2.0       -0.006    0.99      -31.0
24    pb_D1ema50slope_H1rsi2_10  1.5  2.0  NaN     0           dtrend50   694     62.0   1.14     -42.0    329      -2.0       -0.006    0.99      -31.0
25     pb_H1ema50_200_M15rsi2_5  3.0  5.0  NaN     0            volloD1   209     61.0   1.37     -16.0     95      13.0        0.137    1.17      -16.0
26            donch20_M30_state  3.0  5.0  NaN     0          sess12_17   233     61.0   1.33     -20.0    153      45.0        0.294    1.37      -27.0
27           ema10x50_M30_state  3.0  5.0  NaN     0           adxH1_20   240     60.0   1.32     -18.0    150      30.0        0.200    1.25      -25.0
28               rsifade2_5_M30  3.0  2.0  NaN     0           dtrend50   446     58.0   1.21     -24.0    245      16.0        0.065    1.10      -21.0
29     pb_H1ema50_200_M15rsi2_5  3.0  5.0  NaN  7200               none   512     56.9   1.14     -30.3    285     -16.5       -0.058    0.93      -48.9
30           ema10x50_M30_state  3.0  5.0  NaN     0            volhiH1   173     55.0   1.41     -14.0    112      32.0        0.286    1.36      -13.0
31             donch10_H1_state  2.0  5.0  NaN     0          h4trend50   371     55.0   1.18     -23.0    194      64.0        0.330    1.42      -18.0
32           st10_3.0_M30_state  3.0  5.0  NaN     0            volhiH1   168     54.0   1.41     -17.0    123      21.0        0.171    1.21      -23.0
33   pb_H1ema50slope_M15rsi2_10  3.0  5.0  NaN     0           adxH1_25   306     54.0   1.22     -19.0    202       2.0        0.010    1.01      -38.0
34  pb_H4ema50slope_M15rsi14_30  3.0  3.0  NaN     0           adxH1_20   271     53.0   1.28     -24.0    124       8.0        0.065    1.09      -17.0
35            donch10_M30_fresh  2.0  5.0  NaN     0               none   403     53.0   1.16     -27.0    278      28.0        0.101    1.12      -23.0
36                rsifade2_5_H1  3.0  2.0  NaN  1440           adxH1_20   480     52.9   1.28     -17.3    244     -38.4       -0.157    0.68      -46.2
37             sess_7-8_to12_b0  2.0  3.0  NaN     0           dtrend50   296     52.0   1.25     -19.0    166      -2.0       -0.012    0.98      -25.0
38             sess_7-8_to12_b0  2.0  3.0  NaN     0  dtrend50+sess7_17   296     52.0   1.25     -19.0    166      -2.0       -0.012    0.98      -25.0
39     pb_H1ema50_200_M15rsi2_5  3.0  5.0  NaN     0               none   404     52.0   1.16     -35.0    219      -9.0       -0.041    0.95      -49.0
40     pb_H4ema50_200_H1rsi2_10  1.5  NaN  1.5     0            volhiD1   423     51.6   1.25     -19.6    239      -9.0       -0.038    0.93      -20.4
41            st10_3.0_H1_event  1.5  NaN  1.5     0           sess7_17   323     51.4   1.33     -21.2    170      -3.8       -0.022    0.96      -20.1
42            st10_3.0_H1_state  3.0  1.5  NaN  2880               none   792     50.7   1.13     -33.2    429       5.3        0.012    1.02      -21.7
43            st10_3.0_H1_state  3.0  1.5  NaN     0               none   595     50.0   1.15     -13.5    337      18.0        0.053    1.09      -25.5
44  pb_H4ema50slope_M15rsi14_30  3.0  3.0  NaN     0               none   358     50.0   1.20     -32.0    187       5.0        0.027    1.04      -27.0
45  pb_H4ema50slope_M15rsi14_30  3.0  3.0  NaN     0          h4trend50   358     50.0   1.20     -32.0    187       5.0        0.027    1.04      -27.0
46             donch10_H1_state  2.0  5.0  NaN     0            notasia   370     50.0   1.17     -42.0    221      31.0        0.140    1.17      -28.0
47             sess_7-8_to12_b0  2.0  3.0  NaN     0           adxH1_25   259     49.0   1.27     -20.0    137     -29.0       -0.212    0.74      -35.0
48            st10_3.0_H4_state  1.5  5.0  NaN     0            volhiH1   155     49.0   1.40     -21.0     89      25.0        0.281    1.36      -10.0
49            donch10_M30_fresh  2.0  5.0  NaN     0           adxH1_20   371     49.0   1.16     -26.0    244       2.0        0.008    1.01      -22.0
VAL>0: 28 of 50
                          name  slk  tpr  trk    mb       filt  IS_n  IS_totR  IS_PF  IS_maxDD  VAL_n  VAL_totR  VAL_R_trade  VAL_PF  VAL_maxDD
3   pb_D1ema50slope_H1rsi14_40  1.5  5.0  NaN     0       none   281     91.0   1.42     -19.0    161       7.0        0.043    1.05      -26.0
5   pb_D1ema50slope_H1rsi14_40  1.5  5.0  NaN     0    notasia   263     85.0   1.41     -21.0    143       7.0        0.049    1.06      -16.0
6            donch20_M30_state  3.0  5.0  NaN     0       none   246     84.0   1.44     -11.0    150      24.0        0.160    1.20      -18.0
10  pb_H1ema50slope_M15rsi2_10  3.0  5.0  NaN     0    volhiH1   270     72.0   1.34     -17.0    166      14.0        0.084    1.10      -27.0
13  pb_H1ema50slope_M15rsi2_10  3.0  5.0  NaN     0   dtrend50   380     70.0   1.23     -22.0    220      32.0        0.145    1.18      -24.0
14         ema50x200_M30_state  3.0  3.0  NaN     0    volhiH1   279     69.0   1.36     -14.0    176      28.0        0.159    1.22      -14.0
15           st10_3.0_H1_state  3.0  1.5  NaN  7200       none   642     68.2   1.19     -15.8    359      14.1        0.039    1.07      -27.7
20          ema10x50_M30_state  3.0  5.0  NaN     0       none   266     64.0   1.30     -22.0    160      44.0        0.275    1.35      -19.0
21            donch20_H1_state  2.0  5.0  NaN     0  h4trend50   350     64.0   1.23     -30.0    224      76.0        0.339    1.44      -17.0
22           donch10_M30_fresh  2.0  5.0  NaN     0  sess12_17   362     64.0   1.22     -31.0    210      66.0        0.314    1.40      -29.0
