1 strategy pb_D1ema50slope_H1rsi14_40|sl1.5atr|tp5. | IS: n=281 R=91.0 R/t=0.324 PF=1.42 gd=24.6% dd=-19.0 | VAL: n=161 R=7.0 R/t=0.043 PF=1.05 gd=20.0% dd=-26.0 | HOLDOUT: n=120 R=60.0 R/t=0.5 PF=1.67 gd=27.8% dd=-15.0
1 long_only pb_D1ema50slope_H1rsi14_40|sl1.5atr|tp5. | IS: n=133 R=47.0 R/t=0.353 PF=1.46 gd=24.8% dd=-21.0 | VAL: n=114 R=24.0 R/t=0.211 PF=1.26 gd=23.0% dd=-14.0 | HOLDOUT: n=98 R=64.0 R/t=0.653 PF=1.9 gd=30.3% dd=-11.0
1 short_only pb_D1ema50slope_H1rsi14_40|sl1.5atr|tp5. | IS: n=156 R=36.0 R/t=0.231 PF=1.29 gd=23.4% dd=-13.0 | VAL: n=53 R=-17.0 R/t=-0.321 PF=0.64 gd=13.3% dd=-23.0 | HOLDOUT: n=26 R=-2.0 R/t=-0.077 PF=0.91 gd=17.4% dd=-16.0
1 L_same pb_D1ema50slope_H1rsi14_40|sl1.5atr|tp5. | IS: n=264 R=30.0 R/t=0.114 PF=1.14 gd=20.4% dd=-32.0 | VAL: n=148 R=44.0 R/t=0.297 PF=1.38 gd=24.2% dd=-10.0 | HOLDOUT: n=114 R=60.0 R/t=0.526 PF=1.71 gd=27.9% dd=-11.0
1 L_every pb_D1ema50slope_H1rsi14_40|sl1.5atr|tp5. | IS: n=660 R=0.0 R/t=0.0 PF=1.0 gd=35.6% dd=-62.0 | VAL: n=319 R=77.0 R/t=0.241 PF=1.3 gd=40.7% dd=-37.0 | HOLDOUT: n=284 R=118.0 R/t=0.415 PF=1.54 gd=41.1% dd=-40.0
2 strategy pb_D1ema50slope_H1rsi14_40|sl1.5atr|tp5. | IS: n=263 R=85.0 R/t=0.323 PF=1.41 gd=24.3% dd=-21.0 | VAL: n=143 R=7.0 R/t=0.049 PF=1.06 gd=19.1% dd=-16.0 | HOLDOUT: n=101 R=55.0 R/t=0.545 PF=1.73 gd=27.7% dd=-13.0
2 long_only pb_D1ema50slope_H1rsi14_40|sl1.5atr|tp5. | IS: n=130 R=44.0 R/t=0.338 PF=1.44 gd=24.0% dd=-21.0 | VAL: n=101 R=13.0 R/t=0.129 PF=1.16 gd=20.9% dd=-15.0 | HOLDOUT: n=81 R=51.0 R/t=0.63 PF=1.86 gd=28.9% dd=-11.0
2 short_only pb_D1ema50slope_H1rsi14_40|sl1.5atr|tp5. | IS: n=140 R=34.0 R/t=0.243 PF=1.31 gd=23.6% dd=-12.0 | VAL: n=46 R=-10.0 R/t=-0.217 PF=0.75 gd=13.6% dd=-20.0 | HOLDOUT: n=23 R=1.0 R/t=0.043 PF=1.05 gd=19.0% dd=-14.0
2 L_same pb_D1ema50slope_H1rsi14_40|sl1.5atr|tp5. | IS: n=255 R=27.0 R/t=0.106 PF=1.13 gd=20.3% dd=-30.0 | VAL: n=138 R=24.0 R/t=0.174 PF=1.22 gd=21.6% dd=-15.0 | HOLDOUT: n=100 R=38.0 R/t=0.38 PF=1.49 gd=24.7% dd=-18.0
2 L_every pb_D1ema50slope_H1rsi14_40|sl1.5atr|tp5. | IS: n=660 R=0.0 R/t=0.0 PF=1.0 gd=35.6% dd=-62.0 | VAL: n=319 R=77.0 R/t=0.241 PF=1.3 gd=40.7% dd=-37.0 | HOLDOUT: n=284 R=118.0 R/t=0.415 PF=1.54 gd=41.1% dd=-40.0
3 strategy donch20_M30_state|sl3.0atr|tp5.0|trNone| | IS: n=246 R=84.0 R/t=0.341 PF=1.44 gd=32.1% dd=-11.0 | VAL: n=150 R=24.0 R/t=0.16 PF=1.2 gd=29.0% dd=-18.0 | HOLDOUT: n=183 R=27.0 R/t=0.148 PF=1.18 gd=28.9% dd=-28.0
3 long_only donch20_M30_state|sl3.0atr|tp5.0|trNone| | IS: n=249 R=21.0 R/t=0.084 PF=1.1 gd=23.0% dd=-35.0 | VAL: n=155 R=61.0 R/t=0.394 PF=1.51 gd=32.1% dd=-19.0 | HOLDOUT: n=113 R=73.0 R/t=0.646 PF=1.89 gd=34.8% dd=-9.0
3 short_only donch20_M30_state|sl3.0atr|tp5.0|trNone| | IS: n=278 R=-14.0 R/t=-0.05 PF=0.94 gd=19.0% dd=-35.0 | VAL: n=145 R=-55.0 R/t=-0.379 PF=0.58 gd=12.7% dd=-64.0 | HOLDOUT: n=120 R=-42.0 R/t=-0.35 PF=0.61 gd=12.3% dd=-54.0
3 L_same donch20_M30_state|sl3.0atr|tp5.0|trNone| | IS: n=228 R=6.0 R/t=0.026 PF=1.03 gd=27.9% dd=-29.0 | VAL: n=134 R=58.0 R/t=0.433 PF=1.57 gd=34.8% dd=-20.0 | HOLDOUT: n=115 R=89.0 R/t=0.774 PF=2.1 gd=40.0% dd=-10.0
3 L_every donch20_M30_state|sl3.0atr|tp5.0|trNone| | IS: n=228 R=6.0 R/t=0.026 PF=1.03 gd=27.9% dd=-29.0 | VAL: n=134 R=58.0 R/t=0.433 PF=1.57 gd=34.8% dd=-20.0 | HOLDOUT: n=115 R=89.0 R/t=0.774 PF=2.1 gd=40.0% dd=-10.0
4 strategy pb_H1ema50slope_M15rsi2_10|sl3.0atr|tp5. | IS: n=270 R=72.0 R/t=0.267 PF=1.34 gd=25.0% dd=-17.0 | VAL: n=166 R=14.0 R/t=0.084 PF=1.1 gd=20.7% dd=-27.0 | HOLDOUT: n=119 R=85.0 R/t=0.714 PF=2.0 gd=35.4% dd=-11.0
4 long_only pb_H1ema50slope_M15rsi2_10|sl3.0atr|tp5. | IS: n=196 R=32.0 R/t=0.163 PF=1.2 gd=21.2% dd=-17.0 | VAL: n=98 R=52.0 R/t=0.531 PF=1.71 gd=27.2% dd=-12.0 | HOLDOUT: n=113 R=61.0 R/t=0.54 PF=1.73 gd=29.9% dd=-26.0
4 short_only pb_H1ema50slope_M15rsi2_10|sl3.0atr|tp5. | IS: n=198 R=6.0 R/t=0.03 PF=1.04 gd=18.6% dd=-28.0 | VAL: n=117 R=-33.0 R/t=-0.282 PF=0.68 gd=13.1% dd=-55.0 | HOLDOUT: n=74 R=-20.0 R/t=-0.27 PF=0.69 gd=13.2% dd=-30.0
4 L_same pb_H1ema50slope_M15rsi2_10|sl3.0atr|tp5. | IS: n=222 R=24.0 R/t=0.108 PF=1.13 gd=20.9% dd=-40.0 | VAL: n=125 R=61.0 R/t=0.488 PF=1.65 gd=29.2% dd=-15.0 | HOLDOUT: n=127 R=65.0 R/t=0.512 PF=1.68 gd=33.0% dd=-16.0
4 L_every pb_H1ema50slope_M15rsi2_10|sl3.0atr|tp5. | IS: n=442 R=8.0 R/t=0.018 PF=1.02 gd=33.8% dd=-41.0 | VAL: n=207 R=63.0 R/t=0.304 PF=1.39 gd=39.1% dd=-24.0 | HOLDOUT: n=234 R=78.0 R/t=0.333 PF=1.43 gd=38.9% dd=-30.0
5 strategy pb_H1ema50slope_M15rsi2_10|sl3.0atr|tp5. | IS: n=380 R=70.0 R/t=0.184 PF=1.23 gd=23.2% dd=-22.0 | VAL: n=220 R=32.0 R/t=0.145 PF=1.18 gd=24.0% dd=-24.0 | HOLDOUT: n=200 R=82.0 R/t=0.41 PF=1.54 gd=30.3% dd=-20.0
5 long_only pb_H1ema50slope_M15rsi2_10|sl3.0atr|tp5. | IS: n=201 R=39.0 R/t=0.194 PF=1.24 gd=25.0% dd=-21.0 | VAL: n=141 R=57.0 R/t=0.404 PF=1.53 gd=29.1% dd=-9.0 | HOLDOUT: n=165 R=75.0 R/t=0.455 PF=1.6 gd=31.5% dd=-10.0
5 short_only pb_H1ema50slope_M15rsi2_10|sl3.0atr|tp5. | IS: n=182 R=28.0 R/t=0.154 PF=1.19 gd=20.4% dd=-18.0 | VAL: n=80 R=-26.0 R/t=-0.325 PF=0.63 gd=13.8% dd=-34.0 | HOLDOUT: n=37 R=5.0 R/t=0.135 PF=1.17 gd=23.3% dd=-10.0
5 L_same pb_H1ema50slope_M15rsi2_10|sl3.0atr|tp5. | IS: n=303 R=21.0 R/t=0.069 PF=1.08 gd=22.7% dd=-37.0 | VAL: n=176 R=82.0 R/t=0.466 PF=1.62 gd=30.9% dd=-15.0 | HOLDOUT: n=167 R=85.0 R/t=0.509 PF=1.68 gd=32.8% dd=-11.0
5 L_every pb_H1ema50slope_M15rsi2_10|sl3.0atr|tp5. | IS: n=442 R=8.0 R/t=0.018 PF=1.02 gd=33.8% dd=-41.0 | VAL: n=207 R=63.0 R/t=0.304 PF=1.39 gd=39.1% dd=-24.0 | HOLDOUT: n=234 R=78.0 R/t=0.333 PF=1.43 gd=38.9% dd=-30.0
6 strategy ema50x200_M30_state|sl3.0atr|tp3.0|trNon | IS: n=279 R=69.0 R/t=0.247 PF=1.36 gd=39.0% dd=-14.0 | VAL: n=176 R=28.0 R/t=0.159 PF=1.22 gd=37.1% dd=-14.0 | HOLDOUT: n=207 R=37.0 R/t=0.179 PF=1.25 gd=39.1% dd=-24.0
6 long_only ema50x200_M30_state|sl3.0atr|tp3.0|trNon | IS: n=202 R=30.0 R/t=0.149 PF=1.21 gd=33.9% dd=-16.0 | VAL: n=104 R=48.0 R/t=0.462 PF=1.73 gd=47.4% dd=-8.0 | HOLDOUT: n=139 R=49.0 R/t=0.353 PF=1.53 gd=45.5% dd=-13.0
6 short_only ema50x200_M30_state|sl3.0atr|tp3.0|trNon | IS: n=170 R=6.0 R/t=0.035 PF=1.05 gd=29.4% dd=-16.0 | VAL: n=81 R=-5.0 R/t=-0.062 PF=0.92 gd=25.7% dd=-16.0 | HOLDOUT: n=86 R=-10.0 R/t=-0.116 PF=0.85 gd=25.0% dd=-25.0
6 L_same ema50x200_M30_state|sl3.0atr|tp3.0|trNon | IS: n=311 R=9.0 R/t=0.029 PF=1.04 gd=33.9% dd=-37.0 | VAL: n=168 R=44.0 R/t=0.262 PF=1.38 gd=42.7% dd=-16.0 | HOLDOUT: n=197 R=63.0 R/t=0.32 PF=1.48 gd=45.7% dd=-22.0
6 L_every ema50x200_M30_state|sl3.0atr|tp3.0|trNon | IS: n=424 R=4.0 R/t=0.009 PF=1.01 gd=40.9% dd=-37.0 | VAL: n=235 R=49.0 R/t=0.209 PF=1.3 gd=44.7% dd=-23.0 | HOLDOUT: n=236 R=80.0 R/t=0.339 PF=1.51 gd=47.3% dd=-28.0
7 strategy st10_3.0_H1_state|sl3.0atr|tp1.5|trNone| | IS: n=642 R=68.2 R/t=0.106 PF=1.19 gd=53.8% dd=-15.8 | VAL: n=359 R=14.1 R/t=0.039 PF=1.07 gd=50.2% dd=-27.7 | HOLDOUT: n=305 R=47.8 R/t=0.157 PF=1.3 gd=53.0% dd=-8.9
7 long_only st10_3.0_H1_state|sl3.0atr|tp1.5|trNone| | IS: n=463 R=5.8 R/t=0.012 PF=1.02 gd=44.3% dd=-32.1 | VAL: n=257 R=30.1 R/t=0.117 PF=1.21 gd=48.1% dd=-17.0 | HOLDOUT: n=231 R=48.0 R/t=0.208 PF=1.41 gd=52.8% dd=-11.0
7 short_only st10_3.0_H1_state|sl3.0atr|tp1.5|trNone| | IS: n=437 R=3.7 R/t=0.009 PF=1.01 gd=44.6% dd=-25.8 | VAL: n=225 R=-32.8 R/t=-0.146 PF=0.78 gd=38.7% dd=-42.8 | HOLDOUT: n=175 R=-29.0 R/t=-0.166 PF=0.75 gd=34.9% dd=-48.8
7 L_same st10_3.0_H1_state|sl3.0atr|tp1.5|trNone| | IS: n=660 R=-14.4 R/t=-0.022 PF=0.96 gd=49.0% dd=-43.6 | VAL: n=336 R=34.6 R/t=0.103 PF=1.19 gd=53.0% dd=-18.5 | HOLDOUT: n=329 R=57.6 R/t=0.175 PF=1.34 gd=56.3% dd=-23.0
7 L_every st10_3.0_H1_state|sl3.0atr|tp1.5|trNone| | IS: n=660 R=-14.4 R/t=-0.022 PF=0.96 gd=49.0% dd=-43.6 | VAL: n=336 R=34.6 R/t=0.103 PF=1.19 gd=53.0% dd=-18.5 | HOLDOUT: n=329 R=57.6 R/t=0.175 PF=1.34 gd=56.3% dd=-23.0
8 strategy ema10x50_M30_state|sl3.0atr|tp5.0|trNone | IS: n=266 R=64.0 R/t=0.241 PF=1.3 gd=30.5% dd=-22.0 | VAL: n=160 R=44.0 R/t=0.275 PF=1.35 gd=32.4% dd=-19.0 | HOLDOUT: n=185 R=13.0 R/t=0.07 PF=1.09 gd=28.0% dd=-25.0
8 long_only ema10x50_M30_state|sl3.0atr|tp5.0|trNone | IS: n=206 R=16.0 R/t=0.078 PF=1.09 gd=21.3% dd=-25.0 | VAL: n=152 R=64.0 R/t=0.421 PF=1.55 gd=27.8% dd=-18.0 | HOLDOUT: n=135 R=81.0 R/t=0.6 PF=1.82 gd=32.1% dd=-19.0
8 short_only ema10x50_M30_state|sl3.0atr|tp5.0|trNone | IS: n=193 R=-7.0 R/t=-0.036 PF=0.96 gd=18.9% dd=-35.0 | VAL: n=108 R=-24.0 R/t=-0.222 PF=0.74 gd=15.7% dd=-40.0 | HOLDOUT: n=90 R=-48.0 R/t=-0.533 PF=0.42 gd=8.4% dd=-47.0
8 L_same ema10x50_M30_state|sl3.0atr|tp5.0|trNone | IS: n=228 R=6.0 R/t=0.026 PF=1.03 gd=27.9% dd=-29.0 | VAL: n=134 R=58.0 R/t=0.433 PF=1.57 gd=34.8% dd=-20.0 | HOLDOUT: n=115 R=89.0 R/t=0.774 PF=2.1 gd=40.0% dd=-10.0
8 L_every ema10x50_M30_state|sl3.0atr|tp5.0|trNone | IS: n=228 R=6.0 R/t=0.026 PF=1.03 gd=27.9% dd=-29.0 | VAL: n=134 R=58.0 R/t=0.433 PF=1.57 gd=34.8% dd=-20.0 | HOLDOUT: n=115 R=89.0 R/t=0.774 PF=2.1 gd=40.0% dd=-10.0
9 strategy donch20_H1_state|sl2.0atr|tp5.0|trNone|m | IS: n=350 R=64.0 R/t=0.183 PF=1.23 gd=29.0% dd=-30.0 | VAL: n=224 R=76.0 R/t=0.339 PF=1.44 gd=32.5% dd=-17.0 | HOLDOUT: n=186 R=36.0 R/t=0.194 PF=1.24 gd=28.6% dd=-25.0
9 long_only donch20_H1_state|sl2.0atr|tp5.0|trNone|m | IS: n=212 R=34.0 R/t=0.16 PF=1.2 gd=24.7% dd=-24.0 | VAL: n=155 R=55.0 R/t=0.355 PF=1.46 gd=32.4% dd=-14.0 | HOLDOUT: n=145 R=59.0 R/t=0.407 PF=1.53 gd=31.4% dd=-15.0
9 short_only donch20_H1_state|sl2.0atr|tp5.0|trNone|m | IS: n=210 R=-18.0 R/t=-0.086 PF=0.9 gd=18.1% dd=-34.0 | VAL: n=76 R=8.0 R/t=0.105 PF=1.13 gd=21.2% dd=-16.0 | HOLDOUT: n=76 R=-22.0 R/t=-0.289 PF=0.67 gd=13.8% dd=-30.0
9 L_same donch20_H1_state|sl2.0atr|tp5.0|trNone|m | IS: n=339 R=27.0 R/t=0.08 PF=1.1 gd=29.1% dd=-32.0 | VAL: n=193 R=47.0 R/t=0.244 PF=1.31 gd=33.9% dd=-32.0 | HOLDOUT: n=192 R=66.0 R/t=0.344 PF=1.44 gd=33.6% dd=-27.0
9 L_every donch20_H1_state|sl2.0atr|tp5.0|trNone|m | IS: n=393 R=9.0 R/t=0.023 PF=1.03 gd=29.9% dd=-41.0 | VAL: n=213 R=63.0 R/t=0.296 PF=1.38 gd=37.7% dd=-31.0 | HOLDOUT: n=196 R=80.0 R/t=0.408 PF=1.53 gd=38.0% dd=-27.0
10 strategy donch10_M30_fresh|sl2.0atr|tp5.0|trNone| | IS: n=362 R=64.0 R/t=0.177 PF=1.22 gd=24.6% dd=-31.0 | VAL: n=210 R=66.0 R/t=0.314 PF=1.4 gd=25.9% dd=-29.0 | HOLDOUT: n=233 R=19.0 R/t=0.082 PF=1.1 gd=22.1% dd=-30.0
10 long_only donch10_M30_fresh|sl2.0atr|tp5.0|trNone| | IS: n=273 R=33.0 R/t=0.121 PF=1.15 gd=20.9% dd=-30.0 | VAL: n=151 R=65.0 R/t=0.43 PF=1.57 gd=25.9% dd=-18.0 | HOLDOUT: n=142 R=68.0 R/t=0.479 PF=1.64 gd=28.0% dd=-17.0
10 short_only donch10_M30_fresh|sl2.0atr|tp5.0|trNone| | IS: n=250 R=-4.0 R/t=-0.016 PF=0.98 gd=18.0% dd=-47.0 | VAL: n=145 R=-37.0 R/t=-0.255 PF=0.71 gd=13.5% dd=-59.0 | HOLDOUT: n=142 R=-28.0 R/t=-0.197 PF=0.77 gd=14.4% dd=-54.0
10 L_same donch10_M30_fresh|sl2.0atr|tp5.0|trNone| | IS: n=393 R=21.0 R/t=0.053 PF=1.06 gd=22.1% dd=-41.0 | VAL: n=242 R=52.0 R/t=0.215 PF=1.27 gd=26.6% dd=-35.0 | HOLDOUT: n=202 R=74.0 R/t=0.366 PF=1.47 gd=28.4% dd=-22.0
10 L_every donch10_M30_fresh|sl2.0atr|tp5.0|trNone| | IS: n=655 R=11.0 R/t=0.017 PF=1.02 gd=35.6% dd=-55.0 | VAL: n=280 R=62.0 R/t=0.221 PF=1.28 gd=40.4% dd=-38.0 | HOLDOUT: n=308 R=112.0 R/t=0.364 PF=1.47 gd=41.4% dd=-33.0
