100 configs
                      name  IS_sr  IS_ret  IS_dd  IS_gd  VAL_sr  VAL_ret  VAL_dd  VAL_gd  turn
           tsmom_ra_10d_LF  0.575    4.99 -12.30   24.4   1.170    14.76   -9.22    29.3 119.7
      tsmomblend_ra_med_LF  0.504    4.85 -15.80   24.2   0.871    11.81  -10.03    33.6  72.1
          ewmac_128_512_LF  0.480    4.61 -17.89   24.0   1.003    13.06   -8.13    37.2  15.3
         ewmacblend_mid_LF  0.450    4.50 -21.82   25.1   1.056    14.40   -9.41    35.4  26.6
         ewmac_256_1024_LF  0.432    4.21 -18.75   26.1   1.008    14.39  -11.09    41.7   9.1
    tsmomblend_sign_med_LF  0.370    3.21 -20.55   26.4   0.787     8.66   -8.67    37.2 118.2
           tsmom_ra_40d_LF  0.335    3.18 -17.07   24.1   0.872    12.10  -10.53    35.9  46.6
           ewmac_64_256_LF  0.332    3.20 -21.67   26.1   1.193    15.42   -7.83    33.6  28.3
         tsmom_sign_60d_LF  0.266    1.92 -13.30   29.8   1.331    13.00   -6.20    45.8  34.3
   tsmomblend_sign_long_LF  0.259    2.36 -16.95   23.1   1.291    17.89   -8.70    43.3  56.2
         ewmacblend_all_LF  0.237    2.32 -21.32   25.3   1.177    17.81  -12.05    38.4 110.3
         ewmac_512_2048_LF  0.231    2.20 -20.57   28.6   1.326    21.19  -12.31    49.9   6.1
           tsmom_ra_60d_LF  0.222    2.09 -19.66   27.0   0.864    12.18   -9.12    43.3  38.8
      ewmacblend_carver_LF  0.214    2.21 -24.88   27.6   1.067    17.10  -11.89    48.3  14.0
     tsmomblend_ra_long_LF  0.211    2.14 -21.92   27.9   1.087    17.84  -11.05    47.1  31.9
tsmomblend_ra_daily_all_LF  0.208    1.99 -19.21   24.7   0.786    11.47  -12.57    34.1 190.1
         tsmom_sign_10d_LF  0.196    1.46 -14.87   30.7   0.832     7.44   -6.95    34.9 116.9
        ewmacblend_slow_LF  0.192    1.93 -23.70   29.5   1.164    19.09  -12.45    50.1   9.5
         tsmom_sign_20d_LF  0.173    1.32 -17.76   27.9   0.667     6.01   -6.54    37.2  79.8
         tsmom_sign_40d_LF  0.171    1.21 -18.83   27.8   1.098    10.27   -9.79    38.2  57.6
           tsmom_ra_20d_LF  0.164    1.53 -20.15   25.0   0.678     7.97   -7.66    34.1  72.2
          ewmac_128_512_LS  0.136    1.57 -27.02   48.5   0.371     5.24  -11.04    47.8  29.1
           tsmom_ra_10d_LS  0.134    1.54 -21.39   41.2   0.313     4.51  -13.60    41.2 227.8
           ewmac_32_128_LF  0.131    1.23 -19.61   25.5   1.314    17.69   -7.97    33.6  52.5
         tsmom_sign_60d_LS  0.120    1.23 -17.65   50.1   0.862     9.50  -10.14    56.5  68.1
--- worst IS 5
            name  IS_sr  IS_ret   IS_dd  IS_gd  VAL_sr  VAL_ret  VAL_dd  VAL_gd   turn
  tsmom_ra_8h_LS -1.778  -23.70  -73.05   33.2  -1.517   -18.54  -32.62    35.1 1741.3
tsmom_sign_4h_LF -2.125  -15.10  -49.89   36.1  -0.584    -4.57  -10.56    43.3 1016.0
  tsmom_ra_4h_LF -2.156  -17.79  -58.57   28.8  -0.820    -7.92  -13.76    35.1 1251.3
  tsmom_ra_4h_LS -2.941  -37.14 -112.60   33.8  -2.489   -30.39  -47.86    36.9 2475.8
tsmom_sign_4h_LS -3.174  -32.51  -98.49   40.7  -2.561   -25.88  -38.65    44.3 2032.9
