====================================================================================
                       coef    std err          z      P>|z|      [0.025      0.975]
------------------------------------------------------------------------------------
sigma2.irregular   4.45e-09      0.863   5.15e-09      1.000      -1.692       1.692
sigma2.level        22.8778      1.754     13.042      0.000      19.440      26.316
sigma2.trend      3.382e-11      0.001   3.44e-08      1.000      -0.002       0.002
====================================================================================
MLE per-hour ratios ql/r=2.24e+08 qs/r=6.25e-07
76 configs
                      name  IS_sr  IS_ret  IS_dd  IS_gd  VAL_sr  VAL_ret  VAL_dd  VAL_gd  turn
 kf_slope_ql1.0_qs1e-05_LF  0.532    5.18 -16.73   24.6   1.125    15.13   -9.91    33.3  54.7
 kf_tstat_ql1.0_qs1e-05_LF  0.532    5.18 -16.73   24.6   1.125    15.13   -9.91    33.3  54.7
 kf_slope_ql0.1_qs1e-06_LF  0.506    4.99 -17.35   25.3   1.097    14.60   -9.56    34.1  37.5
 kf_tstat_ql0.1_qs1e-06_LF  0.506    4.99 -17.35   25.3   1.097    14.60   -9.56    34.1  37.4
 kf_slope_ql0.0_qs1e-07_LF  0.373    3.46 -18.28   27.4   1.394    19.33   -7.50    32.8  32.5
 kf_tstat_ql0.0_qs1e-07_LF  0.373    3.46 -18.28   27.4   1.394    19.33   -7.50    32.8  32.5
 kf_tstat_ql0.1_qs1e-05_LF  0.348    3.23 -17.02   24.4   1.293    17.12   -9.55    30.5  77.3
 kf_slope_ql0.1_qs1e-05_LF  0.348    3.23 -17.02   24.4   1.293    17.12   -9.55    30.5  77.3
kf_tstat_ql1.0_qs0.0001_LF  0.341    3.10 -17.35   22.6   1.230    16.36  -10.41    27.2 120.2
kf_slope_ql1.0_qs0.0001_LF  0.341    3.10 -17.35   22.6   1.230    16.36  -10.41    27.2 120.2
 kf_tstat_ql1.0_qs1e-06_LF  0.280    2.86 -19.71   27.3   1.012    16.41  -10.45    46.3  29.9
 kf_slope_ql1.0_qs1e-06_LF  0.280    2.86 -19.71   27.3   1.012    16.41  -10.45    46.3  30.0
 kf_slope_ql0.1_qs1e-07_LF  0.239    2.45 -20.33   27.8   0.986    15.96  -11.11    46.8  22.0
 kf_tstat_ql0.1_qs1e-07_LF  0.239    2.45 -20.33   27.8   0.986    15.96  -11.11    46.8  21.9
kf_slope_ql0.0_qs0.0001_LF  0.195    1.56 -16.12   26.8   0.863     9.03   -9.44    31.0 165.2
kf_tstat_ql0.0_qs0.0001_LF  0.195    1.56 -16.12   26.8   0.863     9.03   -9.44    31.0 165.2
 kf_tstat_ql0.1_qs1e-05_LS  0.104    1.34 -17.78   39.7   1.026    15.40  -13.51    41.7 143.4
 kf_slope_ql0.1_qs1e-05_LS  0.104    1.34 -17.78   39.7   1.026    15.40  -13.51    41.7 143.4
kf_slope_ql1.0_qs0.0001_LS  0.102    1.31 -17.38   36.6   0.932    14.05  -14.26    37.4 226.3
kf_tstat_ql1.0_qs0.0001_LS  0.102    1.31 -17.38   36.6   0.932    14.05  -14.26    37.4 226.3
