tests W 120 3 s
tests W 480 6 s
316 configs 15 s
                        name  IS_sr  IS_ret  IS_dd  IS_gd  VAL_sr  VAL_ret  VAL_dd  VAL_gd  turn
ou_L240_z2.5_0.0_hurst120_LF  0.659    1.57  -2.74    4.1  -0.709    -2.17   -4.91     1.5   3.8
    ou_L240_z2.5_0.0_none_LF  0.546    1.62  -3.96    8.2  -0.709    -2.17   -4.91     1.5   4.4
   ou_L240_z2.5_0.0_hl480_LF  0.546    1.62  -3.96    8.2  -0.709    -2.17   -4.91     1.5   4.4
   ou_L240_z2.5_0.0_vr120_LF  0.453    1.15  -2.80    4.6  -0.302    -0.65   -3.80     1.0   3.1
    ou_L240_z2.5_0.5_none_LF  0.434    1.17  -3.13    6.0  -0.873    -2.64   -5.18     1.0   4.3
  ou_L240_z1.5_0.0_adf120_LF  0.406    1.44  -4.44    6.8   1.843     3.13   -0.78     4.8   6.1
   ou_L240_z2.5_0.0_vr480_LF  0.394    1.01  -2.80    4.5  -0.731    -2.22   -4.96     1.5   3.2
  ou_L240_z1.5_0.0_adf120_LS  0.378    1.88  -7.30   13.0  -0.512    -2.85  -14.44    17.0  12.6
   ou_L240_z2.5_0.0_hl120_LF  0.282    0.80  -3.96    7.7  -0.709    -2.17   -4.91     1.5   4.3
    ou_L240_z1.5_0.5_none_LF  0.272    1.22  -7.05   12.5  -0.099    -0.38   -6.03     6.6  14.3
ou_L240_z2.5_0.0_hurst480_LF  0.242    0.60  -2.80    5.4  -0.542    -1.65   -4.12     1.5   3.4
  ou_L240_z2.5_0.0_adf480_LF  0.230    0.62  -3.96    6.9  -0.709    -2.17   -4.91     1.5   4.2
  ou_L240_z1.5_0.0_adf480_LF  0.176    0.79  -5.24   14.9   0.184     0.72   -5.27     8.1  10.9
ou_L240_z1.5_0.0_hurst120_LF  0.174    0.83  -6.57   14.4   0.026     0.10   -5.27     7.6  10.4
  ou_L120_z1.5_0.0_adf120_LS  0.144    0.72  -6.48   10.6  -0.228    -1.37   -9.76    14.2  19.3
  ou_L120_z2.0_0.0_adf120_LS  0.143    0.63  -4.47    7.5   0.203     0.73   -7.93     8.9  11.8
  ou_L240_z2.0_0.0_adf120_LS  0.137    0.56  -4.43    7.1  -0.838    -3.72  -11.26     9.2   7.3
  ou_L240_z2.5_0.0_adf120_LF  0.102    0.17  -2.74    2.3   0.000     0.00    0.00     0.0   2.4
    ou_L240_z2.0_0.5_none_LF  0.089    0.34  -6.92    8.4  -0.818    -2.53   -5.01     1.8   7.7
   ou_L240_z1.5_0.0_vr480_LF  0.085    0.39  -7.08   11.9  -0.074    -0.27   -5.27     6.4   8.7
