$1 done
$2 done
$3 done
$5 done
$8 done
$13 done
0.5xATRh1 done
1xATRh1 done
2xATRh1 done
4xATRh1 done
0.1%px done
0.25%px done
0.5%px done
0.25xATRd1 done
0.5xATRd1 done
        scheme  per     pL     pS  best_hour_L  best_hour_S  hL  hS
0           $1   IS  0.348  0.356        0.364        0.372   3   4
1           $1  VAL  0.360  0.345        0.416        0.364  22   7
2           $2   IS  0.419  0.430        0.442        0.461  11   4
3           $2  VAL  0.446  0.404        0.542        0.441  21   7
4           $3   IS  0.444  0.455        0.535        0.475  22   2
5           $3  VAL  0.474  0.423        0.584        0.471  21  14
6           $5   IS  0.467  0.471        0.527        0.504  22  14
7           $5  VAL  0.495  0.441        0.563        0.488  20  14
8           $8   IS  0.476  0.486        0.506        0.509  19  12
9           $8  VAL  0.525  0.436        0.587        0.483  20  14
10         $13   IS  0.494  0.482        0.516        0.509  17  22
11         $13  VAL  0.548  0.428        0.584        0.467  20  12
12   0.5xATRh1   IS  0.426  0.437        0.455        0.469  21   4
13   0.5xATRh1  VAL  0.455  0.411        0.558        0.451  21  16
14     1xATRh1   IS  0.465  0.466        0.513        0.501  22  14
15     1xATRh1  VAL  0.497  0.436        0.574        0.491  20  14
16     2xATRh1   IS  0.479  0.487        0.503        0.506  15  10
17     2xATRh1  VAL  0.526  0.439        0.587        0.494  20  11
18     4xATRh1   IS  0.492  0.491        0.532        0.506  22   8
19     4xATRh1  VAL  0.576  0.407        0.625        0.442  21  11
20      0.1%px   IS  0.412  0.422        0.430        0.469  11  22
21      0.1%px  VAL  0.454  0.411        0.558        0.449  21  16
22     0.25%px   IS  0.465  0.468        0.540        0.501  22  14
23     0.25%px  VAL  0.502  0.442        0.556        0.491  20  14
24      0.5%px   IS  0.481  0.487        0.504        0.509  15  12
25      0.5%px  VAL  0.540  0.434        0.610        0.485  22  11
26  0.25xATRd1   IS  0.469  0.474        0.499        0.499  22  14
27  0.25xATRd1  VAL  0.511  0.432        0.578        0.487  20  14
28   0.5xATRd1   IS  0.484  0.488        0.507        0.512  17  22
29   0.5xATRd1  VAL  0.533  0.439        0.597        0.478  20  10
hour-side $1 160353 35.8 95547 35.02
hour-side $2 47515 43.11 29202 42.4
hour-side $3 22338 45.56 13814 44.64
hour-side $5 8379 47.57 5222 46.88
hour-side $8 3422 49.42 2125 49.65
hour-side $13 1353 51.15 824 52.43
hour-side 0.5xATRh1 36064 42.75 18946 41.76
hour-side 1xATRh1 9115 46.79 4865 46.5
hour-side 2xATRh1 2131 49.41 1220 49.92
hour-side 4xATRh1 523 50.48 293 52.56
hour-side 0.1%px 54791 42.53 22212 42.96
hour-side 0.25%px 9808 47.59 3929 47.11
hour-side 0.5%px 2575 49.79 1039 49.86
hour-side 0.25xATRd1 6475 48.14 3306 47.43
hour-side 0.5xATRd1 1696 51.0 835 50.06
{0: ('4xATRh1', 1, np.float64(0.499)), 1: ('2xATRh1', -1, np.float64(0.5)), 2: ('2xATRh1', -1, np.float64(0.503)), 3: ('2xATRh1', -1, np.float64(0.498)), 4: ('2xATRh1', -1, np.float64(0.496)), 5: ('4xATRh1', -1, np.float64(0.501)), 6: ('4xATRh1', -1, np.float64(0.496)), 7: ('0.5xATRd1', -1, np.float64(0.507)), 8: ('4xATRh1', -1, np.float64(0.506)), 9: ('$8', -1, np.float64(0.503)), 10: ('$8', -1, np.float64(0.508)), 11: ('0.5%px', -1, np.float64(0.504)), 12: ('$8', -1, np.float64(0.509)), 13: ('$8', -1, np.float64(0.498)), 14: ('$5', -1, np.float64(0.504)), 15: ('$13', 1, np.float64(0.511)), 16: ('$13', 1, np.float64(0.506)), 17: ('$13', 1, np.float64(0.516)), 18: ('$13', 1, np.float64(0.507)), 19: ('$13', 1, np.float64(0.512)), 20: ('$13', 1, np.float64(0.511)), 21: ('$13', 1, np.float64(0.512)), 22: ('0.25%px', 1, np.float64(0.54)), 23: ('4xATRh1', 1, np.float64(0.499))}
per-hour best scheme+side: IS 1575 49.21 VAL 985 49.44
