schemes ['2xATRh1', '0.5%px']
tables 7.7 s
random search 60000 rules in 34.9 s
rules with IS n>=300: 60000
IS wr quantiles: {0.5: 0.4822, 0.9: 0.4915, 0.99: 0.5002, 0.999: 0.507, 1.0: 0.5153}

Decay curve (random search): rank bucket by IS wr -> mean IS wr, mean VAL wr
  IS rank      0-10     mean IS 51.14  mean VAL 48.28  max VAL 51.90
  IS rank     10-100    mean IS 50.74  mean VAL 49.14  max VAL 52.68
  IS rank    100-1000   mean IS 50.09  mean VAL 48.96  max VAL 53.47
  IS rank   1000-10000  mean IS 49.24  mean VAL 48.99  max VAL 55.70
  IS rank  10000-60000  mean IS 47.99  mean VAL 48.27  max VAL 55.32
Spearman(IS wr, VAL wr) all: 0.225  top1000: 0.006

Top 10 random rules by IS:
  IS n=2523 wr=51.53 | VAL n=1058 wr=45.18 | IF ema50_h4<q0.10 -> +1 ELSE -1*sign(ac1_m5-q0.30) | dist=0.5%px
  IS n=2542 wr=51.30 | VAL n=1040 wr=46.44 | VOTE[ac1_m5<q0.55, r50>q0.80, r10>q0.35, dow<q0.95, rsi_h4<q0.05] (+1 if true) | dist=0.5%px
  IS n=2534 wr=51.14 | VAL n=1055 wr=47.77 | IF hurst_h1<q0.25 & ret240<q0.75 & rsi_m15<q0.50 -> -1 ELSE -1*sign(rsi_m15-q0.75) | dist=0.5%px
  IS n=2537 wr=51.12 | VAL n=1052 wr=51.90 | IF er_h1<q0.10 & rsi_m15>q0.70 -> -1 ELSE -1*sign(vr_m5-q0.80) | dist=0.5%px
  IS n=2532 wr=51.11 | VAL n=1040 wr=48.94 | VOTE[ac1_m5<q0.90, rsi_m15<q0.05, er_h1<q0.40, asia_pos>q0.10, ret1<q0.75] (+1 if true) | dist=0.5%px
  IS n=2483 wr=51.07 | VAL n=1067 wr=47.70 | IF frac_hi>q0.95 & dow<q0.45 -> -1 ELSE -1*sign(ac1_m5-q0.55) | dist=0.5%px
  IS n=2229 wr=51.05 | VAL n=1235 wr=48.66 | IF asia_pos>q0.15 & hour>q0.35 -> +1 ELSE -1*sign(ema50_h4-q0.10) | dist=2xATRh1
  IS n=2212 wr=51.04 | VAL n=1225 wr=50.12 | VOTE[frac_hi<q0.25, atr_ratio>q0.55, hurst_h1<q0.80] (+1 if true) | dist=2xATRh1
  IS n=2549 wr=51.04 | VAL n=1031 wr=48.30 | IF ema20_d1<q0.15 & ret1<q0.40 -> +1 ELSE +1*sign(r10-q0.55) | dist=0.5%px
  IS n=2581 wr=51.03 | VAL n=1053 wr=47.77 | VOTE[rsi_m15<q0.85, ema50_h4<q0.10, to_poc>q0.70] (+1 if true) | dist=0.5%px
Max IS wr by distance scheme:
           wrIS   wrVAL
sc                     
0.5%px   0.5153  0.5570
2xATRh1  0.5105  0.5405
gen 0: best IS 51.53 (n=2523) -> VAL 45.18 (n=1058); top10 IS 51.14 VAL 48.28
gen 10: best IS 52.55 (n=2533) -> VAL 46.35 (n=1040); top10 IS 52.30 VAL 48.17
gen 20: best IS 53.13 (n=2552) -> VAL 46.09 (n=1037); top10 IS 53.08 VAL 47.41
gen 30: best IS 53.13 (n=2552) -> VAL 46.09 (n=1037); top10 IS 53.13 VAL 46.09
gen 40: best IS 53.81 (n=2561) -> VAL 46.92 (n=1038); top10 IS 53.27 VAL 46.28
gen 50: best IS 53.81 (n=2561) -> VAL 46.92 (n=1038); top10 IS 53.81 VAL 46.92
gen 60: best IS 53.99 (n=2558) -> VAL 46.99 (n=1045); top10 IS 53.99 VAL 46.99
gen 70: best IS 53.99 (n=2558) -> VAL 46.99 (n=1045); top10 IS 53.99 VAL 46.99
gen 79: best IS 53.99 (n=2558) -> VAL 46.99 (n=1045); top10 IS 53.99 VAL 46.99
GA time 26.0 s

GA final top 10 (selected on IS):
  IS n=2558 wr=53.99 | VAL n=1045 wr=46.99 | IF ac1_m5<q0.60 & ema50_h1>q0.55 & r10>q0.15 -> +1 ELSE -1*sign(ema50_h4-q0.10) | dist=0.5%px
  IS n=2561 wr=53.81 | VAL n=1038 wr=46.92 | IF ac1_m5<q0.60 & ema50_h1>q0.55 & r10>q0.25 -> +1 ELSE -1*sign(ema50_h4-q0.10) | dist=0.5%px
  IS n=2529 wr=53.66 | VAL n=1041 wr=47.65 | IF ac1_m5<q0.60 & ema50_h1>q0.40 & r10>q0.15 -> +1 ELSE -1*sign(ema50_h4-q0.10) | dist=0.5%px
  IS n=2567 wr=53.64 | VAL n=1047 wr=47.56 | IF ac1_m5<q0.60 & ema50_h1>q0.55 & r10>q0.20 -> +1 ELSE -1*sign(ema50_h4-q0.10) | dist=0.5%px
  IS n=2560 wr=53.52 | VAL n=1038 wr=47.40 | IF ac1_m5<q0.70 & ema50_h1>q0.55 & r10>q0.15 -> +1 ELSE -1*sign(ema50_h4-q0.10) | dist=0.5%px
  IS n=2553 wr=53.43 | VAL n=1040 wr=47.79 | IF ac1_m5<q0.60 & ema50_h1>q0.50 & r10>q0.15 -> +1 ELSE -1*sign(ema50_h4-q0.10) | dist=0.5%px
  IS n=2531 wr=53.38 | VAL n=1043 wr=47.56 | IF ac1_m5<q0.60 & ema50_h1>q0.45 & r10>q0.15 -> +1 ELSE -1*sign(ema50_h4-q0.10) | dist=0.5%px
  IS n=2559 wr=53.18 | VAL n=1041 wr=46.49 | IF ac1_m5<q0.60 & ema50_h1>q0.55 & r10>q0.05 -> +1 ELSE -1*sign(ema50_h4-q0.10) | dist=0.5%px
  IS n=2554 wr=53.09 | VAL n=1044 wr=46.36 | IF ac1_m5<q0.60 & ema50_h1>q0.55 & hour>q0.15 -> +1 ELSE -1*sign(ema50_h4-q0.10) | dist=0.5%px
  IS n=2562 wr=53.04 | VAL n=1045 wr=47.75 | IF ac1_m5<q0.60 & to_pdl>q0.55 & r10>q0.15 -> +1 ELSE -1*sign(ema50_h4-q0.10) | dist=0.5%px
