tables 27.8 s
random search 60000 rules in 100.2 s
rules with IS n>=300: 60000
IS wr quantiles: {0.5: 0.4774, 0.9: 0.4942, 0.99: 0.523, 0.999: 0.5385, 1.0: 0.5547}

Decay curve (random search): rank bucket by IS wr -> mean IS wr, mean VAL wr
  IS rank      0-10     mean IS 55.07  mean VAL 53.79  max VAL 56.70
  IS rank     10-100    mean IS 54.00  mean VAL 52.05  max VAL 57.75
  IS rank    100-1000   mean IS 52.44  mean VAL 51.43  max VAL 59.50
  IS rank   1000-10000  mean IS 49.78  mean VAL 49.48  max VAL 60.84
  IS rank  10000-60000  mean IS 47.34  mean VAL 47.61  max VAL 60.29
Spearman(IS wr, VAL wr) all: 0.465  top1000: 0.13

Top 10 random rules by IS:
  IS n=530 wr=55.47 | VAL n=291 wr=54.98 | VOTE[ret240<q0.65, ret60>q0.65, atr_ratio>q0.20] (+1 if true) | dist=4xATRh1
  IS n=526 wr=55.32 | VAL n=290 wr=54.83 | VOTE[ret240<q0.30, rsi_m15>q0.65, atr_ratio>q0.20] (+1 if true) | dist=4xATRh1
  IS n=531 wr=55.18 | VAL n=288 wr=52.43 | VOTE[dpos<q0.15, ret15>q0.70, to_val>q0.15, hour>q0.35, asia_size>q0.65] (+1 if true) | dist=4xATRh1
  IS n=523 wr=55.07 | VAL n=291 wr=56.70 | VOTE[ema50_h4>q0.70, atr_ratio>q0.25, rsi_h1<q0.60, to_pdl<q0.95, ret60>q0.85] (+1 if true) | dist=4xATRh1
  IS n=509 wr=55.01 | VAL n=287 wr=55.75 | IF r100>q0.50 & ret240<q0.30 -> +1 ELSE +1*sign(ret1-q0.85) | dist=4xATRh1
  IS n=533 wr=54.97 | VAL n=279 wr=53.05 | VOTE[vr_h1<q0.20, ret5>q0.55, r100>q0.65, atr_ratio>q0.30, r100>q0.40] (+1 if true) | dist=4xATRh1
  IS n=513 wr=54.97 | VAL n=272 wr=50.37 | VOTE[to_twap>q0.35, to_pdl<q0.90, ret1>q0.65] (+1 if true) | dist=4xATRh1
  IS n=519 wr=54.91 | VAL n=288 wr=55.90 | VOTE[atr_ratio>q0.45, to_vah>q0.20, hurst_h1<q0.80] (+1 if true) | dist=4xATRh1
  IS n=530 wr=54.91 | VAL n=281 wr=48.40 | VOTE[dpos>q0.20, vr_m5<q0.55, ema20_d1<q0.65] (+1 if true) | dist=4xATRh1
  IS n=516 wr=54.84 | VAL n=272 wr=55.51 | IF vr_h1<q0.35 & ret15<q0.05 -> -1 ELSE +1*sign(atr_ratio-q0.25) | dist=4xATRh1
Max IS wr by distance scheme:
           wrIS   wrVAL
sc                     
$8       0.5060  0.5213
0.25%px  0.4836  0.5020
0.5%px   0.5153  0.5570
1xATRh1  0.4780  0.4955
2xATRh1  0.5070  0.5405
4xATRh1  0.5547  0.6084
gen 0: best IS 55.47 (n=530) -> VAL 54.98 (n=291); top10 IS 55.07 VAL 53.79
gen 10: best IS 57.63 (n=524) -> VAL 56.40 (n=289); top10 IS 57.04 VAL 55.19
gen 20: best IS 59.22 (n=537) -> VAL 54.71 (n=276); top10 IS 58.41 VAL 55.95
gen 30: best IS 60.30 (n=539) -> VAL 53.68 (n=285); top10 IS 59.92 VAL 54.56
gen 40: best IS 60.30 (n=539) -> VAL 53.68 (n=285); top10 IS 60.30 VAL 53.68
gen 50: best IS 60.30 (n=539) -> VAL 53.68 (n=285); top10 IS 60.30 VAL 53.68
gen 59: best IS 60.30 (n=539) -> VAL 53.68 (n=285); top10 IS 60.30 VAL 53.68
GA time 11.1 s

GA final top 10 (selected on IS):
  IS n=539 wr=60.30 | VAL n=285 wr=53.68 | VOTE[atr_ratio>q0.25, ret1>q0.75, r100>q0.70] (+1 if true) | dist=4xATRh1
  IS n=543 wr=60.22 | VAL n=285 wr=53.68 | VOTE[atr_ratio>q0.25, ret1>q0.80, r100>q0.70] (+1 if true) | dist=4xATRh1
  IS n=540 wr=59.81 | VAL n=286 wr=55.59 | VOTE[atr_ratio>q0.20, ret1>q0.75, r100>q0.70] (+1 if true) | dist=4xATRh1
  IS n=537 wr=59.40 | VAL n=277 wr=53.79 | VOTE[atr_ratio>q0.25, ret1>q0.70, r100>q0.70] (+1 if true) | dist=4xATRh1
  IS n=543 wr=59.30 | VAL n=293 wr=52.56 | VOTE[atr_ratio>q0.25, ret1>q0.75, r100>q0.75] (+1 if true) | dist=4xATRh1
  IS n=547 wr=59.23 | VAL n=280 wr=55.00 | VOTE[atr_ratio>q0.25, ret1>q0.85, r100>q0.65] (+1 if true) | dist=4xATRh1
  IS n=537 wr=59.22 | VAL n=276 wr=54.71 | VOTE[atr_ratio>q0.25, ret1>q0.65, r100>q0.70] (+1 if true) | dist=4xATRh1
  IS n=527 wr=59.20 | VAL n=284 wr=54.23 | VOTE[atr_ratio>q0.25, ret1>q0.75, r100>q0.70, to_vah>q0.15, r100>q0.45] (+1 if true) | dist=4xATRh1
  IS n=539 wr=58.44 | VAL n=282 wr=54.61 | VOTE[atr_ratio>q0.20, ret1>q0.75, r100>q0.80] (+1 if true) | dist=4xATRh1
  IS n=542 wr=58.30 | VAL n=284 wr=54.58 | VOTE[atr_ratio>q0.30, ret1>q0.85, r100>q0.70] (+1 if true) | dist=4xATRh1
