prevday toward-nearer dist=near(floor0.5ATR)                 IS n=  4087 wr= 44.46 | VAL n=  1866 wr= 42.55  (0.8s)
prevday away-from-nearer dist=near(floor0.5ATR)              IS n=  4253 wr= 43.64 | VAL n=  2169 wr= 43.66  (0.1s)
prevday toward-farther dist=far(floor0.5ATR)                 IS n=  1446 wr= 45.64 | VAL n=  1497 wr= 44.69  (0.1s)
prevday away-from-farther dist=far(floor0.5ATR)              IS n=  1158 wr= 42.06 | VAL n=  1439 wr= 42.67  (0.1s)
prevday toward-nearer dist=near(floor1.0ATR)                 IS n=  1681 wr= 45.98 | VAL n=   661 wr= 44.18  (0.1s)
prevday away-from-nearer dist=near(floor1.0ATR)              IS n=  1570 wr= 47.39 | VAL n=   753 wr= 49.40  (0.1s)
prevday toward-farther dist=far(floor1.0ATR)                 IS n=   634 wr= 47.16 | VAL n=   618 wr= 48.71  (0.1s)
prevday away-from-farther dist=far(floor1.0ATR)              IS n=   697 wr= 46.05 | VAL n=   587 wr= 44.29  (0.1s)
prevday toward-nearer dist=near(floor2.0ATR)                 IS n=   625 wr= 49.28 | VAL n=   342 wr= 44.44  (0.1s)
prevday away-from-nearer dist=near(floor2.0ATR)              IS n=   684 wr= 48.83 | VAL n=   320 wr= 53.12  (0.1s)
prevday toward-farther dist=far(floor2.0ATR)                 IS n=   447 wr= 51.23 | VAL n=   364 wr= 52.20  (0.1s)
prevday away-from-farther dist=far(floor2.0ATR)              IS n=   434 wr= 47.93 | VAL n=   333 wr= 46.25  (0.1s)
dayHL toward-nearer dist=near(floor0.5ATR)                   IS n= 10324 wr= 43.73 | VAL n=  5389 wr= 43.64  (0.1s)
dayHL away-from-nearer dist=near(floor0.5ATR)                IS n= 11325 wr= 44.15 | VAL n=  5953 wr= 44.48  (0.1s)
dayHL toward-farther dist=far(floor0.5ATR)                   IS n=   354 wr= 48.02 | VAL n=   195 wr= 43.08  (0.1s)
dayHL away-from-farther dist=far(floor0.5ATR)                IS n=   424 wr= 46.70 | VAL n=   229 wr= 52.84  (0.1s)
dayHL toward-nearer dist=near(floor1.0ATR)                   IS n=  5586 wr= 46.40 | VAL n=  2900 wr= 45.76  (0.1s)
dayHL away-from-nearer dist=near(floor1.0ATR)                IS n=  5719 wr= 47.19 | VAL n=  2876 wr= 47.04  (0.1s)
dayHL toward-farther dist=far(floor1.0ATR)                   IS n=   355 wr= 47.89 | VAL n=   209 wr= 44.98  (0.0s)
dayHL away-from-farther dist=far(floor1.0ATR)                IS n=   438 wr= 45.89 | VAL n=   218 wr= 52.29  (0.0s)
dayHL toward-nearer dist=near(floor2.0ATR)                   IS n=  2037 wr= 48.50 | VAL n=   991 wr= 50.35  (0.1s)
dayHL away-from-nearer dist=near(floor2.0ATR)                IS n=  2006 wr= 46.41 | VAL n=  1003 wr= 47.66  (0.1s)
dayHL toward-farther dist=far(floor2.0ATR)                   IS n=   301 wr= 46.18 | VAL n=   167 wr= 44.91  (0.0s)
dayHL away-from-farther dist=far(floor2.0ATR)                IS n=   332 wr= 49.40 | VAL n=   229 wr= 51.09  (0.1s)
fractalH1 toward-nearer dist=near(floor0.5ATR)               IS n=  6175 wr= 43.72 | VAL n=  2367 wr= 43.90  (0.1s)
fractalH1 away-from-nearer dist=near(floor0.5ATR)            IS n=  6722 wr= 43.93 | VAL n=  3288 wr= 43.95  (0.1s)
fractalH1 toward-farther dist=far(floor0.5ATR)               IS n=  2220 wr= 44.19 | VAL n=  1319 wr= 44.58  (0.1s)
fractalH1 away-from-farther dist=far(floor0.5ATR)            IS n=  2367 wr= 44.91 | VAL n=  1382 wr= 42.91  (0.1s)
fractalH1 toward-nearer dist=near(floor1.0ATR)               IS n=  2416 wr= 46.73 | VAL n=  1122 wr= 45.45  (0.1s)
fractalH1 away-from-nearer dist=near(floor1.0ATR)            IS n=  2534 wr= 46.76 | VAL n=  1291 wr= 49.57  (0.1s)
fractalH1 toward-farther dist=far(floor1.0ATR)               IS n=  1308 wr= 47.02 | VAL n=   855 wr= 45.73  (0.1s)
fractalH1 away-from-farther dist=far(floor1.0ATR)            IS n=  1333 wr= 47.56 | VAL n=   733 wr= 48.70  (0.1s)
fractalH1 toward-nearer dist=near(floor2.0ATR)               IS n=  1027 wr= 49.27 | VAL n=   499 wr= 45.09  (0.1s)
fractalH1 away-from-nearer dist=near(floor2.0ATR)            IS n=  1017 wr= 48.28 | VAL n=   424 wr= 52.12  (0.1s)
fractalH1 toward-farther dist=far(floor2.0ATR)               IS n=   766 wr= 48.17 | VAL n=   543 wr= 51.38  (0.1s)
fractalH1 away-from-farther dist=far(floor2.0ATR)            IS n=   834 wr= 48.32 | VAL n=   505 wr= 46.93  (0.1s)
asia toward-nearer dist=near(floor0.5ATR)                    IS n=  9736 wr= 44.01 | VAL n=  4059 wr= 43.16  (0.1s)
asia away-from-nearer dist=near(floor0.5ATR)                 IS n= 10242 wr= 43.80 | VAL n=  4440 wr= 42.95  (0.1s)
asia toward-farther dist=far(floor0.5ATR)                    IS n=  4005 wr= 43.95 | VAL n=  2631 wr= 44.62  (0.0s)
asia away-from-farther dist=far(floor0.5ATR)                 IS n=  3685 wr= 43.80 | VAL n=  3107 wr= 42.13  (0.1s)
asia toward-nearer dist=near(floor1.0ATR)                    IS n=  3151 wr= 48.59 | VAL n=  1501 wr= 46.30  (0.1s)
asia away-from-nearer dist=near(floor1.0ATR)                 IS n=  3545 wr= 46.12 | VAL n=  1466 wr= 44.75  (0.1s)
asia toward-farther dist=far(floor1.0ATR)                    IS n=  1863 wr= 46.86 | VAL n=  1133 wr= 48.46  (0.0s)
asia away-from-farther dist=far(floor1.0ATR)                 IS n=  1895 wr= 47.97 | VAL n=  1284 wr= 45.17  (0.1s)
asia toward-nearer dist=near(floor2.0ATR)                    IS n=  1138 wr= 48.77 | VAL n=   532 wr= 48.87  (0.1s)
asia away-from-nearer dist=near(floor2.0ATR)                 IS n=  1204 wr= 49.00 | VAL n=   541 wr= 50.46  (0.1s)
asia toward-farther dist=far(floor2.0ATR)                    IS n=   895 wr= 49.27 | VAL n=   583 wr= 53.86  (0.1s)
asia away-from-farther dist=far(floor2.0ATR)                 IS n=   891 wr= 48.71 | VAL n=   598 wr= 44.48  (0.0s)
round10 toward-nearer dist=near(floor0.5ATR)                 IS n= 19945 wr= 43.90 | VAL n= 10986 wr= 44.11  (0.1s)
round10 away-from-nearer dist=near(floor0.5ATR)              IS n= 21616 wr= 44.26 | VAL n= 11661 wr= 44.64  (0.1s)
round10 toward-farther dist=far(floor0.5ATR)                 IS n=  2889 wr= 47.32 | VAL n=  1833 wr= 47.57  (0.0s)
round10 away-from-farther dist=far(floor0.5ATR)              IS n=  2736 wr= 48.43 | VAL n=  1694 wr= 50.94  (0.1s)
round10 toward-nearer dist=near(floor1.0ATR)                 IS n=  8366 wr= 46.80 | VAL n=  4328 wr= 46.40  (0.1s)
round10 away-from-nearer dist=near(floor1.0ATR)              IS n=  8458 wr= 46.24 | VAL n=  4404 wr= 47.93  (0.1s)
round10 toward-farther dist=far(floor1.0ATR)                 IS n=  2735 wr= 47.17 | VAL n=  1708 wr= 48.65  (0.1s)
round10 away-from-farther dist=far(floor1.0ATR)              IS n=  2588 wr= 48.42 | VAL n=  1616 wr= 50.80  (0.0s)
round10 toward-nearer dist=near(floor2.0ATR)                 IS n=  2227 wr= 48.32 | VAL n=  1217 wr= 49.47  (0.1s)
round10 away-from-nearer dist=near(floor2.0ATR)              IS n=  2217 wr= 47.54 | VAL n=  1185 wr= 46.84  (0.1s)
round10 toward-farther dist=far(floor2.0ATR)                 IS n=  1818 wr= 49.23 | VAL n=   990 wr= 48.48  (0.1s)
round10 away-from-farther dist=far(floor2.0ATR)              IS n=  1794 wr= 48.94 | VAL n=   977 wr= 49.95  (0.1s)
round50 toward-nearer dist=near(floor0.5ATR)                 IS n=  4079 wr= 44.40 | VAL n=  2055 wr= 44.57  (0.1s)
round50 away-from-nearer dist=near(floor0.5ATR)              IS n=  4636 wr= 45.97 | VAL n=  2333 wr= 46.68  (0.1s)
round50 toward-farther dist=far(floor0.5ATR)                 IS n=   114 wr= 48.25 | VAL n=    75 wr= 44.00  (0.1s)
round50 away-from-farther dist=far(floor0.5ATR)              IS n=   113 wr= 54.87 | VAL n=    72 wr= 47.22  (0.1s)
round50 toward-nearer dist=near(floor1.0ATR)                 IS n=  2288 wr= 46.46 | VAL n=  1157 wr= 45.03  (0.1s)
round50 away-from-nearer dist=near(floor1.0ATR)              IS n=  2429 wr= 47.43 | VAL n=  1243 wr= 48.75  (0.0s)
round50 toward-farther dist=far(floor1.0ATR)                 IS n=   114 wr= 48.25 | VAL n=    75 wr= 44.00  (0.1s)
round50 away-from-farther dist=far(floor1.0ATR)              IS n=   113 wr= 54.87 | VAL n=    72 wr= 47.22  (0.1s)
round50 toward-nearer dist=near(floor2.0ATR)                 IS n=  1103 wr= 48.87 | VAL n=   578 wr= 46.37  (0.1s)
round50 away-from-nearer dist=near(floor2.0ATR)              IS n=  1169 wr= 49.70 | VAL n=   574 wr= 50.52  (0.1s)
round50 toward-farther dist=far(floor2.0ATR)                 IS n=   114 wr= 48.25 | VAL n=    75 wr= 44.00  (0.0s)
round50 away-from-farther dist=far(floor2.0ATR)              IS n=   112 wr= 56.25 | VAL n=    72 wr= 47.22  (0.0s)
valueArea toward-nearer dist=near(floor0.5ATR)               IS n=  9060 wr= 44.07 | VAL n=  3604 wr= 42.15  (0.1s)
valueArea away-from-nearer dist=near(floor0.5ATR)            IS n=  9075 wr= 43.79 | VAL n=  3632 wr= 44.85  (0.1s)
valueArea toward-farther dist=far(floor0.5ATR)               IS n=  3594 wr= 44.07 | VAL n=  3088 wr= 45.30  (0.0s)
valueArea away-from-farther dist=far(floor0.5ATR)            IS n=  3934 wr= 42.93 | VAL n=  3055 wr= 42.32  (0.0s)
valueArea toward-nearer dist=near(floor1.0ATR)               IS n=  2868 wr= 46.65 | VAL n=  1099 wr= 45.40  (0.1s)
valueArea away-from-nearer dist=near(floor1.0ATR)            IS n=  2859 wr= 46.10 | VAL n=  1164 wr= 48.97  (0.0s)
valueArea toward-farther dist=far(floor1.0ATR)               IS n=  1595 wr= 46.46 | VAL n=  1278 wr= 48.75  (0.0s)
valueArea away-from-farther dist=far(floor1.0ATR)            IS n=  1633 wr= 46.30 | VAL n=  1042 wr= 46.64  (0.0s)
valueArea toward-nearer dist=near(floor2.0ATR)               IS n=   971 wr= 47.58 | VAL n=   399 wr= 45.11  (0.2s)
valueArea away-from-nearer dist=near(floor2.0ATR)            IS n=   975 wr= 47.08 | VAL n=   408 wr= 52.70  (0.1s)
valueArea toward-farther dist=far(floor2.0ATR)               IS n=   687 wr= 50.51 | VAL n=   425 wr= 51.29  (0.0s)
valueArea away-from-farther dist=far(floor2.0ATR)            IS n=   675 wr= 46.96 | VAL n=   462 wr= 46.75  (0.1s)
anyLevel toward-nearer dist=near(floor0.5ATR)                IS n= 30424 wr= 42.22 | VAL n= 16033 wr= 42.92  (0.1s)
anyLevel away-from-nearer dist=near(floor0.5ATR)             IS n= 30710 wr= 43.42 | VAL n= 15983 wr= 43.28  (0.1s)
anyLevel toward-farther dist=far(floor0.5ATR)                IS n=  7185 wr= 46.14 | VAL n=  4115 wr= 46.25  (0.1s)
anyLevel away-from-farther dist=far(floor0.5ATR)             IS n=  5583 wr= 45.57 | VAL n=     0 wr=  0.00  (0.0s)
anyLevel toward-nearer dist=near(floor1.0ATR)                IS n=  9123 wr= 45.60 | VAL n=  4820 wr= 46.33  (0.1s)
anyLevel away-from-nearer dist=near(floor1.0ATR)             IS n=  9140 wr= 46.21 | VAL n=  4803 wr= 47.49  (0.0s)
anyLevel toward-farther dist=far(floor1.0ATR)                IS n=  5408 wr= 47.32 | VAL n=  2906 wr= 47.25  (0.1s)
anyLevel away-from-farther dist=far(floor1.0ATR)             IS n=  5208 wr= 47.56 | VAL n=  2886 wr= 47.57  (0.0s)
anyLevel toward-nearer dist=near(floor2.0ATR)                IS n=  2209 wr= 48.94 | VAL n=  1221 wr= 49.30  (0.1s)
anyLevel away-from-nearer dist=near(floor2.0ATR)             IS n=  2230 wr= 47.49 | VAL n=  1242 wr= 47.50  (0.1s)
anyLevel toward-farther dist=far(floor2.0ATR)                IS n=  2089 wr= 47.68 | VAL n=  1168 wr= 48.12  (0.0s)
anyLevel away-from-farther dist=far(floor2.0ATR)             IS n=  2007 wr= 48.98 | VAL n=  1131 wr= 49.34  (0.1s)
POC toward dist=|c-POC|(floor0.5ATR)                         IS n=   962 wr= 46.88 | VAL n=   630 wr= 45.24  (0.1s)
POC away dist=|c-POC|(floor0.5ATR)                           IS n=  1500 wr= 46.20 | VAL n=   654 wr= 47.71  (0.1s)
POC toward dist=1xATR (floor0.5)                             IS n=  9154 wr= 45.93 | VAL n=  4893 wr= 45.33  (0.2s)
POC away dist=1xATR                                          IS n=  9201 wr= 46.82 | VAL n=  4824 wr= 47.18  (0.1s)
POC toward dist=2xATR (floor0.5)                             IS n=  2231 wr= 47.65 | VAL n=  1224 wr= 45.92  (0.1s)
POC away dist=2xATR                                          IS n=  2211 wr= 48.35 | VAL n=  1178 wr= 51.19  (0.1s)
VA inside->toward POC, outside->continue dist=0.5xATR        IS n= 36118 wr= 42.57 | VAL n= 18923 wr= 43.26  (0.2s)
POC toward dist=|c-POC|(floor1.0ATR)                         IS n=   733 wr= 47.07 | VAL n=   310 wr= 43.55  (0.1s)
POC away dist=|c-POC|(floor1.0ATR)                           IS n=   746 wr= 49.20 | VAL n=   405 wr= 50.62  (0.0s)
POC toward dist=1xATR (floor1.0)                             IS n=  9154 wr= 45.93 | VAL n=  4893 wr= 45.33  (0.1s)
POC away dist=1xATR                                          IS n=  9201 wr= 46.82 | VAL n=  4824 wr= 47.18  (0.1s)
POC toward dist=2xATR (floor1.0)                             IS n=  2231 wr= 47.65 | VAL n=  1224 wr= 45.92  (0.1s)
POC away dist=2xATR                                          IS n=  2211 wr= 48.35 | VAL n=  1178 wr= 51.19  (0.1s)
VA inside->toward POC, outside->continue dist=1.0xATR        IS n=  9257 wr= 45.94 | VAL n=  4835 wr= 47.26  (0.1s)
POC toward dist=|c-POC|(floor2.0ATR)                         IS n=   351 wr= 44.73 | VAL n=   199 wr= 42.21  (0.1s)
POC away dist=|c-POC|(floor2.0ATR)                           IS n=   437 wr= 50.80 | VAL n=   262 wr= 53.44  (0.0s)
POC toward dist=1xATR (floor2.0)                             IS n=  9154 wr= 45.93 | VAL n=  4893 wr= 45.33  (0.1s)
POC away dist=1xATR                                          IS n=  9201 wr= 46.82 | VAL n=  4824 wr= 47.18  (0.1s)
POC toward dist=2xATR (floor2.0)                             IS n=  2231 wr= 47.65 | VAL n=  1224 wr= 45.92  (0.1s)
POC away dist=2xATR                                          IS n=  2211 wr= 48.35 | VAL n=  1178 wr= 51.19  (0.1s)
VA inside->toward POC, outside->continue dist=2.0xATR        IS n=  2257 wr= 47.41 | VAL n=  1226 wr= 48.86  (0.1s)
Asia size x0.5, side = above-mid long                        IS n= 10878 wr= 45.97 | VAL n=  5666 wr= 45.66  (0.2s)
Asia size x0.5, side = above-mid short                       IS n= 10827 wr= 44.88 | VAL n=  5784 wr= 44.69  (0.1s)
Asia size x1.0, side = above-mid long                        IS n=  2633 wr= 48.80 | VAL n=  1471 wr= 47.99  (0.1s)
Asia size x1.0, side = above-mid short                       IS n=  2676 wr= 46.94 | VAL n=  1461 wr= 46.95  (0.0s)
Asia size x1.5, side = above-mid long                        IS n=  1071 wr= 49.58 | VAL n=   550 wr= 51.45  (0.1s)
Asia size x1.5, side = above-mid short                       IS n=  1074 wr= 46.83 | VAL n=   561 wr= 45.81  (0.1s)
0.1% of price, dir=mom60                                     IS n= 55082 wr= 41.52 | VAL n= 22230 wr= 43.29  (0.4s)
0.1% of price, dir=mom1440                                   IS n= 55051 wr= 41.85 | VAL n= 22155 wr= 43.78  (0.1s)
0.1% of price, dir=ema50h4                                   IS n= 54889 wr= 41.94 | VAL n= 22195 wr= 44.25  (0.1s)
0.1% of price, dir=ema20d1                                   IS n= 54947 wr= 41.92 | VAL n= 22181 wr= 43.66  (0.1s)
0.1% of price, dir=rev60                                     IS n= 54676 wr= 42.50 | VAL n= 22136 wr= 43.94  (0.1s)
0.1% of price, dir=rev_twap                                  IS n= 54951 wr= 42.10 | VAL n= 22119 wr= 43.56  (0.1s)
0.1% of price, dir=long                                      IS n= 54906 wr= 42.07 | VAL n= 22165 wr= 44.20  (0.1s)
0.2% of price, dir=mom60                                     IS n= 14987 wr= 45.75 | VAL n=  6043 wr= 46.43  (0.1s)
0.2% of price, dir=mom1440                                   IS n= 15024 wr= 45.90 | VAL n=  5938 wr= 47.74  (0.1s)
0.2% of price, dir=ema50h4                                   IS n= 14987 wr= 46.11 | VAL n=  6003 wr= 48.08  (0.1s)
0.2% of price, dir=ema20d1                                   IS n= 14971 wr= 45.80 | VAL n=  5991 wr= 46.75  (0.1s)
0.2% of price, dir=rev60                                     IS n= 14938 wr= 46.30 | VAL n=  6011 wr= 46.88  (0.1s)
0.2% of price, dir=rev_twap                                  IS n= 14982 wr= 45.66 | VAL n=  6112 wr= 47.20  (0.1s)
0.2% of price, dir=long                                      IS n= 15030 wr= 46.13 | VAL n=  6019 wr= 47.91  (0.1s)
0.3% of price, dir=mom60                                     IS n=  6880 wr= 47.47 | VAL n=  2725 wr= 49.58  (0.1s)
0.3% of price, dir=mom1440                                   IS n=  6918 wr= 47.22 | VAL n=  2750 wr= 50.00  (0.1s)
0.3% of price, dir=ema50h4                                   IS n=  6888 wr= 47.31 | VAL n=  2755 wr= 49.40  (0.1s)
0.3% of price, dir=ema20d1                                   IS n=  6895 wr= 46.80 | VAL n=  2788 wr= 47.63  (0.1s)
0.3% of price, dir=rev60                                     IS n=  6877 wr= 47.83 | VAL n=  2777 wr= 47.17  (0.1s)
0.3% of price, dir=rev_twap                                  IS n=  6819 wr= 47.02 | VAL n=  2763 wr= 47.67  (0.1s)
0.3% of price, dir=long                                      IS n=  6881 wr= 47.54 | VAL n=  2781 wr= 49.66  (0.1s)
0.5% of price, dir=mom60                                     IS n=  2552 wr= 48.67 | VAL n=  1066 wr= 48.22  (0.1s)
0.5% of price, dir=mom1440                                   IS n=  2556 wr= 47.73 | VAL n=  1066 wr= 50.38  (0.1s)
0.5% of price, dir=ema50h4                                   IS n=  2598 wr= 48.58 | VAL n=  1040 wr= 50.77  (0.1s)
0.5% of price, dir=ema20d1                                   IS n=  2575 wr= 47.26 | VAL n=  1035 wr= 49.08  (0.1s)
0.5% of price, dir=rev60                                     IS n=  2507 wr= 47.75 | VAL n=  1052 wr= 47.62  (0.1s)
0.5% of price, dir=rev_twap                                  IS n=  2500 wr= 48.36 | VAL n=  1051 wr= 47.95  (0.1s)
0.5% of price, dir=long                                      IS n=  2531 wr= 48.72 | VAL n=  1050 wr= 51.43  (0.1s)
0.8% of price, dir=mom60                                     IS n=  1033 wr= 48.50 | VAL n=   436 wr= 50.23  (0.4s)
0.8% of price, dir=mom1440                                   IS n=  1023 wr= 49.07 | VAL n=   433 wr= 51.50  (0.1s)
0.8% of price, dir=ema50h4                                   IS n=  1019 wr= 48.28 | VAL n=   429 wr= 52.45  (0.1s)
0.8% of price, dir=ema20d1                                   IS n=  1034 wr= 49.13 | VAL n=   436 wr= 49.54  (0.1s)
0.8% of price, dir=rev60                                     IS n=  1039 wr= 50.05 | VAL n=   422 wr= 45.50  (0.1s)
0.8% of price, dir=rev_twap                                  IS n=  1047 wr= 49.67 | VAL n=   426 wr= 45.54  (0.1s)
0.8% of price, dir=long                                      IS n=  1062 wr= 49.91 | VAL n=   425 wr= 54.12  (0.1s)
regime er_h1>0.2: trend(ret60) else fade, 1.0xATR            IS n=  9179 wr= 46.76 | VAL n=  4864 wr= 46.77  (0.1s)
regime er_h1>0.2: trend(ret60) else fade, 2.0xATR            IS n=  2176 wr= 50.32 | VAL n=  1225 wr= 48.08  (0.1s)
regime er_h1>0.2: trend(ret240) else fade, 1.0xATR           IS n=  9188 wr= 47.00 | VAL n=  4846 wr= 46.33  (0.1s)
regime er_h1>0.2: trend(ret240) else fade, 2.0xATR           IS n=  2189 wr= 48.97 | VAL n=  1211 wr= 48.64  (0.1s)
regime er_h1>0.2: trend(ema50_h1) else fade, 1.0xATR         IS n=  9270 wr= 46.52 | VAL n=  4817 wr= 47.00  (0.1s)
regime er_h1>0.2: trend(ema50_h1) else fade, 2.0xATR         IS n=  2181 wr= 47.78 | VAL n=  1248 wr= 49.44  (0.1s)
regime er_h1>0.2: trend(to_twap) else fade, 1.0xATR          IS n=  9159 wr= 46.93 | VAL n=  4884 wr= 46.89  (0.1s)
regime er_h1>0.2: trend(to_twap) else fade, 2.0xATR          IS n=  2163 wr= 49.24 | VAL n=  1223 wr= 48.98  (0.1s)
regime er_h1>0.3: trend(ret60) else fade, 1.0xATR            IS n=  9185 wr= 47.23 | VAL n=  4903 wr= 47.34  (0.1s)
regime er_h1>0.3: trend(ret60) else fade, 2.0xATR            IS n=  2184 wr= 49.18 | VAL n=  1227 wr= 48.33  (0.1s)
regime er_h1>0.3: trend(ret240) else fade, 1.0xATR           IS n=  9196 wr= 46.76 | VAL n=  4857 wr= 46.43  (0.1s)
regime er_h1>0.3: trend(ret240) else fade, 2.0xATR           IS n=  2204 wr= 49.00 | VAL n=  1218 wr= 49.01  (0.1s)
regime er_h1>0.3: trend(ema50_h1) else fade, 1.0xATR         IS n=  9130 wr= 45.60 | VAL n=  4846 wr= 46.00  (0.1s)
regime er_h1>0.3: trend(ema50_h1) else fade, 2.0xATR         IS n=  2221 wr= 48.72 | VAL n=  1260 wr= 47.94  (0.1s)
regime er_h1>0.3: trend(to_twap) else fade, 1.0xATR          IS n=  9176 wr= 46.36 | VAL n=  4892 wr= 47.36  (0.1s)
regime er_h1>0.3: trend(to_twap) else fade, 2.0xATR          IS n=  2192 wr= 48.95 | VAL n=  1230 wr= 50.00  (0.1s)
regime er_h1>0.4: trend(ret60) else fade, 1.0xATR            IS n=  9172 wr= 46.82 | VAL n=  4866 wr= 47.25  (0.1s)
regime er_h1>0.4: trend(ret60) else fade, 2.0xATR            IS n=  2134 wr= 49.25 | VAL n=  1220 wr= 48.03  (0.1s)
regime er_h1>0.4: trend(ret240) else fade, 1.0xATR           IS n=  9172 wr= 46.14 | VAL n=  4887 wr= 46.88  (0.1s)
regime er_h1>0.4: trend(ret240) else fade, 2.0xATR           IS n=  2137 wr= 49.42 | VAL n=  1202 wr= 48.25  (0.1s)
regime er_h1>0.4: trend(ema50_h1) else fade, 1.0xATR         IS n=  9130 wr= 46.30 | VAL n=  4903 wr= 46.34  (0.1s)
regime er_h1>0.4: trend(ema50_h1) else fade, 2.0xATR         IS n=  2192 wr= 48.49 | VAL n=  1232 wr= 47.97  (0.1s)
regime er_h1>0.4: trend(to_twap) else fade, 1.0xATR          IS n=  9204 wr= 45.94 | VAL n=  4864 wr= 47.70  (0.1s)
regime er_h1>0.4: trend(to_twap) else fade, 2.0xATR          IS n=  2160 wr= 49.31 | VAL n=  1212 wr= 50.17  (0.1s)
regime vr_h1>0.9: trend(ret60) else fade, 1.0xATR            IS n=  9142 wr= 45.83 | VAL n=  4917 wr= 45.41  (0.1s)
regime vr_h1>0.9: trend(ret60) else fade, 2.0xATR            IS n=  2197 wr= 47.75 | VAL n=  1235 wr= 48.58  (0.1s)
regime vr_h1>0.9: trend(ret240) else fade, 1.0xATR           IS n=  9208 wr= 45.65 | VAL n=  4859 wr= 45.46  (0.1s)
regime vr_h1>0.9: trend(ret240) else fade, 2.0xATR           IS n=  2210 wr= 47.83 | VAL n=  1226 wr= 47.23  (0.1s)
regime vr_h1>0.9: trend(ema50_h1) else fade, 1.0xATR         IS n=  9145 wr= 46.09 | VAL n=  4823 wr= 45.24  (0.1s)
regime vr_h1>0.9: trend(ema50_h1) else fade, 2.0xATR         IS n=  2247 wr= 47.44 | VAL n=  1236 wr= 48.14  (0.1s)
regime vr_h1>0.9: trend(to_twap) else fade, 1.0xATR          IS n=  9164 wr= 45.20 | VAL n=  4943 wr= 45.09  (0.1s)
regime vr_h1>0.9: trend(to_twap) else fade, 2.0xATR          IS n=  2207 wr= 48.44 | VAL n=  1224 wr= 48.61  (0.1s)
regime vr_h1>1.0: trend(ret60) else fade, 1.0xATR            IS n=  9132 wr= 45.42 | VAL n=  4906 wr= 45.33  (0.1s)
regime vr_h1>1.0: trend(ret60) else fade, 2.0xATR            IS n=  2195 wr= 46.42 | VAL n=  1218 wr= 48.69  (0.1s)
regime vr_h1>1.0: trend(ret240) else fade, 1.0xATR           IS n=  9147 wr= 45.36 | VAL n=  4847 wr= 45.29  (0.1s)
regime vr_h1>1.0: trend(ret240) else fade, 2.0xATR           IS n=  2197 wr= 47.93 | VAL n=  1209 wr= 47.39  (0.1s)
regime vr_h1>1.0: trend(ema50_h1) else fade, 1.0xATR         IS n=  9117 wr= 45.89 | VAL n=  4864 wr= 45.54  (0.1s)
regime vr_h1>1.0: trend(ema50_h1) else fade, 2.0xATR         IS n=  2279 wr= 47.61 | VAL n=  1233 wr= 47.04  (0.1s)
regime vr_h1>1.0: trend(to_twap) else fade, 1.0xATR          IS n=  9137 wr= 44.82 | VAL n=  4906 wr= 45.21  (0.1s)
regime vr_h1>1.0: trend(to_twap) else fade, 2.0xATR          IS n=  2209 wr= 46.81 | VAL n=  1223 wr= 48.98  (0.1s)
regime vr_h1>1.1: trend(ret60) else fade, 1.0xATR            IS n=  9113 wr= 45.69 | VAL n=  4904 wr= 45.72  (0.1s)
regime vr_h1>1.1: trend(ret60) else fade, 2.0xATR            IS n=  2200 wr= 46.64 | VAL n=  1229 wr= 48.82  (0.1s)
regime vr_h1>1.1: trend(ret240) else fade, 1.0xATR           IS n=  9105 wr= 45.11 | VAL n=  4863 wr= 45.59  (0.1s)
regime vr_h1>1.1: trend(ret240) else fade, 2.0xATR           IS n=  2183 wr= 47.64 | VAL n=  1228 wr= 48.62  (0.1s)
regime vr_h1>1.1: trend(ema50_h1) else fade, 1.0xATR         IS n=  9149 wr= 45.61 | VAL n=  4897 wr= 46.35  (0.1s)
regime vr_h1>1.1: trend(ema50_h1) else fade, 2.0xATR         IS n=  2258 wr= 47.52 | VAL n=  1226 wr= 48.53  (0.1s)
regime vr_h1>1.1: trend(to_twap) else fade, 1.0xATR          IS n=  9118 wr= 44.89 | VAL n=  4883 wr= 46.00  (0.1s)
regime vr_h1>1.1: trend(to_twap) else fade, 2.0xATR          IS n=  2207 wr= 47.35 | VAL n=  1238 wr= 50.24  (0.1s)
regime hurst_h1>0.5: trend(ret60) else fade, 1.0xATR         IS n=  9115 wr= 46.60 | VAL n=  4901 wr= 45.89  (0.1s)
regime hurst_h1>0.5: trend(ret60) else fade, 2.0xATR         IS n=  2223 wr= 48.18 | VAL n=  1218 wr= 49.10  (0.1s)
regime hurst_h1>0.5: trend(ret240) else fade, 1.0xATR        IS n=  9195 wr= 44.83 | VAL n=  4827 wr= 46.63  (0.1s)
regime hurst_h1>0.5: trend(ret240) else fade, 2.0xATR        IS n=  2223 wr= 46.69 | VAL n=  1217 wr= 48.15  (0.1s)
regime hurst_h1>0.5: trend(ema50_h1) else fade, 1.0xATR      IS n=  9186 wr= 45.40 | VAL n=  4807 wr= 46.08  (0.1s)
regime hurst_h1>0.5: trend(ema50_h1) else fade, 2.0xATR      IS n=  2248 wr= 45.02 | VAL n=  1209 wr= 49.05  (0.1s)
regime hurst_h1>0.5: trend(to_twap) else fade, 1.0xATR       IS n=  9132 wr= 45.30 | VAL n=  4845 wr= 47.16  (0.1s)
regime hurst_h1>0.5: trend(to_twap) else fade, 2.0xATR       IS n=  2228 wr= 47.85 | VAL n=  1222 wr= 49.84  (0.1s)
regime hurst_h1>0.55: trend(ret60) else fade, 1.0xATR        IS n=  9187 wr= 46.67 | VAL n=  4868 wr= 46.24  (0.1s)
regime hurst_h1>0.55: trend(ret60) else fade, 2.0xATR        IS n=  2188 wr= 47.53 | VAL n=  1227 wr= 47.03  (0.1s)
regime hurst_h1>0.55: trend(ret240) else fade, 1.0xATR       IS n=  9157 wr= 45.47 | VAL n=  4830 wr= 45.20  (0.1s)
regime hurst_h1>0.55: trend(ret240) else fade, 2.0xATR       IS n=  2169 wr= 47.40 | VAL n=  1229 wr= 46.87  (0.1s)
regime hurst_h1>0.55: trend(ema50_h1) else fade, 1.0xATR     IS n=  9131 wr= 45.43 | VAL n=  4857 wr= 45.01  (0.1s)
regime hurst_h1>0.55: trend(ema50_h1) else fade, 2.0xATR     IS n=  2204 wr= 46.60 | VAL n=  1252 wr= 45.21  (0.1s)
regime hurst_h1>0.55: trend(to_twap) else fade, 1.0xATR      IS n=  9141 wr= 45.59 | VAL n=  4836 wr= 45.74  (0.1s)
regime hurst_h1>0.55: trend(to_twap) else fade, 2.0xATR      IS n=  2188 wr= 47.71 | VAL n=  1247 wr= 47.63  (0.1s)
regime ac1_m5>-0.05: trend(ret60) else fade, 1.0xATR         IS n=  9168 wr= 45.84 | VAL n=  4844 wr= 45.93  (0.1s)
regime ac1_m5>-0.05: trend(ret60) else fade, 2.0xATR         IS n=  2231 wr= 47.20 | VAL n=  1203 wr= 50.54  (0.1s)
regime ac1_m5>-0.05: trend(ret240) else fade, 1.0xATR        IS n=  9236 wr= 45.99 | VAL n=  4805 wr= 45.97  (0.1s)
regime ac1_m5>-0.05: trend(ret240) else fade, 2.0xATR        IS n=  2230 wr= 48.57 | VAL n=  1211 wr= 48.80  (0.1s)
regime ac1_m5>-0.05: trend(ema50_h1) else fade, 1.0xATR      IS n=  9208 wr= 46.12 | VAL n=  4848 wr= 46.84  (0.1s)
regime ac1_m5>-0.05: trend(ema50_h1) else fade, 2.0xATR      IS n=  2237 wr= 47.65 | VAL n=  1196 wr= 49.58  (0.1s)
regime ac1_m5>-0.05: trend(to_twap) else fade, 1.0xATR       IS n=  9261 wr= 45.41 | VAL n=  4876 wr= 46.37  (0.1s)
regime ac1_m5>-0.05: trend(to_twap) else fade, 2.0xATR       IS n=  2208 wr= 48.19 | VAL n=  1223 wr= 49.30  (0.1s)
regime ac1_m5>0.0: trend(ret60) else fade, 1.0xATR           IS n=  9108 wr= 46.21 | VAL n=  4834 wr= 46.88  (0.1s)
regime ac1_m5>0.0: trend(ret60) else fade, 2.0xATR           IS n=  2248 wr= 47.64 | VAL n=  1185 wr= 49.62  (0.1s)
regime ac1_m5>0.0: trend(ret240) else fade, 1.0xATR          IS n=  9179 wr= 45.63 | VAL n=  4798 wr= 45.81  (0.1s)
regime ac1_m5>0.0: trend(ret240) else fade, 2.0xATR          IS n=  2226 wr= 47.12 | VAL n=  1181 wr= 49.53  (0.1s)
regime ac1_m5>0.0: trend(ema50_h1) else fade, 1.0xATR        IS n=  9204 wr= 45.68 | VAL n=  4892 wr= 46.97  (0.1s)
regime ac1_m5>0.0: trend(ema50_h1) else fade, 2.0xATR        IS n=  2269 wr= 46.76 | VAL n=  1226 wr= 49.43  (0.1s)
regime ac1_m5>0.0: trend(to_twap) else fade, 1.0xATR         IS n=  9160 wr= 45.60 | VAL n=  4847 wr= 46.54  (0.1s)
regime ac1_m5>0.0: trend(to_twap) else fade, 2.0xATR         IS n=  2232 wr= 46.91 | VAL n=  1201 wr= 49.29  (0.1s)
regime ac1_m5>0.05: trend(ret60) else fade, 1.0xATR          IS n=  9121 wr= 46.08 | VAL n=  4878 wr= 48.18  (0.1s)
regime ac1_m5>0.05: trend(ret60) else fade, 2.0xATR          IS n=  2240 wr= 47.95 | VAL n=  1213 wr= 50.04  (0.1s)
regime ac1_m5>0.05: trend(ret240) else fade, 1.0xATR         IS n=  9108 wr= 45.76 | VAL n=  4793 wr= 46.25  (0.1s)
regime ac1_m5>0.05: trend(ret240) else fade, 2.0xATR         IS n=  2229 wr= 47.38 | VAL n=  1232 wr= 50.57  (0.1s)
regime ac1_m5>0.05: trend(ema50_h1) else fade, 1.0xATR       IS n=  9187 wr= 45.75 | VAL n=  4854 wr= 46.00  (0.1s)
regime ac1_m5>0.05: trend(ema50_h1) else fade, 2.0xATR       IS n=  2272 wr= 47.23 | VAL n=  1267 wr= 47.67  (0.1s)
regime ac1_m5>0.05: trend(to_twap) else fade, 1.0xATR        IS n=  9143 wr= 45.67 | VAL n=  4821 wr= 46.57  (0.1s)
regime ac1_m5>0.05: trend(to_twap) else fade, 2.0xATR        IS n=  2238 wr= 47.72 | VAL n=  1230 wr= 49.51  (0.1s)
regime vr_m5>0.9: trend(ret60) else fade, 1.0xATR            IS n=  9092 wr= 45.89 | VAL n=  4862 wr= 46.52  (0.1s)
regime vr_m5>0.9: trend(ret60) else fade, 2.0xATR            IS n=  2252 wr= 46.58 | VAL n=  1220 wr= 48.69  (0.1s)
regime vr_m5>0.9: trend(ret240) else fade, 1.0xATR           IS n=  9152 wr= 45.71 | VAL n=  4862 wr= 46.83  (0.1s)
regime vr_m5>0.9: trend(ret240) else fade, 2.0xATR           IS n=  2217 wr= 46.50 | VAL n=  1208 wr= 48.51  (0.1s)
regime vr_m5>0.9: trend(ema50_h1) else fade, 1.0xATR         IS n=  9164 wr= 46.42 | VAL n=  4921 wr= 46.78  (0.1s)
regime vr_m5>0.9: trend(ema50_h1) else fade, 2.0xATR         IS n=  2226 wr= 46.90 | VAL n=  1229 wr= 50.37  (0.1s)
regime vr_m5>0.9: trend(to_twap) else fade, 1.0xATR          IS n=  9162 wr= 45.39 | VAL n=  4902 wr= 46.94  (0.1s)
regime vr_m5>0.9: trend(to_twap) else fade, 2.0xATR          IS n=  2216 wr= 46.89 | VAL n=  1215 wr= 47.57  (0.1s)
regime vr_m5>1.0: trend(ret60) else fade, 1.0xATR            IS n=  9160 wr= 46.22 | VAL n=  4844 wr= 46.33  (0.1s)
regime vr_m5>1.0: trend(ret60) else fade, 2.0xATR            IS n=  2248 wr= 46.57 | VAL n=  1211 wr= 50.12  (0.1s)
regime vr_m5>1.0: trend(ret240) else fade, 1.0xATR           IS n=  9135 wr= 45.74 | VAL n=  4853 wr= 46.26  (0.1s)
regime vr_m5>1.0: trend(ret240) else fade, 2.0xATR           IS n=  2213 wr= 46.09 | VAL n=  1235 wr= 50.69  (0.1s)
regime vr_m5>1.0: trend(ema50_h1) else fade, 1.0xATR         IS n=  9151 wr= 46.42 | VAL n=  4891 wr= 46.25  (0.1s)
regime vr_m5>1.0: trend(ema50_h1) else fade, 2.0xATR         IS n=  2217 wr= 47.36 | VAL n=  1244 wr= 49.12  (0.1s)
regime vr_m5>1.0: trend(to_twap) else fade, 1.0xATR          IS n=  9140 wr= 45.70 | VAL n=  4865 wr= 46.95  (0.1s)
regime vr_m5>1.0: trend(to_twap) else fade, 2.0xATR          IS n=  2209 wr= 46.54 | VAL n=  1232 wr= 50.49  (0.1s)
regime atr_ratio>0.9: trend(ret60) else fade, 1.0xATR        IS n=  9223 wr= 46.70 | VAL n=  4947 wr= 46.57  (0.1s)
regime atr_ratio>0.9: trend(ret60) else fade, 2.0xATR        IS n=  2189 wr= 47.51 | VAL n=  1198 wr= 47.50  (0.1s)
regime atr_ratio>0.9: trend(ret240) else fade, 1.0xATR       IS n=  9214 wr= 46.24 | VAL n=  4877 wr= 46.40  (0.1s)
regime atr_ratio>0.9: trend(ret240) else fade, 2.0xATR       IS n=  2213 wr= 47.76 | VAL n=  1189 wr= 48.44  (0.1s)
regime atr_ratio>0.9: trend(ema50_h1) else fade, 1.0xATR     IS n=  9186 wr= 46.04 | VAL n=  4868 wr= 47.58  (0.1s)
regime atr_ratio>0.9: trend(ema50_h1) else fade, 2.0xATR     IS n=  2213 wr= 48.67 | VAL n=  1208 wr= 48.76  (0.1s)
regime atr_ratio>0.9: trend(to_twap) else fade, 1.0xATR      IS n=  9179 wr= 46.45 | VAL n=  4902 wr= 46.33  (0.1s)
regime atr_ratio>0.9: trend(to_twap) else fade, 2.0xATR      IS n=  2188 wr= 48.17 | VAL n=  1175 wr= 47.40  (0.1s)
regime atr_ratio>1.1: trend(ret60) else fade, 1.0xATR        IS n=  9097 wr= 46.81 | VAL n=  4908 wr= 47.25  (0.1s)
regime atr_ratio>1.1: trend(ret60) else fade, 2.0xATR        IS n=  2163 wr= 47.71 | VAL n=  1234 wr= 48.95  (0.1s)
regime atr_ratio>1.1: trend(ret240) else fade, 1.0xATR       IS n=  9194 wr= 45.63 | VAL n=  4872 wr= 46.22  (0.1s)
regime atr_ratio>1.1: trend(ret240) else fade, 2.0xATR       IS n=  2133 wr= 46.55 | VAL n=  1221 wr= 49.22  (0.1s)
regime atr_ratio>1.1: trend(ema50_h1) else fade, 1.0xATR     IS n=  9223 wr= 46.72 | VAL n=  4882 wr= 46.99  (0.1s)
regime atr_ratio>1.1: trend(ema50_h1) else fade, 2.0xATR     IS n=  2192 wr= 49.73 | VAL n=  1207 wr= 48.47  (0.1s)
regime atr_ratio>1.1: trend(to_twap) else fade, 1.0xATR      IS n=  9184 wr= 46.01 | VAL n=  4860 wr= 46.56  (0.1s)
regime atr_ratio>1.1: trend(to_twap) else fade, 2.0xATR      IS n=  2131 wr= 47.72 | VAL n=  1217 wr= 48.40  (0.1s)
regime atr_ratio>1.3: trend(ret60) else fade, 1.0xATR        IS n=  9149 wr= 46.32 | VAL n=  4911 wr= 47.10  (0.1s)
regime atr_ratio>1.3: trend(ret60) else fade, 2.0xATR        IS n=  2208 wr= 47.55 | VAL n=  1217 wr= 47.82  (0.1s)
regime atr_ratio>1.3: trend(ret240) else fade, 1.0xATR       IS n=  9179 wr= 45.68 | VAL n=  4864 wr= 45.66  (0.1s)
regime atr_ratio>1.3: trend(ret240) else fade, 2.0xATR       IS n=  2177 wr= 47.63 | VAL n=  1211 wr= 47.89  (0.1s)
regime atr_ratio>1.3: trend(ema50_h1) else fade, 1.0xATR     IS n=  9138 wr= 46.63 | VAL n=  4863 wr= 45.94  (0.1s)
regime atr_ratio>1.3: trend(ema50_h1) else fade, 2.0xATR     IS n=  2210 wr= 49.37 | VAL n=  1215 wr= 46.58  (0.1s)
regime atr_ratio>1.3: trend(to_twap) else fade, 1.0xATR      IS n=  9194 wr= 46.03 | VAL n=  4857 wr= 46.22  (0.1s)
regime atr_ratio>1.3: trend(to_twap) else fade, 2.0xATR      IS n=  2168 wr= 47.51 | VAL n=  1217 wr= 48.56  (0.1s)

Top 15 by IS wr (n>=300):
                                                         name   nIS   wrIS  nVAL  wrVAL
10               prevday toward-farther dist=far(floor2.0ATR)   447  51.23   364  52.20
111                        POC away dist=|c-POC|(floor2.0ATR)   437  50.80   262  53.44
82             valueArea toward-farther dist=far(floor2.0ATR)   687  50.51   425  51.29
159         regime er_h1>0.2: trend(ret60) else fade, 2.0xATR  2176  50.32  1225  48.08
155                                  0.8% of price, dir=rev60  1039  50.05   422  45.50
157                                   0.8% of price, dir=long  1062  49.91   425  54.12
275  regime atr_ratio>1.1: trend(ema50_h1) else fade, 2.0xATR  2192  49.73  1207  48.47
69            round50 away-from-nearer dist=near(floor2.0ATR)  1169  49.70   574  50.52
156                               0.8% of price, dir=rev_twap  1047  49.67   426  45.54
121                     Asia size x1.5, side = above-mid long  1071  49.58   550  51.45
177        regime er_h1>0.4: trend(ret240) else fade, 2.0xATR  2137  49.42  1202  48.25
23              dayHL away-from-farther dist=far(floor2.0ATR)   332  49.40   229  51.09
283  regime atr_ratio>1.3: trend(ema50_h1) else fade, 2.0xATR  2210  49.37  1215  46.58
181       regime er_h1>0.4: trend(to_twap) else fade, 2.0xATR  2160  49.31  1212  50.17
8                prevday toward-nearer dist=near(floor2.0ATR)   625  49.28   342  44.44

Top 15 by VAL wr (n>=300) [info only]:
                                                  name   nIS   wrIS  nVAL  wrVAL
157                            0.8% of price, dir=long  1062  49.91   425  54.12
46           asia toward-farther dist=far(floor2.0ATR)   895  49.27   583  53.86
9      prevday away-from-nearer dist=near(floor2.0ATR)   684  48.83   320  53.12
81   valueArea away-from-nearer dist=near(floor2.0ATR)   975  47.08   408  52.70
153                         0.8% of price, dir=ema50h4  1019  48.28   429  52.45
10        prevday toward-farther dist=far(floor2.0ATR)   447  51.23   364  52.20
33   fractalH1 away-from-nearer dist=near(floor2.0ATR)  1017  48.28   424  52.12
152                         0.8% of price, dir=mom1440  1023  49.07   433  51.50
121              Asia size x1.5, side = above-mid long  1071  49.58   550  51.45
150                            0.5% of price, dir=long  2531  48.72  1050  51.43
34      fractalH1 toward-farther dist=far(floor2.0ATR)   766  48.17   543  51.38
82      valueArea toward-farther dist=far(floor2.0ATR)   687  50.51   425  51.29
101                                POC away dist=2xATR  2211  48.35  1178  51.19
115                                POC away dist=2xATR  2211  48.35  1178  51.19
108                                POC away dist=2xATR  2211  48.35  1178  51.19
candidates: 286
